2024-04-22 14:58:20.631 792-1230/? D/ConnectivityService: returning getActiveNetworkInfo :[type: WIFI[] - WIFI, state: CONNECTED/CONNECTED, reason: (unspecified), extra: "Doodle", roaming: false, failover: false, isAvailable: true, isConnectedToProvisioningNetwork: false]
2024-04-22 14:58:20.701 792-1672/? D/ActivityManager: bindService callerProcessName:com.google.android.gms, calleePkgName: com.google.android.gms, action: com.google.android.chimera.BoundService.START
2024-04-22 14:58:20.711 2287-2287/? D/BoundBrokerSvc: onBind: Intent { act=com.google.android.location.geofencer.service.RandomDailyTaskSchedulerService.ACTION_TASK_READY dat=chimera-action: cmp=com.google.android.gms/.chimera.GmsInternalBoundBrokerService }
2024-04-22 14:58:20.711 2287-2287/? D/BoundBrokerSvc: Loading bound service for intent: Intent { act=com.google.android.location.geofencer.service.RandomDailyTaskSchedulerService.ACTION_TASK_READY dat=chimera-action: cmp=com.google.android.gms/.chimera.GmsInternalBoundBrokerService }
2024-04-22 14:58:20.711 257-546/? E/Vold: Failed to find mounted volume for /storage/extSdCard/Android/data/com.google.android.gms/files/
2024-04-22 14:58:20.711 257-546/? W/Vold: Returning OperationFailed - no handler for errno 0
2024-04-22 14:58:20.721 2287-16119/? W/ContextImpl: Failed to ensure directory: /storage/extSdCard/Android/data/com.google.android.gms/files
2024-04-22 14:58:20.721 1876-15893/? I/NetworkScheduler.Stats: (REDACTED) Task %s/%s started execution. cause:%s exec_start_elapsed_seconds: %s
2024-04-22 14:58:20.721 2287-16119/? W/ContextImpl: Failed to ensure directory: /storage/extSdCard/Android/data/com.google.android.gms/files
2024-04-22 14:58:20.721 257-546/? E/Vold: Failed to find mounted volume for /storage/extSdCard/Android/data/com.google.android.gms/files/
2024-04-22 14:58:20.721 257-546/? W/Vold: Returning OperationFailed - no handler for errno 0
2024-04-22 14:58:20.751 1876-1876/? D/BoundBrokerSvc: onBind: Intent { act=com.google.android.gms.phenotype.service.START dat=chimera-action: cmp=com.google.android.gms/.chimera.PersistentApiService }
2024-04-22 14:58:20.751 1876-1876/? D/BoundBrokerSvc: Loading bound service for intent: Intent { act=com.google.android.gms.phenotype.service.START dat=chimera-action: cmp=com.google.android.gms/.chimera.PersistentApiService }
2024-04-22 14:58:20.751 792-1230/? D/ActivityManager: bindService callerProcessName:com.google.android.gms, calleePkgName: com.google.android.gms, action: com.google.android.chimera.BoundService.START
2024-04-22 14:58:20.761 1876-16264/? I/NetworkScheduler.Stats: (REDACTED) Task %s/%s finished executing. cause:%s result: %s elapsed_millis: %s uptime_millis: %s exec_start_elapsed_seconds: %s
2024-04-22 14:58:20.761 2287-2287/? D/BoundBrokerSvc: onUnbind: Intent { act=com.google.android.location.geofencer.service.RandomDailyTaskSchedulerService.ACTION_TASK_READY dat=chimera-action: cmp=com.google.android.gms/.chimera.GmsInternalBoundBrokerService }
2024-04-22 14:58:20.791 1876-2254/? I/PhenotypeDbUpgradeHelpe: (REDACTED) onUpgrade %d to %d, isDeviceEncrypted %b
2024-04-22 14:58:20.791 1876-2254/? I/PhenotypeDbUpgradeHelpe: Add declarativeRegistrationInfo column to Packages table. [CONTEXT service_id=51 ]
2024-04-22 14:58:20.791 1876-2254/? E/SQLiteLog: (1) duplicate column name: declarativeRegistrationInfo
2024-04-22 14:58:20.791 792-1459/? D/ConnectivityService: returning getActiveNetworkInfo :[type: WIFI[] - WIFI, state: CONNECTED/CONNECTED, reason: (unspecified), extra: "Doodle", roaming: false, failover: false, isAvailable: true, isConnectedToProvisioningNetwork: false]
2024-04-22 14:58:20.801 1876-2254/? I/PhenotypeDbUpgradeHelpe: (REDACTED) onUpgrade %d to %d, isDeviceEncrypted %b
2024-04-22 14:58:20.801 1876-2254/? I/PhenotypeDbUpgradeHelpe: Add declarativeRegistrationInfo column to Packages table. [CONTEXT service_id=51 ]
2024-04-22 14:58:20.801 1876-2254/? E/SQLiteLog: (1) duplicate column name: declarativeRegistrationInfo
2024-04-22 14:58:20.811 1876-2254/? E/bnea: Phenotype ceDatabase integrity check failed [CONTEXT service_id=51 ]
    android.database.sqlite.SQLiteException: duplicate column name: declarativeRegistrationInfo (code 1): , while compiling: ALTER TABLE Packages ADD COLUMN declarativeRegistrationInfo BLOB DEFAULT NULL;
        at android.database.sqlite.SQLiteConnection.nativePrepareStatement(Native Method)
        at android.database.sqlite.SQLiteConnection.acquirePreparedStatement(SQLiteConnection.java:1093)
        at android.database.sqlite.SQLiteConnection.prepare(SQLiteConnection.java:670)
        at android.database.sqlite.SQLiteSession.prepare(SQLiteSession.java:588)
        at android.database.sqlite.SQLiteProgram.<init>(SQLiteProgram.java:59)
        at android.database.sqlite.SQLiteStatement.<init>(SQLiteStatement.java:31)
        at android.database.sqlite.SQLiteDatabase.executeSql(SQLiteDatabase.java:1798)
        at android.database.sqlite.SQLiteDatabase.execSQL(SQLiteDatabase.java:1729)
        at bncf.n(:com.google.android.gms@241319003@24.13.19 (020308-626168189):1820)
        at bncf.k(:com.google.android.gms@241319003@24.13.19 (020308-626168189):230)
        at bncf.d(:com.google.android.gms@241319003@24.13.19 (020308-626168189):1)
        at bnea.l(:com.google.android.gms@241319003@24.13.19 (020308-626168189):117)
        at bnea.h(:com.google.android.gms@241319003@24.13.19 (020308-626168189):79)
        at bnea.f(:com.google.android.gms@241319003@24.13.19 (020308-626168189):13)
        at awta.gW(:com.google.android.gms@241319003@24.13.19 (020308-626168189):1)
        at awtj.run(:com.google.android.gms@241319003@24.13.19 (020308-626168189):97)
        at cpaz.run(:com.google.android.gms@241319003@24.13.19 (020308-626168189):21)
        at adgn.c(:com.google.android.gms@241319003@24.13.19 (020308-626168189):50)
        at adgn.run(:com.google.android.gms@241319003@24.13.19 (020308-626168189):76)
        at java.util.concurrent.ThreadPoolExecutor.runWorker(ThreadPoolExecutor.java:1112)
        at java.util.concurrent.ThreadPoolExecutor$Worker.run(ThreadPoolExecutor.java:587)
        at adlt.run(:com.google.android.gms@241319003@24.13.19 (020308-626168189):8)
        at java.lang.Thread.run(Thread.java:818)
2024-04-22 14:58:20.811 1876-2254/? E/bnea: Phenotype API error. Event: # dknw@4523bd44, EventCode: COMMIT_CONFIG [CONTEXT service_id=51 ]
    android.database.sqlite.SQLiteException: duplicate column name: declarativeRegistrationInfo (code 1): , while compiling: ALTER TABLE Packages ADD COLUMN declarativeRegistrationInfo BLOB DEFAULT NULL;
        at android.database.sqlite.SQLiteConnection.nativePrepareStatement(Native Method)
        at android.database.sqlite.SQLiteConnection.acquirePreparedStatement(SQLiteConnection.java:1093)
        at android.database.sqlite.SQLiteConnection.prepare(SQLiteConnection.java:670)
        at android.database.sqlite.SQLiteSession.prepare(SQLiteSession.java:588)
        at android.database.sqlite.SQLiteProgram.<init>(SQLiteProgram.java:59)
        at android.database.sqlite.SQLiteStatement.<init>(SQLiteStatement.java:31)
        at android.database.sqlite.SQLiteDatabase.executeSql(SQLiteDatabase.java:1798)
        at android.database.sqlite.SQLiteDatabase.execSQL(SQLiteDatabase.java:1729)
        at bncf.n(:com.google.android.gms@241319003@24.13.19 (020308-626168189):1820)
        at bncf.k(:com.google.android.gms@241319003@24.13.19 (020308-626168189):230)
        at bncf.a(:com.google.android.gms@241319003@24.13.19 (020308-626168189):3)
        at bned.a(:com.google.android.gms@241319003@24.13.19 (020308-626168189):11)
        at bnec.i(:com.google.android.gms@241319003@24.13.19 (020308-626168189):3)
        at bnea.h(:com.google.android.gms@241319003@24.13.19 (020308-626168189):14)
        at bnea.f(:com.google.android.gms@241319003@24.13.19 (020308-626168189):13)
        at awta.gW(:com.google.android.gms@241319003@24.13.19 (020308-626168189):1)
        at awtj.run(:com.google.android.gms@241319003@24.13.19 (020308-626168189):97)
        at cpaz.run(:com.google.android.gms@241319003@24.13.19 (020308-626168189):21)
        at adgn.c(:com.google.android.gms@241319003@24.13.19 (020308-626168189):50)
        at adgn.run(:com.google.android.gms@241319003@24.13.19 (020308-626168189):76)
        at java.util.concurrent.ThreadPoolExecutor.runWorker(ThreadPoolExecutor.java:1112)
        at java.util.concurrent.ThreadPoolExecutor$Worker.run(ThreadPoolExecutor.java:587)
        at adlt.run(:com.google.android.gms@241319003@24.13.19 (020308-626168189):8)
        at java.lang.Thread.run(Thread.java:818)
2024-04-22 14:58:20.821 1876-1876/? D/BoundBrokerSvc: onBind: Intent { act=com.google.android.gms.facs.cache.service.START dat=chimera-action: cmp=com.google.android.gms/.chimera.PersistentApiService }
2024-04-22 14:58:20.821 1876-1876/? D/BoundBrokerSvc: Loading bound service for intent: Intent { act=com.google.android.gms.facs.cache.service.START dat=chimera-action: cmp=com.google.android.gms/.chimera.PersistentApiService }
2024-04-22 14:58:20.821 792-1323/? D/ActivityManager: bindService callerProcessName:com.google.android.gms, calleePkgName: com.google.android.gms, action: com.google.android.chimera.BoundService.START
2024-04-22 14:58:20.831 1876-5681/? I/FacsCacheGmsModule: (REDACTED) Receiving API connection to FACS API from package '%s'...
2024-04-22 14:58:20.831 1876-5681/? I/FacsCacheGmsModule: API connection successful!
2024-04-22 14:58:20.831 1876-2357/? I/FacsCacheGmsModule: (REDACTED) Received 'readDeviceLevelSettings' request from package '%s'...
2024-04-22 14:58:20.831 1876-2357/? I/FacsCacheGmsModule: Operation 'readDeviceLevelSettings' dispatched!
2024-04-22 14:58:20.831 1876-15893/? I/FacsCacheGmsModule: (REDACTED) Executing operation '%s'...
2024-04-22 14:58:20.831 1876-16264/? I/PhenotypeDbUpgradeHelpe: (REDACTED) onUpgrade %d to %d, isDeviceEncrypted %b
2024-04-22 14:58:20.831 1876-16264/? I/PhenotypeDbUpgradeHelpe: Add declarativeRegistrationInfo column to Packages table. [CONTEXT service_id=51 ]
2024-04-22 14:58:20.831 1876-16264/? E/SQLiteLog: (1) duplicate column name: declarativeRegistrationInfo
2024-04-22 14:58:20.841 1876-15893/? I/FacsCacheGmsModule: (REDACTED) Operation '%s' successful!
2024-04-22 14:58:20.841 2287-16119/? I/GmsCoreXrpcWrapper: (REDACTED) Returning a channel provider with trafficStatsTag=%d trafficStatsUid=%d
2024-04-22 14:58:20.841 2287-2287/? D/BoundBrokerSvc: onBind: Intent { act=com.google.android.gms.facs.internal.service.START dat=chimera-action: cmp=com.google.android.gms/.chimera.GmsInternalApiService }
2024-04-22 14:58:20.841 2287-2287/? D/BoundBrokerSvc: Loading bound service for intent: Intent { act=com.google.android.gms.facs.internal.service.START dat=chimera-action: cmp=com.google.android.gms/.chimera.GmsInternalApiService }
2024-04-22 14:58:20.841 792-810/? D/ActivityManager: bindService callerProcessName:com.google.android.gms, calleePkgName: com.google.android.gms, action: com.google.android.chimera.BoundService.START
2024-04-22 14:58:20.851 1876-16264/? I/PhenotypeDbUpgradeHelpe: (REDACTED) onUpgrade %d to %d, isDeviceEncrypted %b
2024-04-22 14:58:20.851 1876-16264/? I/PhenotypeDbUpgradeHelpe: Add declarativeRegistrationInfo column to Packages table. [CONTEXT service_id=51 ]
2024-04-22 14:58:20.851 1876-16264/? E/SQLiteLog: (1) duplicate column name: declarativeRegistrationInfo
2024-04-22 14:58:20.851 2287-5879/? I/FacsCacheGmsModule: Receiving API connection to internal FACS API...
2024-04-22 14:58:20.851 2287-5879/? I/FacsCacheGmsModule: API connection successful!
2024-04-22 14:58:20.861 792-1323/? D/ActivityManager: bindService callerProcessName:com.google.android.gms, calleePkgName: com.google.android.gms, action: com.google.android.chimera.BoundService.START
2024-04-22 14:58:20.871 2287-2287/? D/BoundBrokerSvc: onBind: Intent { act=com.google.android.gms.common.stats.AvailabilityFilesCleanupTask.ACTION_TASK_READY dat=chimera-action: cmp=com.google.android.gms/.chimera.GmsInternalBoundBrokerService }
2024-04-22 14:58:20.871 2287-2287/? D/BoundBrokerSvc: Loading bound service for intent: Intent { act=com.google.android.gms.common.stats.AvailabilityFilesCleanupTask.ACTION_TASK_READY dat=chimera-action: cmp=com.google.android.gms/.chimera.GmsInternalBoundBrokerService }
2024-04-22 14:58:20.871 1876-16264/? I/NetworkScheduler.Stats: (REDACTED) Task %s/%s started execution. cause:%s exec_start_elapsed_seconds: %s
2024-04-22 14:58:20.871 1876-1876/? D/BoundBrokerSvc: onBind: Intent { act=com.google.android.gms.auth.account.workaccount.START dat=chimera-action: cmp=com.google.android.gms/.chimera.PersistentApiService }
2024-04-22 14:58:20.871 1876-1876/? D/BoundBrokerSvc: Loading bound service for intent: Intent { act=com.google.android.gms.auth.account.workaccount.START dat=chimera-action: cmp=com.google.android.gms/.chimera.PersistentApiService }
2024-04-22 14:58:20.871 792-1383/? D/ActivityManager: bindService callerProcessName:com.google.android.gms, calleePkgName: com.google.android.gms, action: com.google.android.chimera.BoundService.START
2024-04-22 14:58:20.901 2287-2287/? D/BoundBrokerSvc: onUnbind: Intent { act=com.google.android.gms.common.stats.AvailabilityFilesCleanupTask.ACTION_TASK_READY dat=chimera-action: cmp=com.google.android.gms/.chimera.GmsInternalBoundBrokerService }
2024-04-22 14:58:20.901 1876-16291/? I/NetworkScheduler.Stats: (REDACTED) Task %s/%s finished executing. cause:%s result: %s elapsed_millis: %s uptime_millis: %s exec_start_elapsed_seconds: %s
2024-04-22 14:58:20.921 792-1596/? D/ConnectivityService: returning getActiveNetworkInfo :[type: WIFI[] - WIFI, state: CONNECTED/CONNECTED, reason: (unspecified), extra: "Doodle", roaming: false, failover: false, isAvailable: true, isConnectedToProvisioningNetwork: false]
2024-04-22 14:58:20.971 792-4169/? D/ActivityManager: bindService callerProcessName:com.google.android.gms, calleePkgName: com.google.android.gms, action: com.google.android.chimera.BoundService.START
2024-04-22 14:58:20.981 1876-1876/? D/BoundBrokerSvc: onBind: Intent { act=com.google.android.gms.libs.gmscorelogger.GmsCoreLoggerFilesCleanupTask.ACTION_TASK_READY dat=chimera-action: cmp=com.google.android.gms/.chimera.PersistentInternalBoundBrokerService }
2024-04-22 14:58:20.981 1876-1876/? D/BoundBrokerSvc: Loading bound service for intent: Intent { act=com.google.android.gms.libs.gmscorelogger.GmsCoreLoggerFilesCleanupTask.ACTION_TASK_READY dat=chimera-action: cmp=com.google.android.gms/.chimera.PersistentInternalBoundBrokerService }
2024-04-22 14:58:20.981 1876-16290/? I/NetworkScheduler.Stats: (REDACTED) Task %s/%s started execution. cause:%s exec_start_elapsed_seconds: %s
2024-04-22 14:58:20.991 1876-1876/? D/BoundBrokerSvc: onUnbind: Intent { act=com.google.android.gms.libs.gmscorelogger.GmsCoreLoggerFilesCleanupTask.ACTION_TASK_READY dat=chimera-action: cmp=com.google.android.gms/.chimera.PersistentInternalBoundBrokerService }
2024-04-22 14:58:20.991 1876-16264/? I/NetworkScheduler.Stats: (REDACTED) Task %s/%s finished executing. cause:%s result: %s elapsed_millis: %s uptime_millis: %s exec_start_elapsed_seconds: %s
2024-04-22 14:58:21.001 792-4168/? D/ConnectivityService: returning getActiveNetworkInfo :[type: WIFI[] - WIFI, state: CONNECTED/CONNECTED, reason: (unspecified), extra: "Doodle", roaming: false, failover: false, isAvailable: true, isConnectedToProvisioningNetwork: false]
2024-04-22 14:58:21.051 2287-2287/? D/BoundBrokerSvc: onBind: Intent { act=com.google.android.gms.thunderbird.ThunderbirdSchedulerService.ACTION_TASK_READY dat=chimera-action: cmp=com.google.android.gms/.chimera.GmsInternalBoundBrokerService }
2024-04-22 14:58:21.051 2287-2287/? D/BoundBrokerSvc: Loading bound service for intent: Intent { act=com.google.android.gms.thunderbird.ThunderbirdSchedulerService.ACTION_TASK_READY dat=chimera-action: cmp=com.google.android.gms/.chimera.GmsInternalBoundBrokerService }
2024-04-22 14:58:21.051 792-1364/? D/ActivityManager: bindService callerProcessName:com.google.android.gms, calleePkgName: com.google.android.gms, action: com.google.android.chimera.BoundService.START
2024-04-22 14:58:21.061 1876-16290/? I/NetworkScheduler.Stats: (REDACTED) Task %s/%s started execution. cause:%s exec_start_elapsed_seconds: %s
2024-04-22 14:58:21.061 792-1349/? D/ActivityManager: bindService callerProcessName:com.google.android.gms, calleePkgName: com.google.android.gms, action: com.google.android.chimera.BoundService.START
2024-04-22 14:58:21.071 300-15323/? I/OMXCodec: [OMX.google.vorbis.decoder] End Of Stream
2024-04-22 14:58:21.071 300-15623/? I/AudioPlayer: getNumFramesPendingPlayout() mNumFramesPlayed (3023496), numFramesPlayedOut (3021652)
2024-04-22 14:58:21.071 300-15623/? V/AwesomePlayer: postAudioEOS delayUs (213242)
2024-04-22 14:58:21.071 300-15321/? V/AwesomePlayer: onCheckAudioStatus
2024-04-22 14:58:21.071 300-15321/? V/AwesomePlayer: onCheckAudioStatus() set AUDIO_AT_EOS flag
2024-04-22 14:58:21.071 300-15321/? V/AwesomePlayer: onStreamDone
2024-04-22 14:58:21.071 300-15321/? V/AwesomePlayer: notifyListner_l() msg (7-MEDIA_PAUSED), ext1 (0), ext2 (0)
2024-04-22 14:58:21.071 300-15321/? V/MediaPlayerService: [3] notify (0xb185dc80, 7, 0, 0)
2024-04-22 14:58:21.071 300-15321/? V/AudioSink: pause
2024-04-22 14:58:21.071 300-15321/? V/AudioSink: flush
2024-04-22 14:58:21.071 300-15321/? V/AudioSink: start
2024-04-22 14:58:21.071 15043-15056/? V/MediaPlayer: message received msg=7, ext1=0, ext2=0
2024-04-22 14:58:21.071 15043-15056/? V/MediaPlayer: unrecognized message: (7, 0, 0)
2024-04-22 14:58:21.071 15043-15056/? V/MediaPlayer: callback application
2024-04-22 14:58:21.071 15043-15056/? V/MediaPlayer: back from callback
2024-04-22 14:58:21.071 15043-15043/? V/MediaPlayer-JNI: getCurrentPosition: 0 (msec)
2024-04-22 14:58:21.071 300-15623/? V/AwesomePlayer: postAudioSeekComplete
2024-04-22 14:58:21.071 300-15321/? V/AwesomePlayer: onCheckAudioStatus
2024-04-22 14:58:21.071 300-15321/? V/AwesomePlayer: onCheckAudioStatus() MEDIA_SEEK_COMPLETE
2024-04-22 14:58:21.071 300-15321/? V/AwesomePlayer: notifyListner_l() msg (4-MEDIA_SEEK_COMPLETE), ext1 (0), ext2 (0)
2024-04-22 14:58:21.071 300-15321/? V/MediaPlayerService: [3] notify (0xb185dc80, 4, 0, 0)
2024-04-22 14:58:21.071 300-15321/? V/AwesomePlayer: notifyListner_l() msg (6-MEDIA_STARTED), ext1 (0), ext2 (0)
2024-04-22 14:58:21.071 300-15321/? V/MediaPlayerService: [3] notify (0xb185dc80, 6, 0, 0)
2024-04-22 14:58:21.071 15043-15054/? V/MediaPlayer: message received msg=4, ext1=0, ext2=0
2024-04-22 14:58:21.081 15043-15043/? V/MediaPlayer-JNI: isPlaying: 1
2024-04-22 14:58:21.081 15043-15054/? V/MediaPlayer: Received seek complete
2024-04-22 14:58:21.081 15043-15054/? V/MediaPlayer: All seeks complete - return to regularly scheduled program
2024-04-22 14:58:21.081 15043-15054/? V/MediaPlayer: callback application
2024-04-22 14:58:21.081 15043-15054/? V/MediaPlayer: back from callback
2024-04-22 14:58:21.081 15043-15054/? V/MediaPlayer: message received msg=6, ext1=0, ext2=0
2024-04-22 14:58:21.081 15043-15043/? V/MediaPlayer-JNI: getCurrentPosition: 22 (msec)
2024-04-22 14:58:21.081 15043-15043/? V/MediaPlayer-JNI: isPlaying: 1
2024-04-22 14:58:21.081 15043-15054/? V/MediaPlayer: Received MEDIA_STARTED
2024-04-22 14:58:21.081 15043-15054/? V/MediaPlayer: callback application
2024-04-22 14:58:21.081 15043-15054/? V/MediaPlayer: back from callback
2024-04-22 14:58:21.081 15043-15043/? V/MediaPlayer-JNI: getCurrentPosition: 22 (msec)
2024-04-22 14:58:21.081 15043-15043/? V/MediaPlayer-JNI: isPlaying: 1
2024-04-22 14:58:21.091 300-15623/? E/AudioSink: received unknown event type: 1 inside CallbackWrapper !
2024-04-22 14:58:21.091 2287-2287/? D/BoundBrokerSvc: onUnbind: Intent { act=com.google.android.gms.thunderbird.ThunderbirdSchedulerService.ACTION_TASK_READY dat=chimera-action: cmp=com.google.android.gms/.chimera.GmsInternalBoundBrokerService }
2024-04-22 14:58:21.091 1876-16264/? I/NetworkScheduler.Stats: (REDACTED) Task %s/%s finished executing. cause:%s result: %s elapsed_millis: %s uptime_millis: %s exec_start_elapsed_seconds: %s
2024-04-22 14:58:21.111 792-811/? D/ConnectivityService: returning getActiveNetworkInfo :[type: WIFI[] - WIFI, state: CONNECTED/CONNECTED, reason: (unspecified), extra: "Doodle", roaming: false, failover: false, isAvailable: true, isConnectedToProvisioningNetwork: false]
2024-04-22 14:58:21.161 1876-1876/? D/BoundBrokerSvc: onBind: Intent { act=com.google.android.contextmanager.service.ContextManagerLogsUploadBoundService.ACTION_TASK_READY dat=chimera-action: cmp=com.google.android.gms/.chimera.PersistentInternalBoundBrokerService }
2024-04-22 14:58:21.161 1876-1876/? D/BoundBrokerSvc: Loading bound service for intent: Intent { act=com.google.android.contextmanager.service.ContextManagerLogsUploadBoundService.ACTION_TASK_READY dat=chimera-action: cmp=com.google.android.gms/.chimera.PersistentInternalBoundBrokerService }
2024-04-22 14:58:21.161 1876-16290/? I/NetworkScheduler.Stats: (REDACTED) Task %s/%s started execution. cause:%s exec_start_elapsed_seconds: %s
2024-04-22 14:58:21.161 792-1740/? D/ActivityManager: bindService callerProcessName:com.google.android.gms, calleePkgName: com.google.android.gms, action: com.google.android.chimera.BoundService.START
2024-04-22 14:58:21.171 1876-1876/? D/BoundBrokerSvc: onUnbind: Intent { act=com.google.android.contextmanager.service.ContextManagerLogsUploadBoundService.ACTION_TASK_READY dat=chimera-action: cmp=com.google.android.gms/.chimera.PersistentInternalBoundBrokerService }
2024-04-22 14:58:21.171 1876-15893/? I/NetworkScheduler.Stats: (REDACTED) Task %s/%s finished executing. cause:%s result: %s elapsed_millis: %s uptime_millis: %s exec_start_elapsed_seconds: %s
2024-04-22 14:58:21.181 792-1323/? D/ActivityManager: bindService callerProcessName:com.google.android.gms, calleePkgName: com.google.android.gms, action: com.google.android.chimera.BoundService.START
2024-04-22 14:58:21.191 792-4168/? D/ConnectivityService: returning getActiveNetworkInfo :[type: WIFI[] - WIFI, state: CONNECTED/CONNECTED, reason: (unspecified), extra: "Doodle", roaming: false, failover: false, isAvailable: true, isConnectedToProvisioningNetwork: false]
2024-04-22 14:58:21.251 792-2866/? D/ActivityManager: bindService callerProcessName:com.google.android.gms, calleePkgName: com.google.android.gms, action: com.google.android.gms.gcm.ACTION_TASK_READY
2024-04-22 14:58:21.281 1876-15893/? I/NetworkScheduler.Stats: (REDACTED) Task %s/%s started execution. cause:%s exec_start_elapsed_seconds: %s
2024-04-22 14:58:21.311 1876-6769/? I/PhenotypeDbUpgradeHelpe: (REDACTED) onUpgrade %d to %d, isDeviceEncrypted %b
2024-04-22 14:58:21.311 1876-6769/? I/PhenotypeDbUpgradeHelpe: Add declarativeRegistrationInfo column to Packages table. [CONTEXT service_id=51 ]
2024-04-22 14:58:21.311 1876-6769/? E/SQLiteLog: (1) duplicate column name: declarativeRegistrationInfo
2024-04-22 14:58:21.321 1876-6769/? I/PhenotypeDbUpgradeHelpe: (REDACTED) onUpgrade %d to %d, isDeviceEncrypted %b
2024-04-22 14:58:21.321 1876-6769/? I/PhenotypeDbUpgradeHelpe: Add declarativeRegistrationInfo column to Packages table. [CONTEXT service_id=51 ]
2024-04-22 14:58:21.321 1876-6769/? E/SQLiteLog: (1) duplicate column name: declarativeRegistrationInfo
2024-04-22 14:58:21.321 1876-6769/? E/bnea: Phenotype ceDatabase integrity check failed [CONTEXT service_id=51 ]
    android.database.sqlite.SQLiteException: duplicate column name: declarativeRegistrationInfo (code 1): , while compiling: ALTER TABLE Packages ADD COLUMN declarativeRegistrationInfo BLOB DEFAULT NULL;
        at android.database.sqlite.SQLiteConnection.nativePrepareStatement(Native Method)
        at android.database.sqlite.SQLiteConnection.acquirePreparedStatement(SQLiteConnection.java:1093)
        at android.database.sqlite.SQLiteConnection.prepare(SQLiteConnection.java:670)
        at android.database.sqlite.SQLiteSession.prepare(SQLiteSession.java:588)
        at android.database.sqlite.SQLiteProgram.<init>(SQLiteProgram.java:59)
        at android.database.sqlite.SQLiteStatement.<init>(SQLiteStatement.java:31)
        at android.database.sqlite.SQLiteDatabase.executeSql(SQLiteDatabase.java:1798)
        at android.database.sqlite.SQLiteDatabase.execSQL(SQLiteDatabase.java:1729)
        at bncf.n(:com.google.android.gms@241319003@24.13.19 (020308-626168189):1820)
        at bncf.k(:com.google.android.gms@241319003@24.13.19 (020308-626168189):230)
        at bncf.d(:com.google.android.gms@241319003@24.13.19 (020308-626168189):1)
        at bnea.l(:com.google.android.gms@241319003@24.13.19 (020308-626168189):117)
        at com.google.android.gms.phenotype.provider.ConfigurationChimeraProvider.query(:com.google.android.gms@241319003@24.13.19 (020308-626168189):1303)
        at aabo.query(:com.google.android.gms@241319003@24.13.19 (020308-626168189):3)
        at android.content.ContentProvider.query(ContentProvider.java:980)
        at jzq.superQuery(:com.google.android.gms@241319003@24.13.19 (020308-626168189):2)
        at com.google.android.chimera.ContentProvider.query(:com.google.android.gms@241319003@24.13.19 (020308-626168189):2)
        at aabo.query(:com.google.android.gms@241319003@24.13.19 (020308-626168189):13)
        at android.content.ContentProvider$Transport.query(ContentProvider.java:213)
        at android.content.ContentProviderNative.onTransact(ContentProviderNative.java:112)
        at android.os.Binder.execTransact(Binder.java:446)
2024-04-22 14:58:21.331 1876-6769/? E/DatabaseUtils: Writing exception to parcel
    android.database.sqlite.SQLiteException: duplicate column name: declarativeRegistrationInfo (code 1): , while compiling: ALTER TABLE Packages ADD COLUMN declarativeRegistrationInfo BLOB DEFAULT NULL;
        at android.database.sqlite.SQLiteConnection.nativePrepareStatement(Native Method)
        at android.database.sqlite.SQLiteConnection.acquirePreparedStatement(SQLiteConnection.java:1093)
        at android.database.sqlite.SQLiteConnection.prepare(SQLiteConnection.java:670)
        at android.database.sqlite.SQLiteSession.prepare(SQLiteSession.java:588)
        at android.database.sqlite.SQLiteProgram.<init>(SQLiteProgram.java:59)
        at android.database.sqlite.SQLiteStatement.<init>(SQLiteStatement.java:31)
        at android.database.sqlite.SQLiteDatabase.executeSql(SQLiteDatabase.java:1798)
        at android.database.sqlite.SQLiteDatabase.execSQL(SQLiteDatabase.java:1729)
        at bncf.n(:com.google.android.gms@241319003@24.13.19 (020308-626168189):1820)
        at bncf.k(:com.google.android.gms@241319003@24.13.19 (020308-626168189):230)
        at bncf.a(:com.google.android.gms@241319003@24.13.19 (020308-626168189):3)
        at com.google.android.gms.phenotype.provider.ConfigurationChimeraProvider.query(:com.google.android.gms@241319003@24.13.19 (020308-626168189):1069)
        at aabo.query(:com.google.android.gms@241319003@24.13.19 (020308-626168189):3)
        at android.content.ContentProvider.query(ContentProvider.java:980)
        at jzq.superQuery(:com.google.android.gms@241319003@24.13.19 (020308-626168189):2)
        at com.google.android.chimera.ContentProvider.query(:com.google.android.gms@241319003@24.13.19 (020308-626168189):2)
        at aabo.query(:com.google.android.gms@241319003@24.13.19 (020308-626168189):13)
        at android.content.ContentProvider$Transport.query(ContentProvider.java:213)
        at android.content.ContentProviderNative.onTransact(ContentProviderNative.java:112)
        at android.os.Binder.execTransact(Binder.java:446)
2024-04-22 14:58:21.331 2287-16278/? E/ConfigurationContentLdr: PhenotypeFlag unable to load ContentProvider, using default values
2024-04-22 14:58:21.341 1876-15893/? I/PhenotypeDbUpgradeHelpe: (REDACTED) onUpgrade %d to %d, isDeviceEncrypted %b
2024-04-22 14:58:21.341 1876-15893/? I/PhenotypeDbUpgradeHelpe: Add declarativeRegistrationInfo column to Packages table. [CONTEXT service_id=51 ]
2024-04-22 14:58:21.341 1876-15893/? E/SQLiteLog: (1) duplicate column name: declarativeRegistrationInfo
2024-04-22 14:58:21.361 1876-15893/? I/NetworkScheduler.Stats: (REDACTED) Task %s/%s finished executing. cause:%s result: %s elapsed_millis: %s uptime_millis: %s exec_start_elapsed_seconds: %s
2024-04-22 14:58:21.421 792-1740/? D/ConnectivityService: returning getActiveNetworkInfo :[type: WIFI[] - WIFI, state: CONNECTED/CONNECTED, reason: (unspecified), extra: "Doodle", roaming: false, failover: false, isAvailable: true, isConnectedToProvisioningNetwork: false]
2024-04-22 14:58:21.461 1876-1917/? I/art: Background sticky concurrent mark sweep GC freed 263248(12MB) AllocSpace objects, 3(48KB) LOS objects, 13% free, 49MB/57MB, paused 4.504ms total 234.146ms
2024-04-22 14:58:21.491 1876-3380/? I/qtaguid: Tagging socket 242 with tag 40100000000{1025,0} uid 10015, pid: 1876, getuid(): 10015
2024-04-22 14:58:21.521 792-1596/? D/ActivityManager: bindService callerProcessName:com.google.android.gms, calleePkgName: com.google.android.gms, action: com.google.android.gms.gcm.ACTION_TASK_READY
2024-04-22 14:58:21.531 1876-16264/? I/NetworkScheduler.Stats: (REDACTED) Task %s/%s started execution. cause:%s exec_start_elapsed_seconds: %s
2024-04-22 14:58:21.541 792-1383/? D/ConnectivityService: returning getActiveNetworkInfo :[type: WIFI[] - WIFI, state: CONNECTED/CONNECTED, reason: (unspecified), extra: "Doodle", roaming: false, failover: false, isAvailable: true, isConnectedToProvisioningNetwork: false]
2024-04-22 14:58:21.591 792-2866/? D/ConnectivityService: returning getActiveNetworkInfo :[type: WIFI[] - WIFI, state: CONNECTED/CONNECTED, reason: (unspecified), extra: "Doodle", roaming: false, failover: false, isAvailable: true, isConnectedToProvisioningNetwork: false]
2024-04-22 14:58:21.611 792-1349/? D/ConnectivityService: returning getActiveNetworkInfo :[type: WIFI[] - WIFI, state: CONNECTED/CONNECTED, reason: (unspecified), extra: "Doodle", roaming: false, failover: false, isAvailable: true, isConnectedToProvisioningNetwork: false]
2024-04-22 14:58:21.621 1876-16290/? I/PhenotypeDbUpgradeHelpe: (REDACTED) onUpgrade %d to %d, isDeviceEncrypted %b
2024-04-22 14:58:21.621 1876-16290/? I/PhenotypeDbUpgradeHelpe: Add declarativeRegistrationInfo column to Packages table. [CONTEXT service_id=51 ]
2024-04-22 14:58:21.621 1876-16290/? E/SQLiteLog: (1) duplicate column name: declarativeRegistrationInfo
2024-04-22 14:58:21.631 792-1596/? D/ConnectivityService: returning getActiveNetworkInfo :[type: WIFI[] - WIFI, state: CONNECTED/CONNECTED, reason: (unspecified), extra: "Doodle", roaming: false, failover: false, isAvailable: true, isConnectedToProvisioningNetwork: false]
2024-04-22 14:58:21.641 792-4169/? D/ActivityManager: bindService callerProcessName:com.google.android.gms, calleePkgName: com.google.android.gms, action: null
2024-04-22 14:58:22.221 16089-16293/? W/FirebasePerformance: invalid connection error
2024-04-22 14:58:22.221 16089-16293/? W/FirebasePerformance: PerfMetricValidator check failed, dropping the log.
2024-04-22 14:58:23.071 792-3705/? D/SSRM:n: SIOP:: AP = 570, PST = 557, CUR = 1200
2024-04-22 14:58:24.401 1179-1179/? D/KeyguardUpdateMonitor: received broadcast android.intent.action.BATTERY_CHANGED
2024-04-22 14:58:24.401 1179-1179/? D/KeyguardUpdateMonitor: handleBatteryUpdate
2024-04-22 14:58:24.401 792-1740/? D/BatteryService: !@BatteryListener : batteryPropertiesChanged!
2024-04-22 14:58:24.401 792-1740/? D/BatteryService: level:16, scale:100, status:2, health:2, present:true, voltage: 3955, temperature: 401, technology: Li-ion, AC powered:true, USB powered:false, Wireless powered:false, icon:17303723, invalid charger:0
2024-04-22 14:58:24.401 792-1740/? D/BatteryService: online:3, current avg:1200, charge type:1, power sharing:false, high voltage charger:false, capacity:280000, current_now:1200
2024-04-22 14:58:24.401 792-792/? D/BatteryService: Sending ACTION_BATTERY_CHANGED.
2024-04-22 14:58:24.401 792-792/? I/MotionRecognitionService: Plugged
2024-04-22 14:58:24.401 792-792/? I/MotionRecognitionService: setPowerConnected  = true
2024-04-22 14:58:24.401 1179-1179/? D/STATUSBAR-PhoneStatusBar:  mBrightnessEnablebySettings = true mBrightnessEnablebyBattery = true mBrightnessEnablebyDisableFlag = true mPmsBrightnessEnablebySettings = true
2024-04-22 14:58:24.401 1179-1179/? D/BatteryMeterView: ACTION_BATTERY_CHANGED : level:16 status:2 health:2
2024-04-22 14:58:24.401 1179-1179/? D/BatteryMeterView: ACTION_BATTERY_CHANGED : level:16 status:2 health:2
2024-04-22 14:58:24.411 1469-1469/? I/BusinessExecutor: registered Task#286 : PowerInfoEventSource$1
2024-04-22 14:58:24.411 1469-1747/? I/BusinessExecutor: Task#286 : #run() called
2024-04-22 14:58:24.411 1469-1747/? I/BusinessExecutor: Task#286 : #run() ended
2024-04-22 14:58:24.411 1179-1179/? D/BatteryMeterView: ACTION_BATTERY_CHANGED : level:16 status:2 health:2
2024-04-22 14:58:24.931 1876-3380/? I/qtaguid: Tagging socket 47 with tag 40100000000{1025,0} uid 10204, pid: 1876, getuid(): 10015
2024-04-22 14:58:30.131 1179-1179/? D/StatusBar.NetworkController: refreshViews connected={ wifi } level=4 combinedSignalIconId=0x7f020536/com.android.systemui:drawable/stat_sys_wifi_signal_4 mobileLabel=仅限紧急通话 wifiLabel="Doodle"xxxxXXXXxxxxXXXX emergencyOnly=true combinedLabel="Doodle"xxxxXXXXxxxxXXXX mAirplaneMode=false mDataActivity=0 mPhoneSignalIconId=0x7f0204c9/com.android.systemui:drawable/stat_sys_signal_4 mQSPhoneSignalIconId=0x7f020136/com.android.systemui:drawable/ic_qs_signal_4 mDataDirectionIconId=0x0/(null) mDataSignalIconId=0x7f0204c9/com.android.systemui:drawable/stat_sys_signal_4 mDataTypeIconId=0x0/(null) mQSDataTypeIconId=0x0/(null) mNoSimIconId=0x0/(null) mWifiIconId=0x7f020536/com.android.systemui:drawable/stat_sys_wifi_signal_4 mQSWifiIconId=0x7f02014c/com.android.systemui:drawable/ic_qs_wifi_4 mWifiActivityIconId=0x7f020505/com.android.systemui:drawable/stat_sys_signal_in mBluetoothTetherIconId=0x10808f0/android:drawable/stat_sys_tether_bluetooth
2024-04-22 14:58:30.131 1179-1179/? D/STATUSBAR-WifiQuickSettingButton: onWifiSignalChanged enabled=true enabledDesc:"Doodle"
2024-04-22 14:58:30.131 1179-1179/? D/StatusBar.NetworkController: refreshSignalCluster - setNWBoosterIndicators(false)
2024-04-22 14:58:30.131 1179-1179/? D/StatusBar.NetworkController: applyOpen
2024-04-22 14:58:30.131 1179-1179/? D/StatusBar.NetworkController: refreshSignalCluster - setNWBoosterIndicators(false)
2024-04-22 14:58:30.131 1179-1179/? D/StatusBar.NetworkController: applyOpen
2024-04-22 14:58:30.131 1179-1179/? D/StatusBar.NetworkController: refreshSignalCluster - setNWBoosterIndicators(false)
2024-04-22 14:58:30.131 1179-1179/? D/StatusBar.NetworkController: applyOpen
2024-04-22 14:58:30.131 1179-1179/? D/StatusBar.NetworkController: refreshSignalCluster - setNWBoosterIndicators(false)
2024-04-22 14:58:30.131 1179-1179/? D/StatusBar.NetworkController: applyOpen
2024-04-22 14:58:32.141 1179-1179/? D/StatusBar.NetworkController: refreshViews connected={ wifi } level=4 combinedSignalIconId=0x7f020536/com.android.systemui:drawable/stat_sys_wifi_signal_4 mobileLabel=仅限紧急通话 wifiLabel="Doodle"xxxxXXXXxxxxXXXX emergencyOnly=true combinedLabel="Doodle"xxxxXXXXxxxxXXXX mAirplaneMode=false mDataActivity=0 mPhoneSignalIconId=0x7f0204c9/com.android.systemui:drawable/stat_sys_signal_4 mQSPhoneSignalIconId=0x7f020136/com.android.systemui:drawable/ic_qs_signal_4 mDataDirectionIconId=0x0/(null) mDataSignalIconId=0x7f0204c9/com.android.systemui:drawable/stat_sys_signal_4 mDataTypeIconId=0x0/(null) mQSDataTypeIconId=0x0/(null) mNoSimIconId=0x0/(null) mWifiIconId=0x7f020536/com.android.systemui:drawable/stat_sys_wifi_signal_4 mQSWifiIconId=0x7f02014c/com.android.systemui:drawable/ic_qs_wifi_4 mWifiActivityIconId=0x7f020507/com.android.systemui:drawable/stat_sys_signal_inout mBluetoothTetherIconId=0x10808f0/android:drawable/stat_sys_tether_bluetooth
2024-04-22 14:58:32.141 1179-1179/? D/STATUSBAR-WifiQuickSettingButton: onWifiSignalChanged enabled=true enabledDesc:"Doodle"
2024-04-22 14:58:32.141 1179-1179/? D/StatusBar.NetworkController: refreshSignalCluster - setNWBoosterIndicators(false)
2024-04-22 14:58:32.141 1179-1179/? D/StatusBar.NetworkController: applyOpen
2024-04-22 14:58:32.141 1179-1179/? D/StatusBar.NetworkController: refreshSignalCluster - setNWBoosterIndicators(false)
2024-04-22 14:58:32.141 1179-1179/? D/StatusBar.NetworkController: applyOpen
2024-04-22 14:58:32.141 1179-1179/? D/StatusBar.NetworkController: refreshSignalCluster - setNWBoosterIndicators(false)
2024-04-22 14:58:32.141 1179-1179/? D/StatusBar.NetworkController: applyOpen
2024-04-22 14:58:32.141 1179-1179/? D/StatusBar.NetworkController: refreshSignalCluster - setNWBoosterIndicators(false)
2024-04-22 14:58:32.141 1179-1179/? D/StatusBar.NetworkController: applyOpen
2024-04-22 14:58:33.141 792-3705/? D/SSRM:n: SIOP:: AP = 560, PST = 558, CUR = 1200
2024-04-22 14:58:33.151 1179-1179/? D/StatusBar.NetworkController: refreshViews connected={ wifi } level=4 combinedSignalIconId=0x7f020536/com.android.systemui:drawable/stat_sys_wifi_signal_4 mobileLabel=仅限紧急通话 wifiLabel="Doodle"xxxxXXXXxxxxXXXX emergencyOnly=true combinedLabel="Doodle"xxxxXXXXxxxxXXXX mAirplaneMode=false mDataActivity=0 mPhoneSignalIconId=0x7f0204c9/com.android.systemui:drawable/stat_sys_signal_4 mQSPhoneSignalIconId=0x7f020136/com.android.systemui:drawable/ic_qs_signal_4 mDataDirectionIconId=0x0/(null) mDataSignalIconId=0x7f0204c9/com.android.systemui:drawable/stat_sys_signal_4 mDataTypeIconId=0x0/(null) mQSDataTypeIconId=0x0/(null) mNoSimIconId=0x0/(null) mWifiIconId=0x7f020536/com.android.systemui:drawable/stat_sys_wifi_signal_4 mQSWifiIconId=0x7f02014c/com.android.systemui:drawable/ic_qs_wifi_4 mWifiActivityIconId=0x7f020505/com.android.systemui:drawable/stat_sys_signal_in mBluetoothTetherIconId=0x10808f0/android:drawable/stat_sys_tether_bluetooth
2024-04-22 14:58:33.151 1179-1179/? D/STATUSBAR-WifiQuickSettingButton: onWifiSignalChanged enabled=true enabledDesc:"Doodle"
2024-04-22 14:58:33.151 1179-1179/? D/StatusBar.NetworkController: refreshSignalCluster - setNWBoosterIndicators(false)
2024-04-22 14:58:33.151 1179-1179/? D/StatusBar.NetworkController: applyOpen
2024-04-22 14:58:33.151 1179-1179/? D/StatusBar.NetworkController: refreshSignalCluster - setNWBoosterIndicators(false)
2024-04-22 14:58:33.151 1179-1179/? D/StatusBar.NetworkController: applyOpen
2024-04-22 14:58:33.151 1179-1179/? D/StatusBar.NetworkController: refreshSignalCluster - setNWBoosterIndicators(false)
2024-04-22 14:58:33.151 1179-1179/? D/StatusBar.NetworkController: applyOpen
2024-04-22 14:58:33.151 1179-1179/? D/StatusBar.NetworkController: refreshSignalCluster - setNWBoosterIndicators(false)
2024-04-22 14:58:33.151 1179-1179/? D/StatusBar.NetworkController: applyOpen
2024-04-22 14:58:33.451 792-1304/? E/Watchdog: !@Sync 69
2024-04-22 14:58:34.461 1469-1469/? I/BusinessExecutor: registered Task#287 : PowerInfoEventSource$1
2024-04-22 14:58:34.461 1469-1747/? I/BusinessExecutor: Task#287 : #run() called
2024-04-22 14:58:34.461 1469-1747/? I/PowerInfoEventSource: Battery state updated, level=17 plugged=true
2024-04-22 14:58:34.461 1469-1747/? I/BusinessExecutor: registered Task#288 : PlatformEventSender$1
2024-04-22 14:58:34.461 1469-1747/? I/BusinessExecutor: Task#287 : #run() ended
2024-04-22 14:58:34.461 1469-1747/? I/BusinessExecutor: Task#288 : #run() called
2024-04-22 14:58:34.461 1469-1747/? I/BusinessExecutor: Task#288 : #run() ended
2024-04-22 14:58:34.461 1179-1179/? D/KeyguardUpdateMonitor: received broadcast android.intent.action.BATTERY_CHANGED
2024-04-22 14:58:34.461 1179-1179/? D/KeyguardUpdateMonitor: handleBatteryUpdate
2024-04-22 14:58:34.461 792-810/? D/BatteryService: !@BatteryListener : batteryPropertiesChanged!
2024-04-22 14:58:34.461 792-810/? D/BatteryService: level:17, scale:100, status:2, health:2, present:true, voltage: 4022, temperature: 403, technology: Li-ion, AC powered:true, USB powered:false, Wireless powered:false, icon:17303723, invalid charger:0
2024-04-22 14:58:34.461 792-810/? D/BatteryService: online:3, current avg:1200, charge type:1, power sharing:false, high voltage charger:false, capacity:280000, current_now:1200
2024-04-22 14:58:34.461 792-792/? D/BatteryService: Sending ACTION_BATTERY_CHANGED.
2024-04-22 14:58:34.461 792-792/? I/MotionRecognitionService: Plugged
2024-04-22 14:58:34.461 792-792/? I/MotionRecognitionService: setPowerConnected  = true
2024-04-22 14:58:34.461 1179-1179/? D/STATUSBAR-PhoneStatusBar:  mBrightnessEnablebySettings = true mBrightnessEnablebyBattery = true mBrightnessEnablebyDisableFlag = true mPmsBrightnessEnablebySettings = true
2024-04-22 14:58:34.461 1179-1179/? D/BatteryMeterView: ACTION_BATTERY_CHANGED : level:17 status:2 health:2
2024-04-22 14:58:34.461 1179-1179/? D/BatteryMeterView: ACTION_BATTERY_CHANGED : level:17 status:2 health:2
2024-04-22 14:58:34.461 792-3705/? D/ConnectivityService: returning getNetworkInfo(networkType - 1) :[type: WIFI[] - WIFI, state: CONNECTED/CONNECTED, reason: (unspecified), extra: "Doodle", roaming: false, failover: false, isAvailable: true, isConnectedToProvisioningNetwork: false]
2024-04-22 14:58:34.481 1179-1179/? D/BatteryMeterView: ACTION_BATTERY_CHANGED : level:17 status:2 health:2
2024-04-22 14:58:34.501 1179-1179/? D/BatteryMeterView: onDraw batteryColor : -1
2024-04-22 14:58:35.031 1876-1876/? D/BoundBrokerSvc: onUnbind: Intent { act=com.google.android.gms.udc.service.START dat=chimera-action: cmp=com.google.android.gms/.chimera.PersistentApiService }
2024-04-22 14:58:35.161 1179-1179/? D/StatusBar.NetworkController: refreshViews connected={ wifi } level=4 combinedSignalIconId=0x7f020536/com.android.systemui:drawable/stat_sys_wifi_signal_4 mobileLabel=仅限紧急通话 wifiLabel="Doodle"xxxxXXXXxxxxXXXX emergencyOnly=true combinedLabel="Doodle"xxxxXXXXxxxxXXXX mAirplaneMode=false mDataActivity=0 mPhoneSignalIconId=0x7f0204c9/com.android.systemui:drawable/stat_sys_signal_4 mQSPhoneSignalIconId=0x7f020136/com.android.systemui:drawable/ic_qs_signal_4 mDataDirectionIconId=0x0/(null) mDataSignalIconId=0x7f0204c9/com.android.systemui:drawable/stat_sys_signal_4 mDataTypeIconId=0x0/(null) mQSDataTypeIconId=0x0/(null) mNoSimIconId=0x0/(null) mWifiIconId=0x7f020536/com.android.systemui:drawable/stat_sys_wifi_signal_4 mQSWifiIconId=0x7f02014c/com.android.systemui:drawable/ic_qs_wifi_4 mWifiActivityIconId=0x7f020507/com.android.systemui:drawable/stat_sys_signal_inout mBluetoothTetherIconId=0x10808f0/android:drawable/stat_sys_tether_bluetooth
2024-04-22 14:58:35.161 1179-1179/? D/STATUSBAR-WifiQuickSettingButton: onWifiSignalChanged enabled=true enabledDesc:"Doodle"
2024-04-22 14:58:35.161 1179-1179/? D/StatusBar.NetworkController: refreshSignalCluster - setNWBoosterIndicators(false)
2024-04-22 14:58:35.161 1179-1179/? D/StatusBar.NetworkController: applyOpen
2024-04-22 14:58:35.161 1179-1179/? D/StatusBar.NetworkController: refreshSignalCluster - setNWBoosterIndicators(false)
2024-04-22 14:58:35.161 1179-1179/? D/StatusBar.NetworkController: applyOpen
2024-04-22 14:58:35.161 1179-1179/? D/StatusBar.NetworkController: refreshSignalCluster - setNWBoosterIndicators(false)
2024-04-22 14:58:35.161 1179-1179/? D/StatusBar.NetworkController: applyOpen
2024-04-22 14:58:35.161 1179-1179/? D/StatusBar.NetworkController: refreshSignalCluster - setNWBoosterIndicators(false)
2024-04-22 14:58:35.161 1179-1179/? D/StatusBar.NetworkController: applyOpen
2024-04-22 14:58:35.811 1876-1876/? D/BoundBrokerSvc: onUnbind: Intent { act=com.google.android.gms.phenotype.service.START dat=chimera-action: cmp=com.google.android.gms/.chimera.PersistentApiService }
2024-04-22 14:58:35.841 1876-1876/? D/BoundBrokerSvc: onUnbind: Intent { act=com.google.android.gms.facs.cache.service.START dat=chimera-action: cmp=com.google.android.gms/.chimera.PersistentApiService }
2024-04-22 14:58:35.861 2287-2287/? D/BoundBrokerSvc: onUnbind: Intent { act=com.google.android.gms.facs.internal.service.START dat=chimera-action: cmp=com.google.android.gms/.chimera.GmsInternalApiService }
2024-04-22 14:58:35.881 1876-1876/? D/BoundBrokerSvc: onUnbind: Intent { act=com.google.android.gms.auth.account.workaccount.START dat=chimera-action: cmp=com.google.android.gms/.chimera.PersistentApiService }
2024-04-22 14:58:36.081 792-16302/? D/ConnectivityService: returning getNetworkInfo(networkType - 1) :[type: WIFI[] - WIFI, state: CONNECTED/CONNECTED, reason: (unspecified), extra: "Doodle", roaming: false, failover: false, isAvailable: true, isConnectedToProvisioningNetwork: false]
2024-04-22 14:58:36.081 792-16302/? D/ConnectivityService: returning getNetworkInfo(networkType - 1) :[type: WIFI[] - WIFI, state: CONNECTED/CONNECTED, reason: (unspecified), extra: "Doodle", roaming: false, failover: false, isAvailable: true, isConnectedToProvisioningNetwork: false]
2024-04-22 14:58:37.171 1179-1179/? D/StatusBar.NetworkController: refreshViews connected={ wifi } level=4 combinedSignalIconId=0x7f020536/com.android.systemui:drawable/stat_sys_wifi_signal_4 mobileLabel=仅限紧急通话 wifiLabel="Doodle"xxxxXXXXxxxxXXXX emergencyOnly=true combinedLabel="Doodle"xxxxXXXXxxxxXXXX mAirplaneMode=false mDataActivity=0 mPhoneSignalIconId=0x7f0204c9/com.android.systemui:drawable/stat_sys_signal_4 mQSPhoneSignalIconId=0x7f020136/com.android.systemui:drawable/ic_qs_signal_4 mDataDirectionIconId=0x0/(null) mDataSignalIconId=0x7f0204c9/com.android.systemui:drawable/stat_sys_signal_4 mDataTypeIconId=0x0/(null) mQSDataTypeIconId=0x0/(null) mNoSimIconId=0x0/(null) mWifiIconId=0x7f020536/com.android.systemui:drawable/stat_sys_wifi_signal_4 mQSWifiIconId=0x7f02014c/com.android.systemui:drawable/ic_qs_wifi_4 mWifiActivityIconId=0x7f020505/com.android.systemui:drawable/stat_sys_signal_in mBluetoothTetherIconId=0x10808f0/android:drawable/stat_sys_tether_bluetooth
2024-04-22 14:58:37.171 1179-1179/? D/STATUSBAR-WifiQuickSettingButton: onWifiSignalChanged enabled=true enabledDesc:"Doodle"
2024-04-22 14:58:37.171 1179-1179/? D/StatusBar.NetworkController: refreshSignalCluster - setNWBoosterIndicators(false)
2024-04-22 14:58:37.171 1179-1179/? D/StatusBar.NetworkController: applyOpen
2024-04-22 14:58:37.171 1179-1179/? D/StatusBar.NetworkController: refreshSignalCluster - setNWBoosterIndicators(false)
2024-04-22 14:58:37.171 1179-1179/? D/StatusBar.NetworkController: applyOpen
2024-04-22 14:58:37.171 1179-1179/? D/StatusBar.NetworkController: refreshSignalCluster - setNWBoosterIndicators(false)
2024-04-22 14:58:37.171 1179-1179/? D/StatusBar.NetworkController: applyOpen
2024-04-22 14:58:37.171 1179-1179/? D/StatusBar.NetworkController: refreshSignalCluster - setNWBoosterIndicators(false)
2024-04-22 14:58:37.171 1179-1179/? D/StatusBar.NetworkController: applyOpen
2024-04-22 14:58:39.171 1179-1179/? D/StatusBar.NetworkController: refreshViews connected={ wifi } level=4 combinedSignalIconId=0x7f020536/com.android.systemui:drawable/stat_sys_wifi_signal_4 mobileLabel=仅限紧急通话 wifiLabel="Doodle"xxxxXXXXxxxxXXXX emergencyOnly=true combinedLabel="Doodle"xxxxXXXXxxxxXXXX mAirplaneMode=false mDataActivity=0 mPhoneSignalIconId=0x7f0204c9/com.android.systemui:drawable/stat_sys_signal_4 mQSPhoneSignalIconId=0x7f020136/com.android.systemui:drawable/ic_qs_signal_4 mDataDirectionIconId=0x0/(null) mDataSignalIconId=0x7f0204c9/com.android.systemui:drawable/stat_sys_signal_4 mDataTypeIconId=0x0/(null) mQSDataTypeIconId=0x0/(null) mNoSimIconId=0x0/(null) mWifiIconId=0x7f020536/com.android.systemui:drawable/stat_sys_wifi_signal_4 mQSWifiIconId=0x7f02014c/com.android.systemui:drawable/ic_qs_wifi_4 mWifiActivityIconId=0x7f020507/com.android.systemui:drawable/stat_sys_signal_inout mBluetoothTetherIconId=0x10808f0/android:drawable/stat_sys_tether_bluetooth
2024-04-22 14:58:39.171 1179-1179/? D/STATUSBAR-WifiQuickSettingButton: onWifiSignalChanged enabled=true enabledDesc:"Doodle"
2024-04-22 14:58:39.171 1179-1179/? D/StatusBar.NetworkController: refreshSignalCluster - setNWBoosterIndicators(false)
2024-04-22 14:58:39.171 1179-1179/? D/StatusBar.NetworkController: applyOpen
2024-04-22 14:58:39.181 1179-1179/? D/StatusBar.NetworkController: refreshSignalCluster - setNWBoosterIndicators(false)
2024-04-22 14:58:39.181 1179-1179/? D/StatusBar.NetworkController: applyOpen
2024-04-22 14:58:39.181 1179-1179/? D/StatusBar.NetworkController: refreshSignalCluster - setNWBoosterIndicators(false)
2024-04-22 14:58:39.181 1179-1179/? D/StatusBar.NetworkController: applyOpen
2024-04-22 14:58:39.181 1179-1179/? D/StatusBar.NetworkController: refreshSignalCluster - setNWBoosterIndicators(false)
2024-04-22 14:58:39.181 1179-1179/? D/StatusBar.NetworkController: applyOpen
2024-04-22 14:58:39.871 792-1099/? V/AlarmManager: waitForAlarm result :8
2024-04-22 14:58:39.881 792-1364/? D/ActivityManager: startService callerProcessName:flipboard.app, calleePkgName: flipboard.app
2024-04-22 14:58:39.921 16089-16312/? D/FirebaseInstanceId: background sync failed: SERVICE_NOT_AVAILABLE, retry in 40s
2024-04-22 14:58:39.921 792-4168/? D/ConnectivityService: returning getActiveNetworkInfo :[type: WIFI[] - WIFI, state: CONNECTED/CONNECTED, reason: (unspecified), extra: "Doodle", roaming: false, failover: false, isAvailable: true, isConnectedToProvisioningNetwork: false]
