        at bnea.f(:com.google.android.gms@241319003@24.13.19 (020308-626168189):13)
        at awta.gW(:com.google.android.gms@241319003@24.13.19 (020308-626168189):1)
        at awtj.run(:com.google.android.gms@241319003@24.13.19 (020308-626168189):97)
        at cpaz.run(:com.google.android.gms@241319003@24.13.19 (020308-626168189):21)
        at adgn.c(:com.google.android.gms@241319003@24.13.19 (020308-626168189):50)
        at adgn.run(:com.google.android.gms@241319003@24.13.19 (020308-626168189):76)
        at java.util.concurrent.ThreadPoolExecutor.runWorker(ThreadPoolExecutor.java:1112)
        at java.util.concurrent.ThreadPoolExecutor$Worker.run(ThreadPoolExecutor.java:587)
        at adlt.run(:com.google.android.gms@241319003@24.13.19 (020308-626168189):8)
        at java.lang.Thread.run(Thread.java:818)
2024-04-22 14:59:58.061 1876-16361/? I/PhenotypeDbUpgradeHelpe: (REDACTED) onUpgrade %d to %d, isDeviceEncrypted %b
2024-04-22 14:59:58.061 1876-16361/? I/PhenotypeDbUpgradeHelpe: Add declarativeRegistrationInfo column to Packages table. [CONTEXT service_id=51 ]
2024-04-22 14:59:58.061 1876-16361/? E/SQLiteLog: (1) duplicate column name: declarativeRegistrationInfo
2024-04-22 14:59:58.061 792-1323/? D/ConnectivityService: returning getActiveNetworkInfo :[type: WIFI[] - WIFI, state: CONNECTED/CONNECTED, reason: (unspecified), extra: "Doodle", roaming: false, failover: false, isAvailable: true, isConnectedToProvisioningNetwork: false]
2024-04-22 14:59:58.061 792-1349/? D/ActivityManager: bindService callerProcessName:com.google.android.gms, calleePkgName: com.google.android.gms, action: com.google.android.chimera.BoundService.START
2024-04-22 14:59:58.081 1876-16290/? E/NetworkScheduler.TED: Unable to bind to task service: ComponentInfo{com.google.android.gms/com.google.android.gms.findmydevice.spot.service.FindMyDeviceModuleSettingsLoggerService}
2024-04-22 14:59:58.081 1876-16361/? I/PhenotypeDbUpgradeHelpe: (REDACTED) onUpgrade %d to %d, isDeviceEncrypted %b
2024-04-22 14:59:58.081 1876-16361/? I/PhenotypeDbUpgradeHelpe: Add declarativeRegistrationInfo column to Packages table. [CONTEXT service_id=51 ]
2024-04-22 14:59:58.081 1876-16361/? E/SQLiteLog: (1) duplicate column name: declarativeRegistrationInfo
2024-04-22 14:59:58.081 1876-16398/? I/NetworkScheduler.Stats: (REDACTED) Task %s/%s finished executing. cause:%s result: %s elapsed_millis: %s uptime_millis: %s exec_start_elapsed_seconds: %s
2024-04-22 14:59:58.081 792-4168/? W/ActivityManager: Unable to start service Intent { act=com.google.android.gms.findmydevice.spot.service.FindMyDeviceModuleSettingsLoggerService.ACTION_TASK_READY pkg=com.google.android.gms } U=0: not found
2024-04-22 14:59:58.101 1876-16412/? I/NetworkScheduler.Stats: (REDACTED) Task %s/%s finished executing. cause:%s result: %s elapsed_millis: %s uptime_millis: %s exec_start_elapsed_seconds: %s
2024-04-22 14:59:58.101 1876-16361/? I/PhenotypeDbUpgradeHelpe: (REDACTED) onUpgrade %d to %d, isDeviceEncrypted %b
2024-04-22 14:59:58.101 1876-16361/? I/PhenotypeDbUpgradeHelpe: Add declarativeRegistrationInfo column to Packages table. [CONTEXT service_id=51 ]
2024-04-22 14:59:58.101 1876-16361/? E/SQLiteLog: (1) duplicate column name: declarativeRegistrationInfo
2024-04-22 14:59:58.121 1876-16361/? I/PhenotypeDbUpgradeHelpe: (REDACTED) onUpgrade %d to %d, isDeviceEncrypted %b
2024-04-22 14:59:58.121 1876-16361/? I/PhenotypeDbUpgradeHelpe: Add declarativeRegistrationInfo column to Packages table. [CONTEXT service_id=51 ]
2024-04-22 14:59:58.121 1876-16361/? E/SQLiteLog: (1) duplicate column name: declarativeRegistrationInfo
2024-04-22 14:59:58.121 792-2866/? D/ConnectivityService: returning getActiveNetworkInfo :[type: WIFI[] - WIFI, state: CONNECTED/CONNECTED, reason: (unspecified), extra: "Doodle", roaming: false, failover: false, isAvailable: true, isConnectedToProvisioningNetwork: false]
2024-04-22 14:59:58.141 1876-16361/? I/PhenotypeDbUpgradeHelpe: (REDACTED) onUpgrade %d to %d, isDeviceEncrypted %b
2024-04-22 14:59:58.141 1876-16361/? I/PhenotypeDbUpgradeHelpe: Add declarativeRegistrationInfo column to Packages table. [CONTEXT service_id=51 ]
2024-04-22 14:59:58.141 1876-16361/? E/SQLiteLog: (1) duplicate column name: declarativeRegistrationInfo
2024-04-22 14:59:58.151 1876-16361/? I/PhenotypeDbUpgradeHelpe: (REDACTED) onUpgrade %d to %d, isDeviceEncrypted %b
2024-04-22 14:59:58.151 1876-16361/? I/PhenotypeDbUpgradeHelpe: Add declarativeRegistrationInfo column to Packages table. [CONTEXT service_id=51 ]
2024-04-22 14:59:58.151 1876-16361/? E/SQLiteLog: (1) duplicate column name: declarativeRegistrationInfo
2024-04-22 14:59:58.171 1876-16361/? I/PhenotypeDbUpgradeHelpe: (REDACTED) onUpgrade %d to %d, isDeviceEncrypted %b
2024-04-22 14:59:58.171 1876-16361/? I/PhenotypeDbUpgradeHelpe: Add declarativeRegistrationInfo column to Packages table. [CONTEXT service_id=51 ]
2024-04-22 14:59:58.171 1876-16361/? E/SQLiteLog: (1) duplicate column name: declarativeRegistrationInfo
2024-04-22 14:59:58.181 792-4168/? D/ActivityManager: bindService callerProcessName:com.google.android.gms, calleePkgName: com.google.android.gms, action: com.google.android.gms.gcm.ACTION_TASK_READY
2024-04-22 14:59:58.191 1876-16361/? I/PhenotypeDbUpgradeHelpe: (REDACTED) onUpgrade %d to %d, isDeviceEncrypted %b
2024-04-22 14:59:58.191 1876-16361/? I/PhenotypeDbUpgradeHelpe: Add declarativeRegistrationInfo column to Packages table. [CONTEXT service_id=51 ]
2024-04-22 14:59:58.191 1876-16361/? E/SQLiteLog: (1) duplicate column name: declarativeRegistrationInfo
2024-04-22 14:59:58.211 1876-16361/? I/PhenotypeDbUpgradeHelpe: (REDACTED) onUpgrade %d to %d, isDeviceEncrypted %b
2024-04-22 14:59:58.211 1876-16361/? I/PhenotypeDbUpgradeHelpe: Add declarativeRegistrationInfo column to Packages table. [CONTEXT service_id=51 ]
2024-04-22 14:59:58.211 1876-16361/? E/SQLiteLog: (1) duplicate column name: declarativeRegistrationInfo
2024-04-22 14:59:58.211 1876-16290/? I/NetworkScheduler.Stats: (REDACTED) Task %s/%s started execution. cause:%s exec_start_elapsed_seconds: %s
2024-04-22 14:59:58.211 792-1740/? D/ActivityManager: bindService callerProcessName:com.google.android.gms, calleePkgName: com.google.android.gms, action: com.google.android.chimera.BoundService.START
2024-04-22 14:59:58.221 1876-16361/? I/PhenotypeDbUpgradeHelpe: (REDACTED) onUpgrade %d to %d, isDeviceEncrypted %b
2024-04-22 14:59:58.221 1876-16361/? I/PhenotypeDbUpgradeHelpe: Add declarativeRegistrationInfo column to Packages table. [CONTEXT service_id=51 ]
2024-04-22 14:59:58.221 1876-16361/? E/SQLiteLog: (1) duplicate column name: declarativeRegistrationInfo
2024-04-22 14:59:58.231 792-4169/? D/ActivityManager: bindService callerProcessName:com.google.android.gms, calleePkgName: com.google.android.gms, action: com.google.android.gms.gcm.ACTION_TASK_READY
2024-04-22 14:59:58.241 1876-16361/? I/PhenotypeDbUpgradeHelpe: (REDACTED) onUpgrade %d to %d, isDeviceEncrypted %b
2024-04-22 14:59:58.241 1876-16361/? I/PhenotypeDbUpgradeHelpe: Add declarativeRegistrationInfo column to Packages table. [CONTEXT service_id=51 ]
2024-04-22 14:59:58.241 1876-16361/? E/SQLiteLog: (1) duplicate column name: declarativeRegistrationInfo
2024-04-22 14:59:58.241 1876-16290/? I/NetworkScheduler.Stats: (REDACTED) Task %s/%s started execution. cause:%s exec_start_elapsed_seconds: %s
2024-04-22 14:59:58.251 792-1569/? D/ActivityManager: startService callerProcessName:com.google.android.gms, calleePkgName: com.google.android.gms
2024-04-22 14:59:58.261 1876-16412/? I/NetworkScheduler.Stats: (REDACTED) Task %s/%s finished executing. cause:%s result: %s elapsed_millis: %s uptime_millis: %s exec_start_elapsed_seconds: %s
2024-04-22 14:59:58.261 1876-16361/? I/PhenotypeDbUpgradeHelpe: (REDACTED) onUpgrade %d to %d, isDeviceEncrypted %b
2024-04-22 14:59:58.261 1876-16361/? I/PhenotypeDbUpgradeHelpe: Add declarativeRegistrationInfo column to Packages table. [CONTEXT service_id=51 ]
2024-04-22 14:59:58.261 1876-16361/? E/SQLiteLog: (1) duplicate column name: declarativeRegistrationInfo
2024-04-22 14:59:58.261 792-1459/? D/ActivityManager: startService callerProcessName:com.google.android.gms, calleePkgName: com.google.android.gms
2024-04-22 14:59:58.281 1876-16361/? I/PhenotypeDbUpgradeHelpe: (REDACTED) onUpgrade %d to %d, isDeviceEncrypted %b
2024-04-22 14:59:58.281 1876-16361/? I/PhenotypeDbUpgradeHelpe: Add declarativeRegistrationInfo column to Packages table. [CONTEXT service_id=51 ]
2024-04-22 14:59:58.281 1876-16361/? E/SQLiteLog: (1) duplicate column name: declarativeRegistrationInfo
2024-04-22 14:59:58.281 792-810/? D/ConnectivityService: returning getActiveNetworkInfo :[type: WIFI[] - WIFI, state: CONNECTED/CONNECTED, reason: (unspecified), extra: "Doodle", roaming: false, failover: false, isAvailable: true, isConnectedToProvisioningNetwork: false]
2024-04-22 14:59:58.301 1876-16361/? I/PhenotypeDbUpgradeHelpe: (REDACTED) onUpgrade %d to %d, isDeviceEncrypted %b
2024-04-22 14:59:58.301 1876-16361/? I/PhenotypeDbUpgradeHelpe: Add declarativeRegistrationInfo column to Packages table. [CONTEXT service_id=51 ]
2024-04-22 14:59:58.301 1876-16361/? E/SQLiteLog: (1) duplicate column name: declarativeRegistrationInfo
2024-04-22 14:59:58.311 1876-16361/? I/PhenotypeDbUpgradeHelpe: (REDACTED) onUpgrade %d to %d, isDeviceEncrypted %b
2024-04-22 14:59:58.311 1876-16361/? I/PhenotypeDbUpgradeHelpe: Add declarativeRegistrationInfo column to Packages table. [CONTEXT service_id=51 ]
2024-04-22 14:59:58.311 792-1569/? D/ActivityManager: startService callerProcessName:com.google.android.gms, calleePkgName: com.google.android.gms
2024-04-22 14:59:58.321 1876-16361/? E/SQLiteLog: (1) duplicate column name: declarativeRegistrationInfo
2024-04-22 14:59:58.331 1876-16361/? I/PhenotypeDbUpgradeHelpe: (REDACTED) onUpgrade %d to %d, isDeviceEncrypted %b
2024-04-22 14:59:58.331 1876-16361/? I/PhenotypeDbUpgradeHelpe: Add declarativeRegistrationInfo column to Packages table. [CONTEXT service_id=51 ]
2024-04-22 14:59:58.331 1876-16361/? E/SQLiteLog: (1) duplicate column name: declarativeRegistrationInfo
2024-04-22 14:59:58.351 1876-16361/? I/PhenotypeDbUpgradeHelpe: (REDACTED) onUpgrade %d to %d, isDeviceEncrypted %b
2024-04-22 14:59:58.351 1876-16361/? I/PhenotypeDbUpgradeHelpe: Add declarativeRegistrationInfo column to Packages table. [CONTEXT service_id=51 ]
2024-04-22 14:59:58.351 1876-16361/? E/SQLiteLog: (1) duplicate column name: declarativeRegistrationInfo
2024-04-22 14:59:58.381 1876-16361/? I/PhenotypeDbUpgradeHelpe: (REDACTED) onUpgrade %d to %d, isDeviceEncrypted %b
2024-04-22 14:59:58.381 1876-16361/? I/PhenotypeDbUpgradeHelpe: Add declarativeRegistrationInfo column to Packages table. [CONTEXT service_id=51 ]
2024-04-22 14:59:58.381 1876-16361/? E/SQLiteLog: (1) duplicate column name: declarativeRegistrationInfo
2024-04-22 14:59:58.401 1876-16361/? I/PhenotypeDbUpgradeHelpe: (REDACTED) onUpgrade %d to %d, isDeviceEncrypted %b
2024-04-22 14:59:58.401 1876-16361/? I/PhenotypeDbUpgradeHelpe: Add declarativeRegistrationInfo column to Packages table. [CONTEXT service_id=51 ]
2024-04-22 14:59:58.401 1876-16361/? E/SQLiteLog: (1) duplicate column name: declarativeRegistrationInfo
2024-04-22 14:59:58.411 10915-11055/? I/System.out: (HTTPLog)-Static: isSBSettingEnabled false
2024-04-22 14:59:58.411 1876-16361/? I/PhenotypeDbUpgradeHelpe: (REDACTED) onUpgrade %d to %d, isDeviceEncrypted %b
2024-04-22 14:59:58.411 1876-16361/? I/PhenotypeDbUpgradeHelpe: Add declarativeRegistrationInfo column to Packages table. [CONTEXT service_id=51 ]
2024-04-22 14:59:58.411 1876-16361/? E/SQLiteLog: (1) duplicate column name: declarativeRegistrationInfo
2024-04-22 14:59:58.431 1876-16361/? I/PhenotypeDbUpgradeHelpe: (REDACTED) onUpgrade %d to %d, isDeviceEncrypted %b
2024-04-22 14:59:58.431 1876-16361/? I/PhenotypeDbUpgradeHelpe: Add declarativeRegistrationInfo column to Packages table. [CONTEXT service_id=51 ]
2024-04-22 14:59:58.431 1876-16361/? E/SQLiteLog: (1) duplicate column name: declarativeRegistrationInfo
2024-04-22 14:59:58.441 1876-16361/? I/PhenotypeDbUpgradeHelpe: (REDACTED) onUpgrade %d to %d, isDeviceEncrypted %b
2024-04-22 14:59:58.441 1876-16361/? I/PhenotypeDbUpgradeHelpe: Add declarativeRegistrationInfo column to Packages table. [CONTEXT service_id=51 ]
2024-04-22 14:59:58.441 1876-16361/? E/SQLiteLog: (1) duplicate column name: declarativeRegistrationInfo
2024-04-22 14:59:58.451 10915-11055/? I/System.out: KnoxVpnUidStorageknoxVpnSupported API value returned is false
2024-04-22 14:59:58.461 1876-16361/? I/PhenotypeDbUpgradeHelpe: (REDACTED) onUpgrade %d to %d, isDeviceEncrypted %b
2024-04-22 14:59:58.461 1876-16361/? I/PhenotypeDbUpgradeHelpe: Add declarativeRegistrationInfo column to Packages table. [CONTEXT service_id=51 ]
2024-04-22 14:59:58.461 1876-16361/? E/SQLiteLog: (1) duplicate column name: declarativeRegistrationInfo
2024-04-22 14:59:58.481 1876-16361/? I/PhenotypeDbUpgradeHelpe: (REDACTED) onUpgrade %d to %d, isDeviceEncrypted %b
2024-04-22 14:59:58.481 1876-16361/? I/PhenotypeDbUpgradeHelpe: Add declarativeRegistrationInfo column to Packages table. [CONTEXT service_id=51 ]
2024-04-22 14:59:58.481 1876-16361/? E/SQLiteLog: (1) duplicate column name: declarativeRegistrationInfo
2024-04-22 14:59:58.501 1876-16361/? I/PhenotypeDbUpgradeHelpe: (REDACTED) onUpgrade %d to %d, isDeviceEncrypted %b
2024-04-22 14:59:58.501 1876-16361/? I/PhenotypeDbUpgradeHelpe: Add declarativeRegistrationInfo column to Packages table. [CONTEXT service_id=51 ]
2024-04-22 14:59:58.501 1876-16361/? E/SQLiteLog: (1) duplicate column name: declarativeRegistrationInfo
2024-04-22 14:59:58.521 1876-16361/? I/PhenotypeDbUpgradeHelpe: (REDACTED) onUpgrade %d to %d, isDeviceEncrypted %b
2024-04-22 14:59:58.521 1876-16361/? I/PhenotypeDbUpgradeHelpe: Add declarativeRegistrationInfo column to Packages table. [CONTEXT service_id=51 ]
2024-04-22 14:59:58.521 1876-16361/? E/SQLiteLog: (1) duplicate column name: declarativeRegistrationInfo
2024-04-22 14:59:58.541 1876-16361/? I/PhenotypeDbUpgradeHelpe: (REDACTED) onUpgrade %d to %d, isDeviceEncrypted %b
2024-04-22 14:59:58.541 1876-16361/? I/PhenotypeDbUpgradeHelpe: Add declarativeRegistrationInfo column to Packages table. [CONTEXT service_id=51 ]
2024-04-22 14:59:58.541 1876-16361/? E/SQLiteLog: (1) duplicate column name: declarativeRegistrationInfo
2024-04-22 14:59:58.551 1876-16361/? I/PhenotypeDbUpgradeHelpe: (REDACTED) onUpgrade %d to %d, isDeviceEncrypted %b
2024-04-22 14:59:58.551 1876-16361/? I/PhenotypeDbUpgradeHelpe: Add declarativeRegistrationInfo column to Packages table. [CONTEXT service_id=51 ]
2024-04-22 14:59:58.551 1876-16361/? E/SQLiteLog: (1) duplicate column name: declarativeRegistrationInfo
2024-04-22 14:59:58.571 1876-16361/? I/PhenotypeDbUpgradeHelpe: (REDACTED) onUpgrade %d to %d, isDeviceEncrypted %b
2024-04-22 14:59:58.571 1876-16361/? I/PhenotypeDbUpgradeHelpe: Add declarativeRegistrationInfo column to Packages table. [CONTEXT service_id=51 ]
2024-04-22 14:59:58.571 1876-16361/? E/SQLiteLog: (1) duplicate column name: declarativeRegistrationInfo
2024-04-22 14:59:58.581 1876-16361/? I/PhenotypeDbUpgradeHelpe: (REDACTED) onUpgrade %d to %d, isDeviceEncrypted %b
2024-04-22 14:59:58.581 1876-16361/? I/PhenotypeDbUpgradeHelpe: Add declarativeRegistrationInfo column to Packages table. [CONTEXT service_id=51 ]
2024-04-22 14:59:58.581 1876-16361/? E/SQLiteLog: (1) duplicate column name: declarativeRegistrationInfo
2024-04-22 14:59:58.601 1876-16361/? I/PhenotypeDbUpgradeHelpe: (REDACTED) onUpgrade %d to %d, isDeviceEncrypted %b
2024-04-22 14:59:58.601 1876-16361/? I/PhenotypeDbUpgradeHelpe: Add declarativeRegistrationInfo column to Packages table. [CONTEXT service_id=51 ]
2024-04-22 14:59:58.601 1876-16361/? E/SQLiteLog: (1) duplicate column name: declarativeRegistrationInfo
2024-04-22 14:59:58.621 1876-16361/? I/PhenotypeDbUpgradeHelpe: (REDACTED) onUpgrade %d to %d, isDeviceEncrypted %b
2024-04-22 14:59:58.621 1876-16361/? I/PhenotypeDbUpgradeHelpe: Add declarativeRegistrationInfo column to Packages table. [CONTEXT service_id=51 ]
2024-04-22 14:59:58.621 1876-16361/? E/SQLiteLog: (1) duplicate column name: declarativeRegistrationInfo
2024-04-22 14:59:58.641 1876-16361/? I/PhenotypeDbUpgradeHelpe: (REDACTED) onUpgrade %d to %d, isDeviceEncrypted %b
2024-04-22 14:59:58.641 1876-16361/? I/PhenotypeDbUpgradeHelpe: Add declarativeRegistrationInfo column to Packages table. [CONTEXT service_id=51 ]
2024-04-22 14:59:58.641 1876-16361/? E/SQLiteLog: (1) duplicate column name: declarativeRegistrationInfo
2024-04-22 14:59:58.651 1876-16361/? I/PhenotypeDbUpgradeHelpe: (REDACTED) onUpgrade %d to %d, isDeviceEncrypted %b
2024-04-22 14:59:58.651 1876-16361/? I/PhenotypeDbUpgradeHelpe: Add declarativeRegistrationInfo column to Packages table. [CONTEXT service_id=51 ]
2024-04-22 14:59:58.651 1876-16361/? E/SQLiteLog: (1) duplicate column name: declarativeRegistrationInfo
2024-04-22 14:59:58.671 1876-16361/? I/PhenotypeDbUpgradeHelpe: (REDACTED) onUpgrade %d to %d, isDeviceEncrypted %b
2024-04-22 14:59:58.671 1876-16361/? I/PhenotypeDbUpgradeHelpe: Add declarativeRegistrationInfo column to Packages table. [CONTEXT service_id=51 ]
2024-04-22 14:59:58.671 1876-16361/? E/SQLiteLog: (1) duplicate column name: declarativeRegistrationInfo
2024-04-22 14:59:58.681 1876-16361/? I/PhenotypeDbUpgradeHelpe: (REDACTED) onUpgrade %d to %d, isDeviceEncrypted %b
2024-04-22 14:59:58.681 1876-16361/? I/PhenotypeDbUpgradeHelpe: Add declarativeRegistrationInfo column to Packages table. [CONTEXT service_id=51 ]
2024-04-22 14:59:58.681 1876-16361/? E/SQLiteLog: (1) duplicate column name: declarativeRegistrationInfo
2024-04-22 14:59:58.701 1876-16361/? I/PhenotypeDbUpgradeHelpe: (REDACTED) onUpgrade %d to %d, isDeviceEncrypted %b
2024-04-22 14:59:58.701 1876-16361/? I/PhenotypeDbUpgradeHelpe: Add declarativeRegistrationInfo column to Packages table. [CONTEXT service_id=51 ]
2024-04-22 14:59:58.701 1876-16361/? E/SQLiteLog: (1) duplicate column name: declarativeRegistrationInfo
2024-04-22 14:59:58.711 1876-16361/? I/PhenotypeDbUpgradeHelpe: (REDACTED) onUpgrade %d to %d, isDeviceEncrypted %b
2024-04-22 14:59:58.711 1876-16361/? I/PhenotypeDbUpgradeHelpe: Add declarativeRegistrationInfo column to Packages table. [CONTEXT service_id=51 ]
2024-04-22 14:59:58.711 1876-16361/? E/SQLiteLog: (1) duplicate column name: declarativeRegistrationInfo
2024-04-22 14:59:58.731 1876-16361/? I/PhenotypeDbUpgradeHelpe: (REDACTED) onUpgrade %d to %d, isDeviceEncrypted %b
2024-04-22 14:59:58.731 1876-16361/? I/PhenotypeDbUpgradeHelpe: Add declarativeRegistrationInfo column to Packages table. [CONTEXT service_id=51 ]
2024-04-22 14:59:58.731 1876-16361/? E/SQLiteLog: (1) duplicate column name: declarativeRegistrationInfo
2024-04-22 14:59:58.751 1876-16361/? I/PhenotypeDbUpgradeHelpe: (REDACTED) onUpgrade %d to %d, isDeviceEncrypted %b
2024-04-22 14:59:58.751 1876-16361/? I/PhenotypeDbUpgradeHelpe: Add declarativeRegistrationInfo column to Packages table. [CONTEXT service_id=51 ]
2024-04-22 14:59:58.751 1876-16361/? E/SQLiteLog: (1) duplicate column name: declarativeRegistrationInfo
2024-04-22 14:59:58.761 1876-16361/? I/PhenotypeDbUpgradeHelpe: (REDACTED) onUpgrade %d to %d, isDeviceEncrypted %b
2024-04-22 14:59:58.761 1876-16361/? I/PhenotypeDbUpgradeHelpe: Add declarativeRegistrationInfo column to Packages table. [CONTEXT service_id=51 ]
2024-04-22 14:59:58.761 1876-16361/? E/SQLiteLog: (1) duplicate column name: declarativeRegistrationInfo
2024-04-22 14:59:58.781 1876-16361/? I/PhenotypeDbUpgradeHelpe: (REDACTED) onUpgrade %d to %d, isDeviceEncrypted %b
2024-04-22 14:59:58.781 1876-16361/? I/PhenotypeDbUpgradeHelpe: Add declarativeRegistrationInfo column to Packages table. [CONTEXT service_id=51 ]
2024-04-22 14:59:58.781 1876-16361/? E/SQLiteLog: (1) duplicate column name: declarativeRegistrationInfo
2024-04-22 14:59:58.791 1876-16361/? I/PhenotypeDbUpgradeHelpe: (REDACTED) onUpgrade %d to %d, isDeviceEncrypted %b
2024-04-22 14:59:58.791 1876-16361/? I/PhenotypeDbUpgradeHelpe: Add declarativeRegistrationInfo column to Packages table. [CONTEXT service_id=51 ]
2024-04-22 14:59:58.791 1876-16361/? E/SQLiteLog: (1) duplicate column name: declarativeRegistrationInfo
2024-04-22 14:59:58.811 1876-16361/? I/PhenotypeDbUpgradeHelpe: (REDACTED) onUpgrade %d to %d, isDeviceEncrypted %b
2024-04-22 14:59:58.811 1876-16361/? I/PhenotypeDbUpgradeHelpe: Add declarativeRegistrationInfo column to Packages table. [CONTEXT service_id=51 ]
2024-04-22 14:59:58.811 1876-16361/? E/SQLiteLog: (1) duplicate column name: declarativeRegistrationInfo
2024-04-22 14:59:58.821 1876-16361/? I/PhenotypeDbUpgradeHelpe: (REDACTED) onUpgrade %d to %d, isDeviceEncrypted %b
2024-04-22 14:59:58.821 1876-16361/? I/PhenotypeDbUpgradeHelpe: Add declarativeRegistrationInfo column to Packages table. [CONTEXT service_id=51 ]
2024-04-22 14:59:58.821 1876-16361/? E/SQLiteLog: (1) duplicate column name: declarativeRegistrationInfo
2024-04-22 14:59:58.841 1876-16361/? I/PhenotypeDbUpgradeHelpe: (REDACTED) onUpgrade %d to %d, isDeviceEncrypted %b
2024-04-22 14:59:58.841 1876-16361/? I/PhenotypeDbUpgradeHelpe: Add declarativeRegistrationInfo column to Packages table. [CONTEXT service_id=51 ]
2024-04-22 14:59:58.841 1876-16361/? E/SQLiteLog: (1) duplicate column name: declarativeRegistrationInfo
2024-04-22 14:59:58.861 1876-16361/? I/PhenotypeDbUpgradeHelpe: (REDACTED) onUpgrade %d to %d, isDeviceEncrypted %b
2024-04-22 14:59:58.861 1876-16361/? I/PhenotypeDbUpgradeHelpe: Add declarativeRegistrationInfo column to Packages table. [CONTEXT service_id=51 ]
2024-04-22 14:59:58.861 1876-16361/? E/SQLiteLog: (1) duplicate column name: declarativeRegistrationInfo
2024-04-22 14:59:58.871 1876-16361/? I/PhenotypeDbUpgradeHelpe: (REDACTED) onUpgrade %d to %d, isDeviceEncrypted %b
2024-04-22 14:59:58.871 1876-16361/? I/PhenotypeDbUpgradeHelpe: Add declarativeRegistrationInfo column to Packages table. [CONTEXT service_id=51 ]
2024-04-22 14:59:58.871 1876-16361/? E/SQLiteLog: (1) duplicate column name: declarativeRegistrationInfo
2024-04-22 14:59:59.991 1179-1179/? D/KeyguardUpdateMonitor: received broadcast android.intent.action.TIME_TICK
2024-04-22 14:59:59.991 1179-1179/? D/KeyguardUpdateMonitor: handleTimeUpdate
2024-04-22 14:59:59.991 1179-1179/? D/KeyguardEffectViewController: onReceive action : android.intent.action.TIME_TICK
2024-04-22 14:59:59.991 1179-1179/? I/KeyguardEffectViewController: *** don't update sliding image ***
2024-04-22 14:59:59.991 792-1099/? V/AlarmManager: waitForAlarm result :8
2024-04-22 15:00:00.031 1179-1179/? D/DateView: regionalDateFormat = 3333/11/22 isRTLlanguage = false returnDateFormat = MMMM d日, E
2024-04-22 15:00:00.031 1179-1179/? D/DateView: regionalDateFormat = 3333/11/22 isRTLlanguage = false returnDateFormat = MMMM d日, E
2024-04-22 15:00:00.131 1876-3380/? I/qtaguid: Tagging socket 46 with tag 40100000000{1025,0} uid 10033, pid: 1876, getuid(): 10015
2024-04-22 15:00:00.771 1876-3380/? I/qtaguid: Tagging socket 57 with tag 1065fff00000000{17195007,0} uid -1, pid: 1876, getuid(): 10015
2024-04-22 15:00:01.091 1876-3380/? I/qtaguid: Tagging socket 62 with tag 1065fff00000000{17195007,0} uid -1, pid: 1876, getuid(): 10015
2024-04-22 15:00:03.461 792-1304/? E/Watchdog: !@Sync 72
2024-04-22 15:00:03.791 792-3705/? D/SSRM:n: SIOP:: AP = 560, PST = 561, CUR = 1200
2024-04-22 15:00:04.921 792-1383/? D/BatteryService: !@BatteryListener : batteryPropertiesChanged!
2024-04-22 15:00:04.921 792-1383/? D/BatteryService: level:18, scale:100, status:2, health:2, present:true, voltage: 3986, temperature: 410, technology: Li-ion, AC powered:true, USB powered:false, Wireless powered:false, icon:17303723, invalid charger:0
2024-04-22 15:00:04.921 792-1383/? D/BatteryService: online:3, current avg:1200, charge type:1, power sharing:false, high voltage charger:false, capacity:280000, current_now:1200
2024-04-22 15:00:04.921 792-792/? D/BatteryService: Sending ACTION_BATTERY_CHANGED.
2024-04-22 15:00:04.931 1179-1179/? D/KeyguardUpdateMonitor: received broadcast android.intent.action.BATTERY_CHANGED
2024-04-22 15:00:04.931 1469-1469/? I/BusinessExecutor: registered Task#298 : PowerInfoEventSource$1
2024-04-22 15:00:04.931 1469-1747/? I/BusinessExecutor: Task#298 : #run() called
2024-04-22 15:00:04.931 1469-1747/? I/BusinessExecutor: Task#298 : #run() ended
2024-04-22 15:00:04.931 1179-1179/? D/KeyguardUpdateMonitor: handleBatteryUpdate
2024-04-22 15:00:04.931 792-792/? I/MotionRecognitionService: Plugged
2024-04-22 15:00:04.931 792-792/? I/MotionRecognitionService: setPowerConnected  = true
2024-04-22 15:00:04.931 1179-1179/? D/STATUSBAR-PhoneStatusBar:  mBrightnessEnablebySettings = true mBrightnessEnablebyBattery = true mBrightnessEnablebyDisableFlag = true mPmsBrightnessEnablebySettings = true
2024-04-22 15:00:04.931 1179-1179/? D/BatteryMeterView: ACTION_BATTERY_CHANGED : level:18 status:2 health:2
2024-04-22 15:00:04.931 1179-1179/? D/BatteryMeterView: ACTION_BATTERY_CHANGED : level:18 status:2 health:2
2024-04-22 15:00:04.931 1179-1179/? D/BatteryMeterView: ACTION_BATTERY_CHANGED : level:18 status:2 health:2
2024-04-22 15:00:06.471 1179-1179/? D/StatusBar.NetworkController: refreshViews connected={ wifi } level=4 combinedSignalIconId=0x7f020536/com.android.systemui:drawable/stat_sys_wifi_signal_4 mobileLabel=仅限紧急通话 wifiLabel="Doodle"xxxxXXXXxxxxXXXX emergencyOnly=true combinedLabel="Doodle"xxxxXXXXxxxxXXXX mAirplaneMode=false mDataActivity=0 mPhoneSignalIconId=0x7f0204c9/com.android.systemui:drawable/stat_sys_signal_4 mQSPhoneSignalIconId=0x7f020136/com.android.systemui:drawable/ic_qs_signal_4 mDataDirectionIconId=0x0/(null) mDataSignalIconId=0x7f0204c9/com.android.systemui:drawable/stat_sys_signal_4 mDataTypeIconId=0x0/(null) mQSDataTypeIconId=0x0/(null) mNoSimIconId=0x0/(null) mWifiIconId=0x7f020536/com.android.systemui:drawable/stat_sys_wifi_signal_4 mQSWifiIconId=0x7f02014c/com.android.systemui:drawable/ic_qs_wifi_4 mWifiActivityIconId=0x7f020505/com.android.systemui:drawable/stat_sys_signal_in mBluetoothTetherIconId=0x10808f0/android:drawable/stat_sys_tether_bluetooth
2024-04-22 15:00:06.471 1179-1179/? D/STATUSBAR-WifiQuickSettingButton: onWifiSignalChanged enabled=true enabledDesc:"Doodle"
2024-04-22 15:00:06.471 1179-1179/? D/StatusBar.NetworkController: refreshSignalCluster - setNWBoosterIndicators(false)
2024-04-22 15:00:06.471 1179-1179/? D/StatusBar.NetworkController: applyOpen
2024-04-22 15:00:06.471 1179-1179/? D/StatusBar.NetworkController: refreshSignalCluster - setNWBoosterIndicators(false)
2024-04-22 15:00:06.471 1179-1179/? D/StatusBar.NetworkController: applyOpen
2024-04-22 15:00:06.471 1179-1179/? D/StatusBar.NetworkController: refreshSignalCluster - setNWBoosterIndicators(false)
2024-04-22 15:00:06.471 1179-1179/? D/StatusBar.NetworkController: applyOpen
2024-04-22 15:00:06.471 1179-1179/? D/StatusBar.NetworkController: refreshSignalCluster - setNWBoosterIndicators(false)
2024-04-22 15:00:06.471 1179-1179/? D/StatusBar.NetworkController: applyOpen
2024-04-22 15:00:07.471 1179-1179/? D/StatusBar.NetworkController: refreshViews connected={ wifi } level=4 combinedSignalIconId=0x7f020536/com.android.systemui:drawable/stat_sys_wifi_signal_4 mobileLabel=仅限紧急通话 wifiLabel="Doodle"xxxxXXXXxxxxXXXX emergencyOnly=true combinedLabel="Doodle"xxxxXXXXxxxxXXXX mAirplaneMode=false mDataActivity=0 mPhoneSignalIconId=0x7f0204c9/com.android.systemui:drawable/stat_sys_signal_4 mQSPhoneSignalIconId=0x7f020136/com.android.systemui:drawable/ic_qs_signal_4 mDataDirectionIconId=0x0/(null) mDataSignalIconId=0x7f0204c9/com.android.systemui:drawable/stat_sys_signal_4 mDataTypeIconId=0x0/(null) mQSDataTypeIconId=0x0/(null) mNoSimIconId=0x0/(null) mWifiIconId=0x7f020536/com.android.systemui:drawable/stat_sys_wifi_signal_4 mQSWifiIconId=0x7f02014c/com.android.systemui:drawable/ic_qs_wifi_4 mWifiActivityIconId=0x7f020507/com.android.systemui:drawable/stat_sys_signal_inout mBluetoothTetherIconId=0x10808f0/android:drawable/stat_sys_tether_bluetooth
2024-04-22 15:00:07.471 1179-1179/? D/STATUSBAR-WifiQuickSettingButton: onWifiSignalChanged enabled=true enabledDesc:"Doodle"
2024-04-22 15:00:07.471 1179-1179/? D/StatusBar.NetworkController: refreshSignalCluster - setNWBoosterIndicators(false)
2024-04-22 15:00:07.471 1179-1179/? D/StatusBar.NetworkController: applyOpen
2024-04-22 15:00:07.471 1179-1179/? D/StatusBar.NetworkController: refreshSignalCluster - setNWBoosterIndicators(false)
2024-04-22 15:00:07.471 1179-1179/? D/StatusBar.NetworkController: applyOpen
2024-04-22 15:00:07.471 1179-1179/? D/StatusBar.NetworkController: refreshSignalCluster - setNWBoosterIndicators(false)
2024-04-22 15:00:07.471 1179-1179/? D/StatusBar.NetworkController: applyOpen
2024-04-22 15:00:07.471 1179-1179/? D/StatusBar.NetworkController: refreshSignalCluster - setNWBoosterIndicators(false)
2024-04-22 15:00:07.471 1179-1179/? D/StatusBar.NetworkController: applyOpen
2024-04-22 15:00:09.481 1179-1179/? D/StatusBar.NetworkController: refreshViews connected={ wifi } level=4 combinedSignalIconId=0x7f020536/com.android.systemui:drawable/stat_sys_wifi_signal_4 mobileLabel=仅限紧急通话 wifiLabel="Doodle"xxxxXXXXxxxxXXXX emergencyOnly=true combinedLabel="Doodle"xxxxXXXXxxxxXXXX mAirplaneMode=false mDataActivity=0 mPhoneSignalIconId=0x7f0204c9/com.android.systemui:drawable/stat_sys_signal_4 mQSPhoneSignalIconId=0x7f020136/com.android.systemui:drawable/ic_qs_signal_4 mDataDirectionIconId=0x0/(null) mDataSignalIconId=0x7f0204c9/com.android.systemui:drawable/stat_sys_signal_4 mDataTypeIconId=0x0/(null) mQSDataTypeIconId=0x0/(null) mNoSimIconId=0x0/(null) mWifiIconId=0x7f020536/com.android.systemui:drawable/stat_sys_wifi_signal_4 mQSWifiIconId=0x7f02014c/com.android.systemui:drawable/ic_qs_wifi_4 mWifiActivityIconId=0x7f020505/com.android.systemui:drawable/stat_sys_signal_in mBluetoothTetherIconId=0x10808f0/android:drawable/stat_sys_tether_bluetooth
2024-04-22 15:00:09.481 1179-1179/? D/STATUSBAR-WifiQuickSettingButton: onWifiSignalChanged enabled=true enabledDesc:"Doodle"
2024-04-22 15:00:09.481 1179-1179/? D/StatusBar.NetworkController: refreshSignalCluster - setNWBoosterIndicators(false)
2024-04-22 15:00:09.481 1179-1179/? D/StatusBar.NetworkController: applyOpen
2024-04-22 15:00:09.491 1179-1179/? D/StatusBar.NetworkController: refreshSignalCluster - setNWBoosterIndicators(false)
2024-04-22 15:00:09.491 1179-1179/? D/StatusBar.NetworkController: applyOpen
2024-04-22 15:00:09.491 1179-1179/? D/StatusBar.NetworkController: refreshSignalCluster - setNWBoosterIndicators(false)
2024-04-22 15:00:09.491 1179-1179/? D/StatusBar.NetworkController: applyOpen
2024-04-22 15:00:09.491 1179-1179/? D/StatusBar.NetworkController: refreshSignalCluster - setNWBoosterIndicators(false)
2024-04-22 15:00:09.491 1179-1179/? D/StatusBar.NetworkController: applyOpen
2024-04-22 15:00:12.491 1179-1179/? D/StatusBar.NetworkController: refreshViews connected={ wifi } level=4 combinedSignalIconId=0x7f020536/com.android.systemui:drawable/stat_sys_wifi_signal_4 mobileLabel=仅限紧急通话 wifiLabel="Doodle"xxxxXXXXxxxxXXXX emergencyOnly=true combinedLabel="Doodle"xxxxXXXXxxxxXXXX mAirplaneMode=false mDataActivity=0 mPhoneSignalIconId=0x7f0204c9/com.android.systemui:drawable/stat_sys_signal_4 mQSPhoneSignalIconId=0x7f020136/com.android.systemui:drawable/ic_qs_signal_4 mDataDirectionIconId=0x0/(null) mDataSignalIconId=0x7f0204c9/com.android.systemui:drawable/stat_sys_signal_4 mDataTypeIconId=0x0/(null) mQSDataTypeIconId=0x0/(null) mNoSimIconId=0x0/(null) mWifiIconId=0x7f020536/com.android.systemui:drawable/stat_sys_wifi_signal_4 mQSWifiIconId=0x7f02014c/com.android.systemui:drawable/ic_qs_wifi_4 mWifiActivityIconId=0x7f020507/com.android.systemui:drawable/stat_sys_signal_inout mBluetoothTetherIconId=0x10808f0/android:drawable/stat_sys_tether_bluetooth
2024-04-22 15:00:12.491 1179-1179/? D/STATUSBAR-WifiQuickSettingButton: onWifiSignalChanged enabled=true enabledDesc:"Doodle"
2024-04-22 15:00:12.491 1179-1179/? D/StatusBar.NetworkController: refreshSignalCluster - setNWBoosterIndicators(false)
2024-04-22 15:00:12.491 1179-1179/? D/StatusBar.NetworkController: applyOpen
2024-04-22 15:00:12.491 1179-1179/? D/StatusBar.NetworkController: refreshSignalCluster - setNWBoosterIndicators(false)
2024-04-22 15:00:12.491 1179-1179/? D/StatusBar.NetworkController: applyOpen
2024-04-22 15:00:12.501 1179-1179/? D/StatusBar.NetworkController: refreshSignalCluster - setNWBoosterIndicators(false)
2024-04-22 15:00:12.501 1179-1179/? D/StatusBar.NetworkController: applyOpen
2024-04-22 15:00:12.501 1179-1179/? D/StatusBar.NetworkController: refreshSignalCluster - setNWBoosterIndicators(false)
2024-04-22 15:00:12.501 1179-1179/? D/StatusBar.NetworkController: applyOpen
2024-04-22 15:00:12.611 3125-8471/? I/System.out: (HTTPLog)-Static: isSBSettingEnabled false
2024-04-22 15:00:12.651 3125-8471/? I/System.out: KnoxVpnUidStorageknoxVpnSupported API value returned is false
2024-04-22 15:00:13.051 1876-1876/? D/BoundBrokerSvc: onUnbind: Intent { act=com.google.android.gms.phenotype.service.START dat=chimera-action: cmp=com.google.android.gms/.chimera.PersistentApiService }
2024-04-22 15:00:13.571 1876-3380/? I/qtaguid: Tagging socket 53 with tag 40100000000{1025,0} uid 10033, pid: 1876, getuid(): 10015
2024-04-22 15:00:13.841 792-3705/? D/SSRM:n: SIOP:: AP = 560, PST = 561, CUR = 1200
2024-04-22 15:00:14.981 792-1230/? D/BatteryService: !@BatteryListener : batteryPropertiesChanged!
2024-04-22 15:00:14.981 792-1230/? D/BatteryService: level:18, scale:100, status:2, health:2, present:true, voltage: 3940, temperature: 411, technology: Li-ion, AC powered:true, USB powered:false, Wireless powered:false, icon:17303723, invalid charger:0
2024-04-22 15:00:14.981 792-1230/? D/BatteryService: online:3, current avg:1200, charge type:1, power sharing:false, high voltage charger:false, capacity:280000, current_now:1200
2024-04-22 15:00:14.981 792-792/? D/BatteryService: Sending ACTION_BATTERY_CHANGED.
2024-04-22 15:00:14.991 1179-1179/? D/KeyguardUpdateMonitor: received broadcast android.intent.action.BATTERY_CHANGED
2024-04-22 15:00:14.991 1179-1179/? D/KeyguardUpdateMonitor: handleBatteryUpdate
2024-04-22 15:00:14.991 1469-1469/? I/BusinessExecutor: registered Task#299 : PowerInfoEventSource$1
2024-04-22 15:00:14.991 1469-1747/? I/BusinessExecutor: Task#299 : #run() called
2024-04-22 15:00:14.991 1469-1747/? I/BusinessExecutor: Task#299 : #run() ended
2024-04-22 15:00:14.991 792-792/? I/MotionRecognitionService: Plugged
2024-04-22 15:00:14.991 792-792/? I/MotionRecognitionService: setPowerConnected  = true
2024-04-22 15:00:14.991 1179-1179/? D/STATUSBAR-PhoneStatusBar:  mBrightnessEnablebySettings = true mBrightnessEnablebyBattery = true mBrightnessEnablebyDisableFlag = true mPmsBrightnessEnablebySettings = true
2024-04-22 15:00:14.991 1179-1179/? D/BatteryMeterView: ACTION_BATTERY_CHANGED : level:18 status:2 health:2
2024-04-22 15:00:15.001 1179-1179/? D/BatteryMeterView: ACTION_BATTERY_CHANGED : level:18 status:2 health:2
2024-04-22 15:00:15.001 1179-1179/? D/BatteryMeterView: ACTION_BATTERY_CHANGED : level:18 status:2 health:2
2024-04-22 15:00:18.671 1876-3380/? I/qtaguid: Tagging socket 47 with tag 40100000000{1025,0} uid 10015, pid: 1876, getuid(): 10015
2024-04-22 15:00:18.671 1876-2254/? E/Auth: [TokenResponseCallback] TokenResponse failed with exception [CONTEXT service_id=343 ]
    axco: Failed to process request
        at axfr.b(:com.google.android.gms@241319003@24.13.19 (020308-626168189):19)
        at axgf.onFailed(:com.google.android.gms@241319003@24.13.19 (020308-626168189):13)
        at m.nd.onFailed(:com.google.android.gms.dynamite_cronetdynamite@241319003@24.13.19 (020308-0):3)
        at m.md.run(:com.google.android.gms.dynamite_cronetdynamite@241319003@24.13.19 (020308-0):9)
        at adgn.c(:com.google.android.gms@241319003@24.13.19 (020308-626168189):50)
        at adgn.run(:com.google.android.gms@241319003@24.13.19 (020308-626168189):76)
        at java.util.concurrent.ThreadPoolExecutor.runWorker(ThreadPoolExecutor.java:1112)
        at java.util.concurrent.ThreadPoolExecutor$Worker.run(ThreadPoolExecutor.java:587)
        at adlt.run(:com.google.android.gms@241319003@24.13.19 (020308-626168189):8)
        at java.lang.Thread.run(Thread.java:818)
     Caused by: m.mn: Exception in CronetUrlRequest: net::ERR_TIMED_OUT, ErrorCode=4, InternalErrorCode=-7, Retryable=true
        at org.chromium.net.impl.CronetUrlRequest.onError(:com.google.android.gms.dynamite_cronetdynamite@241319003@24.13.19 (020308-0):4)
2024-04-22 15:00:20.121 792-1099/? V/AlarmManager: waitForAlarm result :8
2024-04-22 15:00:20.151 15043-15131/? I/System.out: onlineMission--------
2024-04-22 15:00:20.151 15043-15131/? I/System.out: 06h:58m
2024-04-22 15:00:20.151 792-1323/? D/ActivityManager: bindService callerProcessName:com.google.android.gms, calleePkgName: com.google.android.gms, action: com.google.android.chimera.BoundService.START
2024-04-22 15:00:20.171 1876-1876/? D/BoundBrokerSvc: onBind: Intent { act=com.google.android.gms.udc.service.START dat=chimera-action: cmp=com.google.android.gms/.chimera.PersistentApiService }
2024-04-22 15:00:20.171 1876-1876/? D/BoundBrokerSvc: Loading bound service for intent: Intent { act=com.google.android.gms.udc.service.START dat=chimera-action: cmp=com.google.android.gms/.chimera.PersistentApiService }
2024-04-22 15:00:20.171 792-4168/? D/ActivityManager: bindService callerProcessName:com.google.android.gms, calleePkgName: com.google.android.gms, action: com.google.android.chimera.BoundService.START
2024-04-22 15:00:20.231 1876-16361/? I/LockboxIntentOp: (REDACTED) Completed task: %b
2024-04-22 15:00:20.251 792-1349/? D/ConnectivityService: returning getActiveNetworkInfo :[type: WIFI[] - WIFI, state: CONNECTED/CONNECTED, reason: (unspecified), extra: "Doodle", roaming: false, failover: false, isAvailable: true, isConnectedToProvisioningNetwork: false]
2024-04-22 15:00:20.261 1876-16412/? I/PhenotypeDbUpgradeHelpe: (REDACTED) onUpgrade %d to %d, isDeviceEncrypted %b
2024-04-22 15:00:20.261 1876-16412/? I/PhenotypeDbUpgradeHelpe: Add declarativeRegistrationInfo column to Packages table. [CONTEXT service_id=51 ]
2024-04-22 15:00:20.261 1876-16412/? E/SQLiteLog: (1) duplicate column name: declarativeRegistrationInfo
2024-04-22 15:00:20.271 1876-16412/? I/PhenotypeDbUpgradeHelpe: (REDACTED) onUpgrade %d to %d, isDeviceEncrypted %b
2024-04-22 15:00:20.271 1876-16412/? I/PhenotypeDbUpgradeHelpe: Add declarativeRegistrationInfo column to Packages table. [CONTEXT service_id=51 ]
2024-04-22 15:00:20.271 1876-16412/? E/SQLiteLog: (1) duplicate column name: declarativeRegistrationInfo
2024-04-22 15:00:20.291 1876-3380/? I/qtaguid: Tagging socket 52 with tag 40100000000{1025,0} uid 10015, pid: 1876, getuid(): 10015
2024-04-22 15:00:21.051 3125-8471/? I/System.out: (HTTPLog)-Static: isSBSettingEnabled false
2024-04-22 15:00:21.091 3125-8471/? I/System.out: KnoxVpnUidStorageknoxVpnSupported API value returned is false
2024-04-22 15:00:23.921 792-3705/? D/SSRM:n: SIOP:: AP = 560, PST = 561, CUR = 1200
2024-04-22 15:00:25.041 1179-1179/? D/KeyguardUpdateMonitor: received broadcast android.intent.action.BATTERY_CHANGED
2024-04-22 15:00:25.041 1179-1179/? D/KeyguardUpdateMonitor: handleBatteryUpdate
2024-04-22 15:00:25.041 792-1459/? D/BatteryService: !@BatteryListener : batteryPropertiesChanged!
2024-04-22 15:00:25.041 792-1459/? D/BatteryService: level:18, scale:100, status:2, health:2, present:true, voltage: 3992, temperature: 412, technology: Li-ion, AC powered:true, USB powered:false, Wireless powered:false, icon:17303723, invalid charger:0
2024-04-22 15:00:25.041 792-1459/? D/BatteryService: online:3, current avg:1200, charge type:1, power sharing:false, high voltage charger:false, capacity:280000, current_now:1200
2024-04-22 15:00:25.041 792-792/? D/BatteryService: Sending ACTION_BATTERY_CHANGED.
2024-04-22 15:00:25.041 792-792/? I/MotionRecognitionService: Plugged
2024-04-22 15:00:25.041 792-792/? I/MotionRecognitionService: setPowerConnected  = true
2024-04-22 15:00:25.041 1179-1179/? D/STATUSBAR-PhoneStatusBar:  mBrightnessEnablebySettings = true mBrightnessEnablebyBattery = true mBrightnessEnablebyDisableFlag = true mPmsBrightnessEnablebySettings = true
2024-04-22 15:00:25.041 1179-1179/? D/BatteryMeterView: ACTION_BATTERY_CHANGED : level:18 status:2 health:2
2024-04-22 15:00:25.041 1179-1179/? D/BatteryMeterView: ACTION_BATTERY_CHANGED : level:18 status:2 health:2
2024-04-22 15:00:25.041 1179-1179/? D/BatteryMeterView: ACTION_BATTERY_CHANGED : level:18 status:2 health:2
2024-04-22 15:00:25.051 1469-1469/? I/BusinessExecutor: registered Task#300 : PowerInfoEventSource$1
2024-04-22 15:00:25.051 1469-1747/? I/BusinessExecutor: Task#300 : #run() called
2024-04-22 15:00:25.051 1469-1747/? I/BusinessExecutor: Task#300 : #run() ended
2024-04-22 15:00:25.531 1179-1179/? D/StatusBar.NetworkController: refreshViews connected={ wifi } level=4 combinedSignalIconId=0x7f020536/com.android.systemui:drawable/stat_sys_wifi_signal_4 mobileLabel=仅限紧急通话 wifiLabel="Doodle"xxxxXXXXxxxxXXXX emergencyOnly=true combinedLabel="Doodle"xxxxXXXXxxxxXXXX mAirplaneMode=false mDataActivity=0 mPhoneSignalIconId=0x7f0204c9/com.android.systemui:drawable/stat_sys_signal_4 mQSPhoneSignalIconId=0x7f020136/com.android.systemui:drawable/ic_qs_signal_4 mDataDirectionIconId=0x0/(null) mDataSignalIconId=0x7f0204c9/com.android.systemui:drawable/stat_sys_signal_4 mDataTypeIconId=0x0/(null) mQSDataTypeIconId=0x0/(null) mNoSimIconId=0x0/(null) mWifiIconId=0x7f020536/com.android.systemui:drawable/stat_sys_wifi_signal_4 mQSWifiIconId=0x7f02014c/com.android.systemui:drawable/ic_qs_wifi_4 mWifiActivityIconId=0x7f020505/com.android.systemui:drawable/stat_sys_signal_in mBluetoothTetherIconId=0x10808f0/android:drawable/stat_sys_tether_bluetooth
2024-04-22 15:00:25.531 1179-1179/? D/STATUSBAR-WifiQuickSettingButton: onWifiSignalChanged enabled=true enabledDesc:"Doodle"
2024-04-22 15:00:25.531 1179-1179/? D/StatusBar.NetworkController: refreshSignalCluster - setNWBoosterIndicators(false)
2024-04-22 15:00:25.531 1179-1179/? D/StatusBar.NetworkController: applyOpen
2024-04-22 15:00:25.531 1179-1179/? D/StatusBar.NetworkController: refreshSignalCluster - setNWBoosterIndicators(false)
2024-04-22 15:00:25.531 1179-1179/? D/StatusBar.NetworkController: applyOpen
2024-04-22 15:00:25.531 1179-1179/? D/StatusBar.NetworkController: refreshSignalCluster - setNWBoosterIndicators(false)
2024-04-22 15:00:25.531 1179-1179/? D/StatusBar.NetworkController: applyOpen
2024-04-22 15:00:25.541 1179-1179/? D/StatusBar.NetworkController: refreshSignalCluster - setNWBoosterIndicators(false)
2024-04-22 15:00:25.541 1179-1179/? D/StatusBar.NetworkController: applyOpen
2024-04-22 15:00:26.541 1179-1179/? D/StatusBar.NetworkController: refreshViews connected={ wifi } level=4 combinedSignalIconId=0x7f020536/com.android.systemui:drawable/stat_sys_wifi_signal_4 mobileLabel=仅限紧急通话 wifiLabel="Doodle"xxxxXXXXxxxxXXXX emergencyOnly=true combinedLabel="Doodle"xxxxXXXXxxxxXXXX mAirplaneMode=false mDataActivity=0 mPhoneSignalIconId=0x7f0204c9/com.android.systemui:drawable/stat_sys_signal_4 mQSPhoneSignalIconId=0x7f020136/com.android.systemui:drawable/ic_qs_signal_4 mDataDirectionIconId=0x0/(null) mDataSignalIconId=0x7f0204c9/com.android.systemui:drawable/stat_sys_signal_4 mDataTypeIconId=0x0/(null) mQSDataTypeIconId=0x0/(null) mNoSimIconId=0x0/(null) mWifiIconId=0x7f020536/com.android.systemui:drawable/stat_sys_wifi_signal_4 mQSWifiIconId=0x7f02014c/com.android.systemui:drawable/ic_qs_wifi_4 mWifiActivityIconId=0x7f020507/com.android.systemui:drawable/stat_sys_signal_inout mBluetoothTetherIconId=0x10808f0/android:drawable/stat_sys_tether_bluetooth
2024-04-22 15:00:26.541 1179-1179/? D/STATUSBAR-WifiQuickSettingButton: onWifiSignalChanged enabled=true enabledDesc:"Doodle"
2024-04-22 15:00:26.541 1179-1179/? D/StatusBar.NetworkController: refreshSignalCluster - setNWBoosterIndicators(false)
2024-04-22 15:00:26.541 1179-1179/? D/StatusBar.NetworkController: applyOpen
2024-04-22 15:00:26.541 1179-1179/? D/StatusBar.NetworkController: refreshSignalCluster - setNWBoosterIndicators(false)
2024-04-22 15:00:26.551 1179-1179/? D/StatusBar.NetworkController: applyOpen
2024-04-22 15:00:26.551 1179-1179/? D/StatusBar.NetworkController: refreshSignalCluster - setNWBoosterIndicators(false)
2024-04-22 15:00:26.551 1179-1179/? D/StatusBar.NetworkController: applyOpen
2024-04-22 15:00:26.551 1179-1179/? D/StatusBar.NetworkController: refreshSignalCluster - setNWBoosterIndicators(false)
2024-04-22 15:00:26.551 1179-1179/? D/StatusBar.NetworkController: applyOpen
2024-04-22 15:00:27.011 1876-3380/? I/qtaguid: Tagging socket 48 with tag 40100000000{1025,0} uid 10015, pid: 1876, getuid(): 10015
2024-04-22 15:00:27.311 3125-8471/? I/System.out: (HTTPLog)-Static: isSBSettingEnabled false
2024-04-22 15:00:27.311 3125-8471/? I/System.out: KnoxVpnUidStorageknoxVpnSupported API value returned is false
2024-04-22 15:00:33.461 792-1304/? E/Watchdog: !@Sync 73
2024-04-22 15:00:33.571 1179-1179/? D/StatusBar.NetworkController: refreshViews connected={ wifi } level=4 combinedSignalIconId=0x7f020536/com.android.systemui:drawable/stat_sys_wifi_signal_4 mobileLabel=仅限紧急通话 wifiLabel="Doodle"xxxxXXXXxxxxXXXX emergencyOnly=true combinedLabel="Doodle"xxxxXXXXxxxxXXXX mAirplaneMode=false mDataActivity=0 mPhoneSignalIconId=0x7f0204c9/com.android.systemui:drawable/stat_sys_signal_4 mQSPhoneSignalIconId=0x7f020136/com.android.systemui:drawable/ic_qs_signal_4 mDataDirectionIconId=0x0/(null) mDataSignalIconId=0x7f0204c9/com.android.systemui:drawable/stat_sys_signal_4 mDataTypeIconId=0x0/(null) mQSDataTypeIconId=0x0/(null) mNoSimIconId=0x0/(null) mWifiIconId=0x7f020536/com.android.systemui:drawable/stat_sys_wifi_signal_4 mQSWifiIconId=0x7f02014c/com.android.systemui:drawable/ic_qs_wifi_4 mWifiActivityIconId=0x7f020505/com.android.systemui:drawable/stat_sys_signal_in mBluetoothTetherIconId=0x10808f0/android:drawable/stat_sys_tether_bluetooth
2024-04-22 15:00:33.571 1179-1179/? D/STATUSBAR-WifiQuickSettingButton: onWifiSignalChanged enabled=true enabledDesc:"Doodle"
2024-04-22 15:00:33.571 1179-1179/? D/StatusBar.NetworkController: refreshSignalCluster - setNWBoosterIndicators(false)
2024-04-22 15:00:33.571 1179-1179/? D/StatusBar.NetworkController: applyOpen
2024-04-22 15:00:33.581 1179-1179/? D/StatusBar.NetworkController: refreshSignalCluster - setNWBoosterIndicators(false)
2024-04-22 15:00:33.581 1179-1179/? D/StatusBar.NetworkController: applyOpen
2024-04-22 15:00:33.581 1179-1179/? D/StatusBar.NetworkController: refreshSignalCluster - setNWBoosterIndicators(false)
2024-04-22 15:00:33.581 1179-1179/? D/StatusBar.NetworkController: applyOpen
2024-04-22 15:00:33.581 1179-1179/? D/StatusBar.NetworkController: refreshSignalCluster - setNWBoosterIndicators(false)
2024-04-22 15:00:33.581 1179-1179/? D/StatusBar.NetworkController: applyOpen
2024-04-22 15:00:34.001 792-3705/? D/SSRM:n: SIOP:: AP = 560, PST = 560, CUR = 1200
2024-04-22 15:00:34.581 1179-1179/? D/StatusBar.NetworkController: refreshViews connected={ wifi } level=4 combinedSignalIconId=0x7f020536/com.android.systemui:drawable/stat_sys_wifi_signal_4 mobileLabel=仅限紧急通话 wifiLabel="Doodle"xxxxXXXXxxxxXXXX emergencyOnly=true combinedLabel="Doodle"xxxxXXXXxxxxXXXX mAirplaneMode=false mDataActivity=0 mPhoneSignalIconId=0x7f0204c9/com.android.systemui:drawable/stat_sys_signal_4 mQSPhoneSignalIconId=0x7f020136/com.android.systemui:drawable/ic_qs_signal_4 mDataDirectionIconId=0x0/(null) mDataSignalIconId=0x7f0204c9/com.android.systemui:drawable/stat_sys_signal_4 mDataTypeIconId=0x0/(null) mQSDataTypeIconId=0x0/(null) mNoSimIconId=0x0/(null) mWifiIconId=0x7f020536/com.android.systemui:drawable/stat_sys_wifi_signal_4 mQSWifiIconId=0x7f02014c/com.android.systemui:drawable/ic_qs_wifi_4 mWifiActivityIconId=0x7f020507/com.android.systemui:drawable/stat_sys_signal_inout mBluetoothTetherIconId=0x10808f0/android:drawable/stat_sys_tether_bluetooth
2024-04-22 15:00:34.581 1179-1179/? D/STATUSBAR-WifiQuickSettingButton: onWifiSignalChanged enabled=true enabledDesc:"Doodle"
2024-04-22 15:00:34.581 1179-1179/? D/StatusBar.NetworkController: refreshSignalCluster - setNWBoosterIndicators(false)
2024-04-22 15:00:34.581 1179-1179/? D/StatusBar.NetworkController: applyOpen
2024-04-22 15:00:34.591 1179-1179/? D/StatusBar.NetworkController: refreshSignalCluster - setNWBoosterIndicators(false)
2024-04-22 15:00:34.591 1179-1179/? D/StatusBar.NetworkController: applyOpen
2024-04-22 15:00:34.591 1179-1179/? D/StatusBar.NetworkController: refreshSignalCluster - setNWBoosterIndicators(false)
2024-04-22 15:00:34.591 1179-1179/? D/StatusBar.NetworkController: applyOpen
2024-04-22 15:00:34.591 1179-1179/? D/StatusBar.NetworkController: refreshSignalCluster - setNWBoosterIndicators(false)
2024-04-22 15:00:34.591 1179-1179/? D/StatusBar.NetworkController: applyOpen
2024-04-22 15:00:35.091 792-1323/? D/BatteryService: !@BatteryListener : batteryPropertiesChanged!
2024-04-22 15:00:35.091 792-1323/? D/BatteryService: level:18, scale:100, status:2, health:2, present:true, voltage: 3943, temperature: 412, technology: Li-ion, AC powered:true, USB powered:false, Wireless powered:false, icon:17303723, invalid charger:0
2024-04-22 15:00:35.091 792-1323/? D/BatteryService: online:3, current avg:1200, charge type:1, power sharing:false, high voltage charger:false, capacity:280000, current_now:1200
2024-04-22 15:00:35.091 792-792/? D/BatteryService: Sending ACTION_BATTERY_CHANGED.
2024-04-22 15:00:35.101 1179-1179/? D/KeyguardUpdateMonitor: received broadcast android.intent.action.BATTERY_CHANGED
2024-04-22 15:00:35.101 1179-1179/? D/KeyguardUpdateMonitor: handleBatteryUpdate
2024-04-22 15:00:35.101 1469-1469/? I/BusinessExecutor: registered Task#301 : PowerInfoEventSource$1
2024-04-22 15:00:35.101 1469-1747/? I/BusinessExecutor: Task#301 : #run() called
