2024-04-22 15:01:20.371 1876-16412/? I/PhenotypeDbUpgradeHelpe: (REDACTED) onUpgrade %d to %d, isDeviceEncrypted %b
2024-04-22 15:01:20.371 1876-16412/? I/PhenotypeDbUpgradeHelpe: Add declarativeRegistrationInfo column to Packages table. [CONTEXT service_id=51 ]
2024-04-22 15:01:20.371 1876-16412/? E/SQLiteLog: (1) duplicate column name: declarativeRegistrationInfo
2024-04-22 15:01:21.811 1876-3380/? I/qtaguid: Tagging socket 47 with tag 40100000000{1025,0} uid 10015, pid: 1876, getuid(): 10015
2024-04-22 15:01:23.491 1876-3380/? I/qtaguid: Tagging socket 52 with tag 40100000000{1025,0} uid 10015, pid: 1876, getuid(): 10015
2024-04-22 15:01:24.351 792-3705/? D/SSRM:n: SIOP:: AP = 570, PST = 560, CUR = 1200
2024-04-22 15:01:26.121 792-1099/? V/AlarmManager: waitForAlarm result :4
2024-04-22 15:01:26.131 1876-16361/? I/AlarmManager: set [name: GCM_HB_ALARM type: 2 triggerAtMillis: 12873143 windowMillis: 0 intervalMillis: 0]
2024-04-22 15:01:26.141 1876-16361/? E/WakeLock: GCM_HB_ALARM release without a matched acquire!
2024-04-22 15:01:26.141 792-4169/? D/ActivityManager: bindService callerProcessName:com.google.android.gms, calleePkgName: com.google.android.gms, action: com.google.android.chimera.BoundService.START
2024-04-22 15:01:26.151 792-4168/? D/ConnectivityService: returning getActiveNetworkInfo :[type: WIFI[] - WIFI, state: CONNECTED/CONNECTED, reason: (unspecified), extra: "Doodle", roaming: false, failover: false, isAvailable: true, isConnectedToProvisioningNetwork: false]
2024-04-22 15:01:26.171 1179-1179/? D/KeyguardUpdateMonitor: received broadcast android.intent.action.BATTERY_CHANGED
2024-04-22 15:01:26.171 1179-1179/? D/KeyguardUpdateMonitor: handleBatteryUpdate
2024-04-22 15:01:26.171 1469-1469/? I/BusinessExecutor: registered Task#307 : PowerInfoEventSource$1
2024-04-22 15:01:26.171 1469-1747/? I/BusinessExecutor: Task#307 : #run() called
2024-04-22 15:01:26.171 1469-1747/? I/BusinessExecutor: Task#307 : #run() ended
2024-04-22 15:01:26.171 792-2866/? D/BatteryService: !@BatteryListener : batteryPropertiesChanged!
2024-04-22 15:01:26.171 792-2866/? D/BatteryService: level:19, scale:100, status:2, health:2, present:true, voltage: 4060, temperature: 415, technology: Li-ion, AC powered:true, USB powered:false, Wireless powered:false, icon:17303723, invalid charger:0
2024-04-22 15:01:26.171 792-2866/? D/BatteryService: online:3, current avg:1200, charge type:1, power sharing:false, high voltage charger:false, capacity:280000, current_now:1200
2024-04-22 15:01:26.171 792-792/? D/BatteryService: Sending ACTION_BATTERY_CHANGED.
2024-04-22 15:01:26.171 792-792/? I/MotionRecognitionService: Plugged
2024-04-22 15:01:26.171 792-792/? I/MotionRecognitionService: setPowerConnected  = true
2024-04-22 15:01:26.171 1179-1179/? D/STATUSBAR-PhoneStatusBar:  mBrightnessEnablebySettings = true mBrightnessEnablebyBattery = true mBrightnessEnablebyDisableFlag = true mPmsBrightnessEnablebySettings = true
2024-04-22 15:01:26.171 1179-1179/? D/BatteryMeterView: ACTION_BATTERY_CHANGED : level:19 status:2 health:2
2024-04-22 15:01:26.171 1179-1179/? D/BatteryMeterView: ACTION_BATTERY_CHANGED : level:19 status:2 health:2
2024-04-22 15:01:26.171 1179-1179/? D/BatteryMeterView: ACTION_BATTERY_CHANGED : level:19 status:2 health:2
2024-04-22 15:01:26.411 1876-16290/? I/AlarmManager: set [name: GCM_HB_ALARM type: 2 triggerAtMillis: 14543423 windowMillis: 0 intervalMillis: 0]
2024-04-22 15:01:26.421 792-1459/? D/ConnectivityService: returning getActiveNetworkInfo :[type: WIFI[] - WIFI, state: CONNECTED/CONNECTED, reason: (unspecified), extra: "Doodle", roaming: false, failover: false, isAvailable: true, isConnectedToProvisioningNetwork: false]
2024-04-22 15:01:27.771 1179-1179/? D/StatusBar.NetworkController: refreshViews connected={ wifi } level=4 combinedSignalIconId=0x7f020536/com.android.systemui:drawable/stat_sys_wifi_signal_4 mobileLabel=仅限紧急通话 wifiLabel="Doodle"xxxxXXXXxxxxXXXX emergencyOnly=true combinedLabel="Doodle"xxxxXXXXxxxxXXXX mAirplaneMode=false mDataActivity=0 mPhoneSignalIconId=0x7f0204c9/com.android.systemui:drawable/stat_sys_signal_4 mQSPhoneSignalIconId=0x7f020136/com.android.systemui:drawable/ic_qs_signal_4 mDataDirectionIconId=0x0/(null) mDataSignalIconId=0x7f0204c9/com.android.systemui:drawable/stat_sys_signal_4 mDataTypeIconId=0x0/(null) mQSDataTypeIconId=0x0/(null) mNoSimIconId=0x0/(null) mWifiIconId=0x7f020536/com.android.systemui:drawable/stat_sys_wifi_signal_4 mQSWifiIconId=0x7f02014c/com.android.systemui:drawable/ic_qs_wifi_4 mWifiActivityIconId=0x7f020505/com.android.systemui:drawable/stat_sys_signal_in mBluetoothTetherIconId=0x10808f0/android:drawable/stat_sys_tether_bluetooth
2024-04-22 15:01:27.771 1179-1179/? D/STATUSBAR-WifiQuickSettingButton: onWifiSignalChanged enabled=true enabledDesc:"Doodle"
2024-04-22 15:01:27.771 1179-1179/? D/StatusBar.NetworkController: refreshSignalCluster - setNWBoosterIndicators(false)
2024-04-22 15:01:27.771 1179-1179/? D/StatusBar.NetworkController: applyOpen
2024-04-22 15:01:27.771 1179-1179/? D/StatusBar.NetworkController: refreshSignalCluster - setNWBoosterIndicators(false)
2024-04-22 15:01:27.771 1179-1179/? D/StatusBar.NetworkController: applyOpen
2024-04-22 15:01:27.771 1179-1179/? D/StatusBar.NetworkController: refreshSignalCluster - setNWBoosterIndicators(false)
2024-04-22 15:01:27.771 1179-1179/? D/StatusBar.NetworkController: applyOpen
2024-04-22 15:01:27.771 1179-1179/? D/StatusBar.NetworkController: refreshSignalCluster - setNWBoosterIndicators(false)
2024-04-22 15:01:27.771 1179-1179/? D/StatusBar.NetworkController: applyOpen
2024-04-22 15:01:29.781 1179-1179/? D/StatusBar.NetworkController: refreshViews connected={ wifi } level=4 combinedSignalIconId=0x7f020536/com.android.systemui:drawable/stat_sys_wifi_signal_4 mobileLabel=仅限紧急通话 wifiLabel="Doodle"xxxxXXXXxxxxXXXX emergencyOnly=true combinedLabel="Doodle"xxxxXXXXxxxxXXXX mAirplaneMode=false mDataActivity=0 mPhoneSignalIconId=0x7f0204c9/com.android.systemui:drawable/stat_sys_signal_4 mQSPhoneSignalIconId=0x7f020136/com.android.systemui:drawable/ic_qs_signal_4 mDataDirectionIconId=0x0/(null) mDataSignalIconId=0x7f0204c9/com.android.systemui:drawable/stat_sys_signal_4 mDataTypeIconId=0x0/(null) mQSDataTypeIconId=0x0/(null) mNoSimIconId=0x0/(null) mWifiIconId=0x7f020536/com.android.systemui:drawable/stat_sys_wifi_signal_4 mQSWifiIconId=0x7f02014c/com.android.systemui:drawable/ic_qs_wifi_4 mWifiActivityIconId=0x7f020507/com.android.systemui:drawable/stat_sys_signal_inout mBluetoothTetherIconId=0x10808f0/android:drawable/stat_sys_tether_bluetooth
2024-04-22 15:01:29.781 1179-1179/? D/STATUSBAR-WifiQuickSettingButton: onWifiSignalChanged enabled=true enabledDesc:"Doodle"
2024-04-22 15:01:29.781 1179-1179/? D/StatusBar.NetworkController: refreshSignalCluster - setNWBoosterIndicators(false)
2024-04-22 15:01:29.781 1179-1179/? D/StatusBar.NetworkController: applyOpen
2024-04-22 15:01:29.781 1179-1179/? D/StatusBar.NetworkController: refreshSignalCluster - setNWBoosterIndicators(false)
2024-04-22 15:01:29.781 1179-1179/? D/StatusBar.NetworkController: applyOpen
2024-04-22 15:01:29.781 1179-1179/? D/StatusBar.NetworkController: refreshSignalCluster - setNWBoosterIndicators(false)
2024-04-22 15:01:29.781 1179-1179/? D/StatusBar.NetworkController: applyOpen
2024-04-22 15:01:29.781 1179-1179/? D/StatusBar.NetworkController: refreshSignalCluster - setNWBoosterIndicators(false)
2024-04-22 15:01:29.781 1179-1179/? D/StatusBar.NetworkController: applyOpen
2024-04-22 15:01:33.461 792-1304/? E/Watchdog: !@Sync 75
2024-04-22 15:01:34.431 792-3705/? D/SSRM:n: SIOP:: AP = 570, PST = 560, CUR = 1200
2024-04-22 15:01:35.321 1876-1876/? D/BoundBrokerSvc: onUnbind: Intent { act=com.google.android.gms.udc.service.START dat=chimera-action: cmp=com.google.android.gms/.chimera.PersistentApiService }
2024-04-22 15:01:36.221 1469-1469/? I/BusinessExecutor: registered Task#308 : PowerInfoEventSource$1
2024-04-22 15:01:36.221 1469-1747/? I/BusinessExecutor: Task#308 : #run() called
2024-04-22 15:01:36.221 1469-1747/? I/BusinessExecutor: Task#308 : #run() ended
2024-04-22 15:01:36.221 1179-1179/? D/KeyguardUpdateMonitor: received broadcast android.intent.action.BATTERY_CHANGED
2024-04-22 15:01:36.221 1179-1179/? D/KeyguardUpdateMonitor: handleBatteryUpdate
2024-04-22 15:01:36.221 792-4168/? D/BatteryService: !@BatteryListener : batteryPropertiesChanged!
2024-04-22 15:01:36.221 792-4168/? D/BatteryService: level:19, scale:100, status:2, health:2, present:true, voltage: 4020, temperature: 416, technology: Li-ion, AC powered:true, USB powered:false, Wireless powered:false, icon:17303723, invalid charger:0
2024-04-22 15:01:36.221 792-4168/? D/BatteryService: online:3, current avg:1200, charge type:1, power sharing:false, high voltage charger:false, capacity:280000, current_now:1200
2024-04-22 15:01:36.221 792-792/? D/BatteryService: Sending ACTION_BATTERY_CHANGED.
2024-04-22 15:01:36.221 792-792/? I/MotionRecognitionService: Plugged
2024-04-22 15:01:36.221 792-792/? I/MotionRecognitionService: setPowerConnected  = true
2024-04-22 15:01:36.221 1179-1179/? D/STATUSBAR-PhoneStatusBar:  mBrightnessEnablebySettings = true mBrightnessEnablebyBattery = true mBrightnessEnablebyDisableFlag = true mPmsBrightnessEnablebySettings = true
2024-04-22 15:01:36.221 1179-1179/? D/BatteryMeterView: ACTION_BATTERY_CHANGED : level:19 status:2 health:2
2024-04-22 15:01:36.221 1179-1179/? D/BatteryMeterView: ACTION_BATTERY_CHANGED : level:19 status:2 health:2
2024-04-22 15:01:36.221 1179-1179/? D/BatteryMeterView: ACTION_BATTERY_CHANGED : level:19 status:2 health:2
2024-04-22 15:01:36.801 1179-1179/? D/StatusBar.NetworkController: refreshViews connected={ wifi } level=4 combinedSignalIconId=0x7f020536/com.android.systemui:drawable/stat_sys_wifi_signal_4 mobileLabel=仅限紧急通话 wifiLabel="Doodle"xxxxXXXXxxxxXXXX emergencyOnly=true combinedLabel="Doodle"xxxxXXXXxxxxXXXX mAirplaneMode=false mDataActivity=0 mPhoneSignalIconId=0x7f0204c9/com.android.systemui:drawable/stat_sys_signal_4 mQSPhoneSignalIconId=0x7f020136/com.android.systemui:drawable/ic_qs_signal_4 mDataDirectionIconId=0x0/(null) mDataSignalIconId=0x7f0204c9/com.android.systemui:drawable/stat_sys_signal_4 mDataTypeIconId=0x0/(null) mQSDataTypeIconId=0x0/(null) mNoSimIconId=0x0/(null) mWifiIconId=0x7f020536/com.android.systemui:drawable/stat_sys_wifi_signal_4 mQSWifiIconId=0x7f02014c/com.android.systemui:drawable/ic_qs_wifi_4 mWifiActivityIconId=0x7f020505/com.android.systemui:drawable/stat_sys_signal_in mBluetoothTetherIconId=0x10808f0/android:drawable/stat_sys_tether_bluetooth
2024-04-22 15:01:36.801 1179-1179/? D/STATUSBAR-WifiQuickSettingButton: onWifiSignalChanged enabled=true enabledDesc:"Doodle"
2024-04-22 15:01:36.801 1179-1179/? D/StatusBar.NetworkController: refreshSignalCluster - setNWBoosterIndicators(false)
2024-04-22 15:01:36.801 1179-1179/? D/StatusBar.NetworkController: applyOpen
2024-04-22 15:01:36.801 1179-1179/? D/StatusBar.NetworkController: refreshSignalCluster - setNWBoosterIndicators(false)
2024-04-22 15:01:36.801 1179-1179/? D/StatusBar.NetworkController: applyOpen
2024-04-22 15:01:36.801 1179-1179/? D/StatusBar.NetworkController: refreshSignalCluster - setNWBoosterIndicators(false)
2024-04-22 15:01:36.801 1179-1179/? D/StatusBar.NetworkController: applyOpen
2024-04-22 15:01:36.811 1179-1179/? D/StatusBar.NetworkController: refreshSignalCluster - setNWBoosterIndicators(false)
2024-04-22 15:01:36.811 1179-1179/? D/StatusBar.NetworkController: applyOpen
2024-04-22 15:01:37.811 1179-1179/? D/StatusBar.NetworkController: refreshViews connected={ wifi } level=4 combinedSignalIconId=0x7f020536/com.android.systemui:drawable/stat_sys_wifi_signal_4 mobileLabel=仅限紧急通话 wifiLabel="Doodle"xxxxXXXXxxxxXXXX emergencyOnly=true combinedLabel="Doodle"xxxxXXXXxxxxXXXX mAirplaneMode=false mDataActivity=0 mPhoneSignalIconId=0x7f0204c9/com.android.systemui:drawable/stat_sys_signal_4 mQSPhoneSignalIconId=0x7f020136/com.android.systemui:drawable/ic_qs_signal_4 mDataDirectionIconId=0x0/(null) mDataSignalIconId=0x7f0204c9/com.android.systemui:drawable/stat_sys_signal_4 mDataTypeIconId=0x0/(null) mQSDataTypeIconId=0x0/(null) mNoSimIconId=0x0/(null) mWifiIconId=0x7f020536/com.android.systemui:drawable/stat_sys_wifi_signal_4 mQSWifiIconId=0x7f02014c/com.android.systemui:drawable/ic_qs_wifi_4 mWifiActivityIconId=0x7f020507/com.android.systemui:drawable/stat_sys_signal_inout mBluetoothTetherIconId=0x10808f0/android:drawable/stat_sys_tether_bluetooth
2024-04-22 15:01:37.811 1179-1179/? D/STATUSBAR-WifiQuickSettingButton: onWifiSignalChanged enabled=true enabledDesc:"Doodle"
2024-04-22 15:01:37.811 1179-1179/? D/StatusBar.NetworkController: refreshSignalCluster - setNWBoosterIndicators(false)
2024-04-22 15:01:37.811 1179-1179/? D/StatusBar.NetworkController: applyOpen
2024-04-22 15:01:37.811 1179-1179/? D/StatusBar.NetworkController: refreshSignalCluster - setNWBoosterIndicators(false)
2024-04-22 15:01:37.811 1179-1179/? D/StatusBar.NetworkController: applyOpen
2024-04-22 15:01:37.811 1179-1179/? D/StatusBar.NetworkController: refreshSignalCluster - setNWBoosterIndicators(false)
2024-04-22 15:01:37.811 1179-1179/? D/StatusBar.NetworkController: applyOpen
2024-04-22 15:01:37.811 1179-1179/? D/StatusBar.NetworkController: refreshSignalCluster - setNWBoosterIndicators(false)
2024-04-22 15:01:37.811 1179-1179/? D/StatusBar.NetworkController: applyOpen
2024-04-22 15:01:38.441 1876-3380/? E/chromium: [0422/150138.457589:ERROR:ssl_client_socket_impl.cc(970)] handshake failed; returned -1, SSL error code 1, net_error -101
2024-04-22 15:01:38.451 1876-3380/? I/qtaguid: Tagging socket 62 with tag 1065fff00000000{17195007,0} uid -1, pid: 1876, getuid(): 10015
2024-04-22 15:01:39.041 792-1099/? V/AlarmManager: waitForAlarm result :8
2024-04-22 15:01:39.071 792-1672/? D/ActivityManager: startService callerProcessName:com.sec.spp.push, calleePkgName: com.sec.spp.push
2024-04-22 15:01:39.101 5082-5082/? E/SPPClientService: [[PushClientService]] reqType : 0
2024-04-22 15:01:39.101 792-4168/? D/ConnectivityService: returning getActiveNetworkInfo :[type: WIFI[] - WIFI, state: CONNECTED/CONNECTED, reason: (unspecified), extra: "Doodle", roaming: false, failover: false, isAvailable: true, isConnectedToProvisioningNetwork: false]
2024-04-22 15:01:39.111 5082-5082/? E/SPPClientService: [[PushClientService]] F:false, D:false, E:false, T:false, S:true, R:false
2024-04-22 15:01:39.111 792-1230/? D/ConnectivityService: returning getActiveNetworkInfo :[type: WIFI[] - WIFI, state: CONNECTED/CONNECTED, reason: (unspecified), extra: "Doodle", roaming: false, failover: false, isAvailable: true, isConnectedToProvisioningNetwork: false]
2024-04-22 15:01:40.821 1179-1179/? D/StatusBar.NetworkController: refreshViews connected={ wifi } level=4 combinedSignalIconId=0x7f020536/com.android.systemui:drawable/stat_sys_wifi_signal_4 mobileLabel=仅限紧急通话 wifiLabel="Doodle"xxxxXXXXxxxxXXXX emergencyOnly=true combinedLabel="Doodle"xxxxXXXXxxxxXXXX mAirplaneMode=false mDataActivity=0 mPhoneSignalIconId=0x7f0204c9/com.android.systemui:drawable/stat_sys_signal_4 mQSPhoneSignalIconId=0x7f020136/com.android.systemui:drawable/ic_qs_signal_4 mDataDirectionIconId=0x0/(null) mDataSignalIconId=0x7f0204c9/com.android.systemui:drawable/stat_sys_signal_4 mDataTypeIconId=0x0/(null) mQSDataTypeIconId=0x0/(null) mNoSimIconId=0x0/(null) mWifiIconId=0x7f020536/com.android.systemui:drawable/stat_sys_wifi_signal_4 mQSWifiIconId=0x7f02014c/com.android.systemui:drawable/ic_qs_wifi_4 mWifiActivityIconId=0x7f020505/com.android.systemui:drawable/stat_sys_signal_in mBluetoothTetherIconId=0x10808f0/android:drawable/stat_sys_tether_bluetooth
2024-04-22 15:01:40.821 1179-1179/? D/STATUSBAR-WifiQuickSettingButton: onWifiSignalChanged enabled=true enabledDesc:"Doodle"
2024-04-22 15:01:40.821 1179-1179/? D/StatusBar.NetworkController: refreshSignalCluster - setNWBoosterIndicators(false)
2024-04-22 15:01:40.821 1179-1179/? D/StatusBar.NetworkController: applyOpen
2024-04-22 15:01:40.821 1179-1179/? D/StatusBar.NetworkController: refreshSignalCluster - setNWBoosterIndicators(false)
2024-04-22 15:01:40.821 1179-1179/? D/StatusBar.NetworkController: applyOpen
2024-04-22 15:01:40.821 1179-1179/? D/StatusBar.NetworkController: refreshSignalCluster - setNWBoosterIndicators(false)
2024-04-22 15:01:40.821 1179-1179/? D/StatusBar.NetworkController: applyOpen
2024-04-22 15:01:40.821 1179-1179/? D/StatusBar.NetworkController: refreshSignalCluster - setNWBoosterIndicators(false)
2024-04-22 15:01:40.821 1179-1179/? D/StatusBar.NetworkController: applyOpen
2024-04-22 15:01:41.831 1179-1179/? D/StatusBar.NetworkController: refreshViews connected={ wifi } level=4 combinedSignalIconId=0x7f020536/com.android.systemui:drawable/stat_sys_wifi_signal_4 mobileLabel=仅限紧急通话 wifiLabel="Doodle"xxxxXXXXxxxxXXXX emergencyOnly=true combinedLabel="Doodle"xxxxXXXXxxxxXXXX mAirplaneMode=false mDataActivity=0 mPhoneSignalIconId=0x7f0204c9/com.android.systemui:drawable/stat_sys_signal_4 mQSPhoneSignalIconId=0x7f020136/com.android.systemui:drawable/ic_qs_signal_4 mDataDirectionIconId=0x0/(null) mDataSignalIconId=0x7f0204c9/com.android.systemui:drawable/stat_sys_signal_4 mDataTypeIconId=0x0/(null) mQSDataTypeIconId=0x0/(null) mNoSimIconId=0x0/(null) mWifiIconId=0x7f020536/com.android.systemui:drawable/stat_sys_wifi_signal_4 mQSWifiIconId=0x7f02014c/com.android.systemui:drawable/ic_qs_wifi_4 mWifiActivityIconId=0x7f020507/com.android.systemui:drawable/stat_sys_signal_inout mBluetoothTetherIconId=0x10808f0/android:drawable/stat_sys_tether_bluetooth
2024-04-22 15:01:41.831 1179-1179/? D/STATUSBAR-WifiQuickSettingButton: onWifiSignalChanged enabled=true enabledDesc:"Doodle"
2024-04-22 15:01:41.831 1179-1179/? D/StatusBar.NetworkController: refreshSignalCluster - setNWBoosterIndicators(false)
2024-04-22 15:01:41.831 1179-1179/? D/StatusBar.NetworkController: applyOpen
2024-04-22 15:01:41.831 1179-1179/? D/StatusBar.NetworkController: refreshSignalCluster - setNWBoosterIndicators(false)
2024-04-22 15:01:41.831 1179-1179/? D/StatusBar.NetworkController: applyOpen
2024-04-22 15:01:41.841 1179-1179/? D/StatusBar.NetworkController: refreshSignalCluster - setNWBoosterIndicators(false)
2024-04-22 15:01:41.841 1179-1179/? D/StatusBar.NetworkController: applyOpen
2024-04-22 15:01:41.841 1179-1179/? D/StatusBar.NetworkController: refreshSignalCluster - setNWBoosterIndicators(false)
2024-04-22 15:01:41.841 1179-1179/? D/StatusBar.NetworkController: applyOpen
2024-04-22 15:01:42.841 1179-1179/? D/StatusBar.NetworkController: refreshViews connected={ wifi } level=4 combinedSignalIconId=0x7f020536/com.android.systemui:drawable/stat_sys_wifi_signal_4 mobileLabel=仅限紧急通话 wifiLabel="Doodle"xxxxXXXXxxxxXXXX emergencyOnly=true combinedLabel="Doodle"xxxxXXXXxxxxXXXX mAirplaneMode=false mDataActivity=0 mPhoneSignalIconId=0x7f0204c9/com.android.systemui:drawable/stat_sys_signal_4 mQSPhoneSignalIconId=0x7f020136/com.android.systemui:drawable/ic_qs_signal_4 mDataDirectionIconId=0x0/(null) mDataSignalIconId=0x7f0204c9/com.android.systemui:drawable/stat_sys_signal_4 mDataTypeIconId=0x0/(null) mQSDataTypeIconId=0x0/(null) mNoSimIconId=0x0/(null) mWifiIconId=0x7f020536/com.android.systemui:drawable/stat_sys_wifi_signal_4 mQSWifiIconId=0x7f02014c/com.android.systemui:drawable/ic_qs_wifi_4 mWifiActivityIconId=0x7f020505/com.android.systemui:drawable/stat_sys_signal_in mBluetoothTetherIconId=0x10808f0/android:drawable/stat_sys_tether_bluetooth
2024-04-22 15:01:42.841 1179-1179/? D/STATUSBAR-WifiQuickSettingButton: onWifiSignalChanged enabled=true enabledDesc:"Doodle"
2024-04-22 15:01:42.841 1179-1179/? D/StatusBar.NetworkController: refreshSignalCluster - setNWBoosterIndicators(false)
2024-04-22 15:01:42.841 1179-1179/? D/StatusBar.NetworkController: applyOpen
2024-04-22 15:01:42.841 1179-1179/? D/StatusBar.NetworkController: refreshSignalCluster - setNWBoosterIndicators(false)
2024-04-22 15:01:42.841 1179-1179/? D/StatusBar.NetworkController: applyOpen
2024-04-22 15:01:42.851 1179-1179/? D/StatusBar.NetworkController: refreshSignalCluster - setNWBoosterIndicators(false)
2024-04-22 15:01:42.851 1179-1179/? D/StatusBar.NetworkController: applyOpen
2024-04-22 15:01:42.851 1179-1179/? D/StatusBar.NetworkController: refreshSignalCluster - setNWBoosterIndicators(false)
2024-04-22 15:01:42.851 1179-1179/? D/StatusBar.NetworkController: applyOpen
2024-04-22 15:01:44.501 792-3705/? D/SSRM:n: SIOP:: AP = 570, PST = 561, CUR = 1200
2024-04-22 15:01:45.861 1179-1179/? D/StatusBar.NetworkController: refreshViews connected={ wifi } level=4 combinedSignalIconId=0x7f020536/com.android.systemui:drawable/stat_sys_wifi_signal_4 mobileLabel=仅限紧急通话 wifiLabel="Doodle"xxxxXXXXxxxxXXXX emergencyOnly=true combinedLabel="Doodle"xxxxXXXXxxxxXXXX mAirplaneMode=false mDataActivity=0 mPhoneSignalIconId=0x7f0204c9/com.android.systemui:drawable/stat_sys_signal_4 mQSPhoneSignalIconId=0x7f020136/com.android.systemui:drawable/ic_qs_signal_4 mDataDirectionIconId=0x0/(null) mDataSignalIconId=0x7f0204c9/com.android.systemui:drawable/stat_sys_signal_4 mDataTypeIconId=0x0/(null) mQSDataTypeIconId=0x0/(null) mNoSimIconId=0x0/(null) mWifiIconId=0x7f020536/com.android.systemui:drawable/stat_sys_wifi_signal_4 mQSWifiIconId=0x7f02014c/com.android.systemui:drawable/ic_qs_wifi_4 mWifiActivityIconId=0x7f020507/com.android.systemui:drawable/stat_sys_signal_inout mBluetoothTetherIconId=0x10808f0/android:drawable/stat_sys_tether_bluetooth
2024-04-22 15:01:45.861 1179-1179/? D/STATUSBAR-WifiQuickSettingButton: onWifiSignalChanged enabled=true enabledDesc:"Doodle"
2024-04-22 15:01:45.861 1179-1179/? D/StatusBar.NetworkController: refreshSignalCluster - setNWBoosterIndicators(false)
2024-04-22 15:01:45.861 1179-1179/? D/StatusBar.NetworkController: applyOpen
2024-04-22 15:01:45.861 1179-1179/? D/StatusBar.NetworkController: refreshSignalCluster - setNWBoosterIndicators(false)
2024-04-22 15:01:45.861 1179-1179/? D/StatusBar.NetworkController: applyOpen
2024-04-22 15:01:45.861 1179-1179/? D/StatusBar.NetworkController: refreshSignalCluster - setNWBoosterIndicators(false)
2024-04-22 15:01:45.861 1179-1179/? D/StatusBar.NetworkController: applyOpen
2024-04-22 15:01:45.861 1179-1179/? D/StatusBar.NetworkController: refreshSignalCluster - setNWBoosterIndicators(false)
2024-04-22 15:01:45.871 1179-1179/? D/StatusBar.NetworkController: applyOpen
2024-04-22 15:01:45.921 792-1364/? D/ActivityManager: bindService callerProcessName:com.google.android.gms, calleePkgName: com.google.android.gms, action: com.google.android.chimera.BoundService.START
2024-04-22 15:01:45.951 792-4169/? D/ConnectivityService: returning getActiveNetworkInfo :[type: WIFI[] - WIFI, state: CONNECTED/CONNECTED, reason: (unspecified), extra: "Doodle", roaming: false, failover: false, isAvailable: true, isConnectedToProvisioningNetwork: false]
2024-04-22 15:01:45.961 1876-16467/? I/PhenotypeDbUpgradeHelpe: (REDACTED) onUpgrade %d to %d, isDeviceEncrypted %b
2024-04-22 15:01:45.961 1876-16467/? I/PhenotypeDbUpgradeHelpe: Add declarativeRegistrationInfo column to Packages table. [CONTEXT service_id=51 ]
2024-04-22 15:01:45.961 1876-16467/? E/SQLiteLog: (1) duplicate column name: declarativeRegistrationInfo
2024-04-22 15:01:46.081 2287-16118/? I/qtaguid: Untagging socket 96
2024-04-22 15:01:46.081 2287-16118/? I/System.out: (HTTPLog)-Static: isSBSettingEnabled false
2024-04-22 15:01:46.081 2287-16118/? I/System.out: KnoxVpnUidStorageknoxVpnSupported API value returned is false
2024-04-22 15:01:46.081 2287-16118/? I/qtaguid: Tagging socket 96 with tag 3000300000000000{805318656,0} uid -1, pid: 2287, getuid(): 10015
2024-04-22 15:01:46.271 792-1383/? D/BatteryService: !@BatteryListener : batteryPropertiesChanged!
2024-04-22 15:01:46.271 792-1383/? D/BatteryService: level:20, scale:100, status:2, health:2, present:true, voltage: 4017, temperature: 417, technology: Li-ion, AC powered:true, USB powered:false, Wireless powered:false, icon:17303723, invalid charger:0
2024-04-22 15:01:46.271 792-1383/? D/BatteryService: online:3, current avg:1200, charge type:1, power sharing:false, high voltage charger:false, capacity:280000, current_now:1200
2024-04-22 15:01:46.271 792-792/? D/BatteryService: Sending ACTION_BATTERY_CHANGED.
2024-04-22 15:01:46.271 792-792/? I/MotionRecognitionService: Plugged
2024-04-22 15:01:46.271 792-792/? I/MotionRecognitionService: setPowerConnected  = true
2024-04-22 15:01:46.271 792-3705/? D/ConnectivityService: returning getNetworkInfo(networkType - 1) :[type: WIFI[] - WIFI, state: CONNECTED/CONNECTED, reason: (unspecified), extra: "Doodle", roaming: false, failover: false, isAvailable: true, isConnectedToProvisioningNetwork: false]
2024-04-22 15:01:46.281 1179-1179/? D/KeyguardUpdateMonitor: received broadcast android.intent.action.BATTERY_CHANGED
2024-04-22 15:01:46.281 1179-1179/? D/KeyguardUpdateMonitor: handleBatteryUpdate
2024-04-22 15:01:46.281 1469-1469/? I/BusinessExecutor: registered Task#309 : PowerInfoEventSource$1
2024-04-22 15:01:46.281 1469-1747/? I/BusinessExecutor: Task#309 : #run() called
2024-04-22 15:01:46.281 1469-1747/? I/PowerInfoEventSource: Battery state updated, level=20 plugged=true
2024-04-22 15:01:46.281 1469-1747/? I/BusinessExecutor: registered Task#310 : PlatformEventSender$1
2024-04-22 15:01:46.281 1469-1747/? I/BusinessExecutor: Task#309 : #run() ended
2024-04-22 15:01:46.281 1469-1747/? I/BusinessExecutor: Task#310 : #run() called
2024-04-22 15:01:46.281 1469-1747/? I/BusinessExecutor: Task#310 : #run() ended
2024-04-22 15:01:46.281 1179-1179/? D/STATUSBAR-PhoneStatusBar:  mBrightnessEnablebySettings = true mBrightnessEnablebyBattery = true mBrightnessEnablebyDisableFlag = true mPmsBrightnessEnablebySettings = true
2024-04-22 15:01:46.281 1179-1179/? D/BatteryMeterView: ACTION_BATTERY_CHANGED : level:20 status:2 health:2
2024-04-22 15:01:46.291 1179-1179/? D/BatteryMeterView: ACTION_BATTERY_CHANGED : level:20 status:2 health:2
2024-04-22 15:01:46.291 1179-1179/? D/BatteryMeterView: ACTION_BATTERY_CHANGED : level:20 status:2 health:2
2024-04-22 15:01:46.301 1179-1179/? D/BatteryMeterView: onDraw batteryColor : -1
2024-04-22 15:01:46.611 300-15323/? I/OMXCodec: [OMX.google.vorbis.decoder] End Of Stream
2024-04-22 15:01:46.611 300-15623/? I/AudioPlayer: getNumFramesPendingPlayout() mNumFramesPlayed (3023496), numFramesPlayedOut (3020202)
2024-04-22 15:01:46.611 300-15623/? V/AwesomePlayer: postAudioEOS delayUs (246122)
2024-04-22 15:01:46.611 300-15321/? V/AwesomePlayer: onCheckAudioStatus
2024-04-22 15:01:46.611 300-15321/? V/AwesomePlayer: onCheckAudioStatus() set AUDIO_AT_EOS flag
2024-04-22 15:01:46.611 300-15321/? V/AwesomePlayer: onStreamDone
2024-04-22 15:01:46.611 300-15321/? V/AwesomePlayer: notifyListner_l() msg (7-MEDIA_PAUSED), ext1 (0), ext2 (0)
2024-04-22 15:01:46.611 300-15321/? V/MediaPlayerService: [3] notify (0xb185dc80, 7, 0, 0)
2024-04-22 15:01:46.611 300-15321/? V/AudioSink: pause
2024-04-22 15:01:46.611 300-15321/? V/AudioSink: flush
2024-04-22 15:01:46.611 300-15321/? V/AudioSink: start
2024-04-22 15:01:46.611 15043-15052/? V/MediaPlayer: message received msg=7, ext1=0, ext2=0
2024-04-22 15:01:46.611 15043-15052/? V/MediaPlayer: unrecognized message: (7, 0, 0)
2024-04-22 15:01:46.611 15043-15052/? V/MediaPlayer: callback application
2024-04-22 15:01:46.611 15043-15052/? V/MediaPlayer: back from callback
2024-04-22 15:01:46.611 15043-15043/? V/MediaPlayer-JNI: getCurrentPosition: 0 (msec)
2024-04-22 15:01:46.611 300-15623/? V/AwesomePlayer: postAudioSeekComplete
2024-04-22 15:01:46.611 300-15321/? V/AwesomePlayer: onCheckAudioStatus
2024-04-22 15:01:46.611 300-15321/? V/AwesomePlayer: onCheckAudioStatus() MEDIA_SEEK_COMPLETE
2024-04-22 15:01:46.611 300-15321/? V/AwesomePlayer: notifyListner_l() msg (4-MEDIA_SEEK_COMPLETE), ext1 (0), ext2 (0)
2024-04-22 15:01:46.611 300-15321/? V/MediaPlayerService: [3] notify (0xb185dc80, 4, 0, 0)
2024-04-22 15:01:46.611 300-15321/? V/AwesomePlayer: notifyListner_l() msg (6-MEDIA_STARTED), ext1 (0), ext2 (0)
2024-04-22 15:01:46.611 300-15321/? V/MediaPlayerService: [3] notify (0xb185dc80, 6, 0, 0)
2024-04-22 15:01:46.611 15043-15054/? V/MediaPlayer: message received msg=4, ext1=0, ext2=0
2024-04-22 15:01:46.611 15043-15043/? V/MediaPlayer-JNI: isPlaying: 1
2024-04-22 15:01:46.621 15043-15054/? V/MediaPlayer: Received seek complete
2024-04-22 15:01:46.621 15043-15054/? V/MediaPlayer: All seeks complete - return to regularly scheduled program
2024-04-22 15:01:46.621 15043-15054/? V/MediaPlayer: callback application
2024-04-22 15:01:46.621 15043-15054/? V/MediaPlayer: back from callback
2024-04-22 15:01:46.621 15043-15054/? V/MediaPlayer: message received msg=6, ext1=0, ext2=0
2024-04-22 15:01:46.621 15043-15043/? V/MediaPlayer-JNI: getCurrentPosition: 3 (msec)
2024-04-22 15:01:46.621 15043-15043/? V/MediaPlayer-JNI: isPlaying: 1
2024-04-22 15:01:46.621 15043-15054/? V/MediaPlayer: Received MEDIA_STARTED
2024-04-22 15:01:46.621 15043-15054/? V/MediaPlayer: callback application
2024-04-22 15:01:46.621 15043-15054/? V/MediaPlayer: back from callback
2024-04-22 15:01:46.621 15043-15043/? V/MediaPlayer-JNI: getCurrentPosition: 3 (msec)
2024-04-22 15:01:46.621 15043-15043/? V/MediaPlayer-JNI: isPlaying: 1
2024-04-22 15:01:46.631 300-15623/? E/AudioSink: received unknown event type: 1 inside CallbackWrapper !
2024-04-22 15:01:46.801 2287-7253/? I/qtaguid: Untagging socket 43
2024-04-22 15:01:46.801 2287-7253/? I/System.out: (HTTPLog)-Static: isSBSettingEnabled false
2024-04-22 15:01:46.801 2287-7253/? I/System.out: KnoxVpnUidStorageknoxVpnSupported API value returned is false
2024-04-22 15:01:46.801 2287-7253/? I/qtaguid: Tagging socket 43 with tag 3000300000000000{805318656,0} uid -1, pid: 2287, getuid(): 10015
2024-04-22 15:01:47.561 3125-8471/? E/PlayCommon: [352] apvc.j(1632): Failed to connect to server for server timestamp: java.net.SocketTimeoutException: failed to connect to play.googleapis.com/172.217.163.42 (port 443) after 40000ms
2024-04-22 15:01:47.871 792-1383/? I/art: Explicit concurrent mark sweep GC freed 120656(7MB) AllocSpace objects, 87(1393KB) LOS objects, 24% free, 48MB/64MB, paused 2.312ms total 309.817ms
2024-04-22 15:01:47.871 792-1383/? D/ActivityManager: bindService callerProcessName:android, calleePkgName: com.google.android.gms, action: android.accounts.AccountAuthenticator
2024-04-22 15:01:47.911 1876-1876/? D/BoundBrokerSvc: onBind: Intent { act=com.google.android.gms.auth.account.workaccount.START dat=chimera-action: cmp=com.google.android.gms/.chimera.PersistentApiService }
2024-04-22 15:01:47.911 1876-1876/? D/BoundBrokerSvc: Loading bound service for intent: Intent { act=com.google.android.gms.auth.account.workaccount.START dat=chimera-action: cmp=com.google.android.gms/.chimera.PersistentApiService }
2024-04-22 15:01:47.911 792-1323/? D/ActivityManager: bindService callerProcessName:com.google.android.gms, calleePkgName: com.google.android.gms, action: com.google.android.chimera.BoundService.START
2024-04-22 15:01:48.031 792-16469/? D/ConnectivityService: returning getNetworkInfo(networkType - 1) :[type: WIFI[] - WIFI, state: CONNECTED/CONNECTED, reason: (unspecified), extra: "Doodle", roaming: false, failover: false, isAvailable: true, isConnectedToProvisioningNetwork: false]
2024-04-22 15:01:48.031 792-16469/? D/ConnectivityService: returning getNetworkInfo(networkType - 1) :[type: WIFI[] - WIFI, state: CONNECTED/CONNECTED, reason: (unspecified), extra: "Doodle", roaming: false, failover: false, isAvailable: true, isConnectedToProvisioningNetwork: false]
2024-04-22 15:01:48.391 1876-3380/? I/qtaguid: Tagging socket 213 with tag 40100000000{1025,0} uid 10033, pid: 1876, getuid(): 10015
2024-04-22 15:01:49.491 3708-4047/? I/qtaguid: Tagging socket 67 with tag 180300000000{6147,0} uid 10015, pid: 3708, getuid(): 10015
2024-04-22 15:01:51.881 1179-1179/? D/StatusBar.NetworkController: refreshViews connected={ wifi } level=4 combinedSignalIconId=0x7f020536/com.android.systemui:drawable/stat_sys_wifi_signal_4 mobileLabel=仅限紧急通话 wifiLabel="Doodle"xxxxXXXXxxxxXXXX emergencyOnly=true combinedLabel="Doodle"xxxxXXXXxxxxXXXX mAirplaneMode=false mDataActivity=0 mPhoneSignalIconId=0x7f0204c9/com.android.systemui:drawable/stat_sys_signal_4 mQSPhoneSignalIconId=0x7f020136/com.android.systemui:drawable/ic_qs_signal_4 mDataDirectionIconId=0x0/(null) mDataSignalIconId=0x7f0204c9/com.android.systemui:drawable/stat_sys_signal_4 mDataTypeIconId=0x0/(null) mQSDataTypeIconId=0x0/(null) mNoSimIconId=0x0/(null) mWifiIconId=0x7f020536/com.android.systemui:drawable/stat_sys_wifi_signal_4 mQSWifiIconId=0x7f02014c/com.android.systemui:drawable/ic_qs_wifi_4 mWifiActivityIconId=0x7f020505/com.android.systemui:drawable/stat_sys_signal_in mBluetoothTetherIconId=0x10808f0/android:drawable/stat_sys_tether_bluetooth
2024-04-22 15:01:51.881 1179-1179/? D/STATUSBAR-WifiQuickSettingButton: onWifiSignalChanged enabled=true enabledDesc:"Doodle"
2024-04-22 15:01:51.881 1179-1179/? D/StatusBar.NetworkController: refreshSignalCluster - setNWBoosterIndicators(false)
2024-04-22 15:01:51.881 1179-1179/? D/StatusBar.NetworkController: applyOpen
2024-04-22 15:01:51.881 1179-1179/? D/StatusBar.NetworkController: refreshSignalCluster - setNWBoosterIndicators(false)
2024-04-22 15:01:51.881 1179-1179/? D/StatusBar.NetworkController: applyOpen
2024-04-22 15:01:51.881 1179-1179/? D/StatusBar.NetworkController: refreshSignalCluster - setNWBoosterIndicators(false)
2024-04-22 15:01:51.881 1179-1179/? D/StatusBar.NetworkController: applyOpen
2024-04-22 15:01:51.891 1179-1179/? D/StatusBar.NetworkController: refreshSignalCluster - setNWBoosterIndicators(false)
2024-04-22 15:01:51.891 1179-1179/? D/StatusBar.NetworkController: applyOpen
2024-04-22 15:01:52.291 3708-4047/? I/qtaguid: Tagging socket 68 with tag 180300000000{6147,0} uid 10015, pid: 3708, getuid(): 10015
2024-04-22 15:01:52.611 3708-4047/? I/qtaguid: Tagging socket 70 with tag 180300000000{6147,0} uid 10015, pid: 3708, getuid(): 10015
2024-04-22 15:01:52.881 1179-1179/? D/StatusBar.NetworkController: refreshViews connected={ wifi } level=4 combinedSignalIconId=0x7f020536/com.android.systemui:drawable/stat_sys_wifi_signal_4 mobileLabel=仅限紧急通话 wifiLabel="Doodle"xxxxXXXXxxxxXXXX emergencyOnly=true combinedLabel="Doodle"xxxxXXXXxxxxXXXX mAirplaneMode=false mDataActivity=0 mPhoneSignalIconId=0x7f0204c9/com.android.systemui:drawable/stat_sys_signal_4 mQSPhoneSignalIconId=0x7f020136/com.android.systemui:drawable/ic_qs_signal_4 mDataDirectionIconId=0x0/(null) mDataSignalIconId=0x7f0204c9/com.android.systemui:drawable/stat_sys_signal_4 mDataTypeIconId=0x0/(null) mQSDataTypeIconId=0x0/(null) mNoSimIconId=0x0/(null) mWifiIconId=0x7f020536/com.android.systemui:drawable/stat_sys_wifi_signal_4 mQSWifiIconId=0x7f02014c/com.android.systemui:drawable/ic_qs_wifi_4 mWifiActivityIconId=0x7f020507/com.android.systemui:drawable/stat_sys_signal_inout mBluetoothTetherIconId=0x10808f0/android:drawable/stat_sys_tether_bluetooth
2024-04-22 15:01:52.881 1179-1179/? D/STATUSBAR-WifiQuickSettingButton: onWifiSignalChanged enabled=true enabledDesc:"Doodle"
2024-04-22 15:01:52.881 1179-1179/? D/StatusBar.NetworkController: refreshSignalCluster - setNWBoosterIndicators(false)
2024-04-22 15:01:52.881 1179-1179/? D/StatusBar.NetworkController: applyOpen
2024-04-22 15:01:52.881 1179-1179/? D/StatusBar.NetworkController: refreshSignalCluster - setNWBoosterIndicators(false)
2024-04-22 15:01:52.881 1179-1179/? D/StatusBar.NetworkController: applyOpen
2024-04-22 15:01:52.891 1179-1179/? D/StatusBar.NetworkController: refreshSignalCluster - setNWBoosterIndicators(false)
2024-04-22 15:01:52.891 1179-1179/? D/StatusBar.NetworkController: applyOpen
2024-04-22 15:01:52.891 1179-1179/? D/StatusBar.NetworkController: refreshSignalCluster - setNWBoosterIndicators(false)
2024-04-22 15:01:52.891 1179-1179/? D/StatusBar.NetworkController: applyOpen
2024-04-22 15:01:53.841 1876-3380/? I/qtaguid: Tagging socket 46 with tag 40100000000{1025,0} uid 10204, pid: 1876, getuid(): 10015
2024-04-22 15:01:53.851 1876-2254/? E/Auth: [TokenResponseCallback] TokenResponse failed with exception [CONTEXT service_id=343 ]
    axco: Failed to process request
        at axfr.b(:com.google.android.gms@241319003@24.13.19 (020308-626168189):19)
        at axgf.onFailed(:com.google.android.gms@241319003@24.13.19 (020308-626168189):13)
        at m.nd.onFailed(:com.google.android.gms.dynamite_cronetdynamite@241319003@24.13.19 (020308-0):3)
        at m.md.run(:com.google.android.gms.dynamite_cronetdynamite@241319003@24.13.19 (020308-0):9)
        at adgn.c(:com.google.android.gms@241319003@24.13.19 (020308-626168189):50)
        at adgn.run(:com.google.android.gms@241319003@24.13.19 (020308-626168189):76)
        at java.util.concurrent.ThreadPoolExecutor.runWorker(ThreadPoolExecutor.java:1112)
        at java.util.concurrent.ThreadPoolExecutor$Worker.run(ThreadPoolExecutor.java:587)
        at adlt.run(:com.google.android.gms@241319003@24.13.19 (020308-626168189):8)
        at java.lang.Thread.run(Thread.java:818)
     Caused by: m.mn: Exception in CronetUrlRequest: net::ERR_TIMED_OUT, ErrorCode=4, InternalErrorCode=-7, Retryable=true
        at org.chromium.net.impl.CronetUrlRequest.onError(:com.google.android.gms.dynamite_cronetdynamite@241319003@24.13.19 (020308-0):4)
2024-04-22 15:01:54.571 792-3705/? D/SSRM:n: SIOP:: AP = 570, PST = 562, CUR = 1200
2024-04-22 15:01:56.321 792-1323/? D/BatteryService: !@BatteryListener : batteryPropertiesChanged!
2024-04-22 15:01:56.321 792-1323/? D/BatteryService: level:20, scale:100, status:2, health:2, present:true, voltage: 3953, temperature: 417, technology: Li-ion, AC powered:true, USB powered:false, Wireless powered:false, icon:17303723, invalid charger:0
2024-04-22 15:01:56.321 792-1323/? D/BatteryService: online:3, current avg:1200, charge type:1, power sharing:false, high voltage charger:false, capacity:280000, current_now:1200
2024-04-22 15:01:56.321 792-792/? D/BatteryService: Sending ACTION_BATTERY_CHANGED.
2024-04-22 15:01:56.331 1179-1179/? D/KeyguardUpdateMonitor: received broadcast android.intent.action.BATTERY_CHANGED
2024-04-22 15:01:56.331 1469-1469/? I/BusinessExecutor: registered Task#311 : PowerInfoEventSource$1
2024-04-22 15:01:56.331 1469-1747/? I/BusinessExecutor: Task#311 : #run() called
2024-04-22 15:01:56.331 1469-1747/? I/BusinessExecutor: Task#311 : #run() ended
2024-04-22 15:01:56.331 1179-1179/? D/KeyguardUpdateMonitor: handleBatteryUpdate
2024-04-22 15:01:56.331 792-792/? I/MotionRecognitionService: Plugged
2024-04-22 15:01:56.331 792-792/? I/MotionRecognitionService: setPowerConnected  = true
2024-04-22 15:01:56.341 1179-1179/? D/STATUSBAR-PhoneStatusBar:  mBrightnessEnablebySettings = true mBrightnessEnablebyBattery = true mBrightnessEnablebyDisableFlag = true mPmsBrightnessEnablebySettings = true
2024-04-22 15:01:56.341 1179-1179/? D/BatteryMeterView: ACTION_BATTERY_CHANGED : level:20 status:2 health:2
2024-04-22 15:01:56.341 1179-1179/? D/BatteryMeterView: ACTION_BATTERY_CHANGED : level:20 status:2 health:2
2024-04-22 15:01:56.341 1179-1179/? D/BatteryMeterView: ACTION_BATTERY_CHANGED : level:20 status:2 health:2
2024-04-22 15:01:56.341 792-1031/? D/ActivityManager: startProcessLocked calleePkgName: com.sec.android.cloudagent, hostingType: broadcast
2024-04-22 15:01:56.351 792-1031/? E/ActivityManager: checkUser: useridlist=null, currentuser=0
2024-04-22 15:01:56.351 792-1031/? E/ActivityManager: checkUser: useridlist=null, currentuser=0
2024-04-22 15:01:56.351 792-1031/? E/ActivityManager: checkUser: useridlist=null, currentuser=0
2024-04-22 15:01:56.351 792-1031/? E/ActivityManager: checkUser: useridlist=null, currentuser=0
2024-04-22 15:01:56.381 16489-16489/? E/Zygote: MountEmulatedStorage()
2024-04-22 15:01:56.381 16489-16489/? E/Zygote: v2
2024-04-22 15:01:56.381 16489-16489/? I/libpersona: KNOX_SDCARD checking this for 10004
2024-04-22 15:01:56.381 16489-16489/? I/libpersona: KNOX_SDCARD not a persona
2024-04-22 15:01:56.381 792-1031/? I/ActivityManager: Start proc com.sec.android.cloudagent for broadcast com.sec.android.cloudagent/.detector.DetectorReceiver: pid=16489 uid=10004 gids={50004, 9997, 3003, 1028, 1015} abi=armeabi-v7a
2024-04-22 15:01:56.381 792-792/? D/ActivityManager: bindService callerProcessName:android, calleePkgName: com.lsc.airforce, action: null
2024-04-22 15:01:56.401 792-4169/? D/ActivityManager: startService callerProcessName:com.facebook.katana, calleePkgName: com.facebook.katana
2024-04-22 15:01:56.411 16489-16489/? I/SELinux: Function: selinux_compare_spd_ram, SPD-policy is existed. and_ver=SEPF_SM-N9005_5.0-1 ver=1
2024-04-22 15:01:56.411 16489-16489/? I/SELinux: Function: selinux_compare_spd_ram , priority [2] , priority version is VE=SEPF_SM-N9005_5.0-2_0070
2024-04-22 15:01:56.411 16489-16489/? E/SELinux: [DEBUG] get_category: variable seinfo: platform sensitivity: NULL, cateogry: NULL
2024-04-22 15:01:56.411 792-811/? D/ConnectivityService: returning getActiveNetworkInfo :[type: WIFI[] - WIFI, state: CONNECTED/CONNECTED, reason: (unspecified), extra: "Doodle", roaming: false, failover: false, isAvailable: true, isConnectedToProvisioningNetwork: false]
2024-04-22 15:01:56.421 5650-16499/? W/fb4a.0IZ: Called user scoped provider with no viewer. ViewerContextManager was created with no ViewerContext. Using EmptyViewerContextManager to return fake logged in instance.
2024-04-22 15:01:56.421 792-1323/? D/ConnectivityService: returning getActiveNetworkInfo :[type: WIFI[] - WIFI, state: CONNECTED/CONNECTED, reason: (unspecified), extra: "Doodle", roaming: false, failover: false, isAvailable: true, isConnectedToProvisioningNetwork: false]
2024-04-22 15:01:56.451 792-1459/? D/ConnectivityService: returning getActiveNetworkInfo :[type: WIFI[] - WIFI, state: CONNECTED/CONNECTED, reason: (unspecified), extra: "Doodle", roaming: false, failover: false, isAvailable: true, isConnectedToProvisioningNetwork: false]
2024-04-22 15:01:56.461 15043-15102/? I/TRuntime.CctTransportBa: Making request to: https://firebaselogging.googleapis.com/v0cc/log/batch?format=json_proto3
2024-04-22 15:01:56.461 15043-15102/? I/System.out: (HTTPLog)-Static: isSBSettingEnabled false
2024-04-22 15:01:56.471 16489-16489/? D/TimaKeyStoreProvider: TimaSignature is unavailable
2024-04-22 15:01:56.471 16489-16489/? D/ActivityThread: Added TimaKeyStore provider
2024-04-22 15:01:56.481 15043-15102/? I/System.out: KnoxVpnUidStorageknoxVpnSupported API value returned is false
2024-04-22 15:01:56.491 16489-16489/? D/ResourcesManager: creating new AssetManager and set to /system/priv-app/CloudAgent/CloudAgent.apk
2024-04-22 15:01:56.571 15043-15102/? I/System.out: (HTTPLog)-Static: isSBSettingEnabled false
2024-04-22 15:01:56.571 15043-15102/? I/System.out: KnoxVpnUidStorageknoxVpnSupported API value returned is false
2024-04-22 15:01:56.571 792-1126/? D/ConnectivityService: returning getActiveNetworkInfo :[type: WIFI[] - WIFI, state: CONNECTED/CONNECTED, reason: (unspecified), extra: "Doodle", roaming: false, failover: false, isAvailable: true, isConnectedToProvisioningNetwork: false]
2024-04-22 15:01:56.581 792-1596/? D/ActivityManager: startProcessLocked calleePkgName: com.samsung.indexservice, hostingType: broadcast
2024-04-22 15:01:56.581 792-1596/? E/ActivityManager: checkUser: useridlist=null, currentuser=0
2024-04-22 15:01:56.581 792-1596/? E/ActivityManager: checkUser: useridlist=null, currentuser=0
2024-04-22 15:01:56.581 792-1596/? E/ActivityManager: checkUser: useridlist=null, currentuser=0
2024-04-22 15:01:56.581 792-1596/? E/ActivityManager: checkUser: useridlist=null, currentuser=0
2024-04-22 15:01:56.611 16518-16518/? E/Zygote: MountEmulatedStorage()
2024-04-22 15:01:56.611 16518-16518/? E/Zygote: v2
2024-04-22 15:01:56.611 16518-16518/? I/libpersona: KNOX_SDCARD checking this for 10009
2024-04-22 15:01:56.611 16518-16518/? I/libpersona: KNOX_SDCARD not a persona
2024-04-22 15:01:56.621 792-1596/? I/ActivityManager: Start proc com.samsung.indexservice for broadcast com.samsung.indexservice/com.samsung.index.indexservice.service.DocumentBroadcastReceiver: pid=16518 uid=10009 gids={50009, 9997, 1028, 1015} abi=armeabi-v7a
2024-04-22 15:01:56.641 16518-16518/? I/SELinux: Function: selinux_compare_spd_ram, SPD-policy is existed. and_ver=SEPF_SM-N9005_5.0-1 ver=1
2024-04-22 15:01:56.641 16518-16518/? I/SELinux: Function: selinux_compare_spd_ram , priority [2] , priority version is VE=SEPF_SM-N9005_5.0-2_0070
2024-04-22 15:01:56.641 16518-16518/? E/SELinux: [DEBUG] get_category: variable seinfo: platform sensitivity: NULL, cateogry: NULL
2024-04-22 15:01:56.671 16518-16518/? D/TimaKeyStoreProvider: TimaSignature is unavailable
2024-04-22 15:01:56.681 16518-16518/? D/ActivityThread: Added TimaKeyStore provider
2024-04-22 15:01:56.691 16518-16518/? D/ResourcesManager: creating new AssetManager and set to /system/priv-app/DocumentService/DocumentService.apk
2024-04-22 15:01:56.691 792-1383/? I/ActivityManager: Killing 11757:com.samsung.android.scloud.backup/u0a76 (adj 15): emptyCount ##41
2024-04-22 15:01:56.711 16518-16518/? I/ThumbnailProvider: ThumbnailProvider onCreate()
2024-04-22 15:01:56.721 792-1323/? D/ActivityManager: cleanUpApplicationRecord -- 11757
2024-04-22 15:01:56.731 16518-16518/? I/DocumentBroadcastReceiver: DocumentService onReceive android.intent.action.BATTERY_OKAY
2024-04-22 15:01:56.741 16518-16518/? I/BroadcastProcessorService: [START] processBroadcastIntent ...
2024-04-22 15:01:56.741 792-1230/? D/ActivityManager: startService callerProcessName:com.samsung.indexservice, calleePkgName: com.samsung.indexservice
2024-04-22 15:01:56.751 7572-7572/? I/KnoxUsageLogPro: KnoxUsageReceiver onReceive :android.intent.action.BATTERY_OKAY myUserId=0
2024-04-22 15:01:56.751 7572-7572/? I/KnoxUsageLogPro: premStatus:2
2024-04-22 15:01:56.761 7572-7572/? I/KnoxUsageLogPro: isEulaShown : false
2024-04-22 15:01:56.761 7572-7572/? I/KnoxUsageLogPro: KnoxUsageReceiver onReceive : not Processible, just return
2024-04-22 15:01:56.771 16518-16533/? I/BroadcastProcessorService: DocumentService onHandleIntent ACTION_BATTERY_OKAY
2024-04-22 15:01:56.781 16518-16533/? I/SystemInfo: [SYSTEM STATUS] Battery and Storage levels are OK:
2024-04-22 15:01:56.781 16518-16533/? I/BroadcastProcessorService: [CURRENT_STATE] DocumentService state: SERVICE_NOT_STARTED
2024-04-22 15:01:56.781 16518-16533/? I/BroadcastProcessorService: [START] DocumentService startDocumentService
2024-04-22 15:01:56.781 16518-16518/? I/DocumentService: DocumentService onCreate ... service
2024-04-22 15:01:56.781 792-1349/? D/ActivityManager: startService callerProcessName:com.samsung.indexservice, calleePkgName: com.samsung.indexservice
2024-04-22 15:01:56.811 16518-16518/? W/ContextImpl: Failed to ensure directory: /storage/extSdCard/Android/data/com.samsung.indexservice/files
2024-04-22 15:01:56.811 16518-16518/? W/ContextImpl: Failed to ensure directory: /storage/extSdCard/Android/data/com.samsung.indexservice/files
2024-04-22 15:01:56.811 257-546/? E/Vold: Failed to find mounted volume for /storage/extSdCard/Android/data/com.samsung.indexservice/files/
2024-04-22 15:01:56.811 257-546/? W/Vold: Returning OperationFailed - no handler for errno 0
2024-04-22 15:01:56.811 257-546/? E/Vold: Failed to find mounted volume for /storage/extSdCard/Android/data/com.samsung.indexservice/files/
2024-04-22 15:01:56.811 257-546/? W/Vold: Returning OperationFailed - no handler for errno 0
2024-04-22 15:01:56.911 16518-16518/? E/SystemInfo: [SIOP LEVEL] : 3
2024-04-22 15:01:56.921 16518-16537/? I/DocumentService: [BEGIN SYNC] DocumentService beginIndexing :16
2024-04-22 15:01:57.041 16518-16537/? E/File: fail readDirectory() errno=2
2024-04-22 15:01:57.041 16518-16537/? E/File: fail readDirectory() errno=13
2024-04-22 15:01:57.041 16518-16518/? I/DocumentServiceUtils:  Total PDF: 0 PDF size: 0 OtherFiles Size: 0
2024-04-22 15:01:57.041 16518-16518/? E/SystemInfo: DocumentService [SIOP LEVEL] changed to 3
2024-04-22 15:01:57.051 16518-16537/? I/SystemInfo: [SYSTEM STATUS] Battery and Storage levels are OK:
2024-04-22 15:01:57.051 16518-16537/? I/DocumentService: [STOP DOCUMENTSERVICE] Attempting to stop the Service
2024-04-22 15:01:57.051 16518-16537/? E/DocumentService: [THUMBNAIL AND INDEX] Thumbnail and indexing is Completed Total Time taken for both :141
2024-04-22 15:01:57.051 16518-16537/? E/DocumentService: [THUMBNAIL] Total Time taken for each file :0
2024-04-22 15:01:57.061 16518-16518/? I/DocumentService: DocumentService onDestroy start
2024-04-22 15:01:57.061 16518-16518/? I/DocumentService: DocumentService onDestroy end
2024-04-22 15:01:57.071 792-1383/? I/ActivityManager: Killing 13675:com.sec.android.widgetapp.activeapplicationwidget/u0a177 (adj 15): emptyCount ##41
2024-04-22 15:01:57.081 16518-16542/? I/DocumentService: DocumentService cleanupEverything start
2024-04-22 15:01:57.091 16518-16535/? I/IndexParserThreadsManager: InterruptedException: null
2024-04-22 15:01:57.091 16518-16542/? I/SystemInfo: [SYSTEM STATUS] Battery and Storage levels are OK:
2024-04-22 15:01:57.091 16518-16542/? I/DocumentService: DocumentService cleanupEverything end
2024-04-22 15:01:57.091 16518-16542/? I/Process: Sending signal. PID: 16518 SIG: 9
2024-04-22 15:01:57.111 792-1672/? D/ActivityManager: cleanUpApplicationRecord -- 13675
2024-04-22 15:01:57.141 792-1459/? I/ActivityManager: Process com.samsung.indexservice (pid 16518)(adj 9) has died(67,1071)
2024-04-22 15:01:57.141 792-1459/? D/ActivityManager: cleanUpApplicationRecord -- 16518
2024-04-22 15:01:58.341 2287-15232/? I/qtaguid: Untagging socket 97
2024-04-22 15:01:58.341 2287-15232/? I/System.out: (HTTPLog)-Static: isSBSettingEnabled false
2024-04-22 15:01:58.341 2287-15232/? I/System.out: KnoxVpnUidStorageknoxVpnSupported API value returned is false
2024-04-22 15:01:58.341 2287-15232/? I/qtaguid: Tagging socket 97 with tag 3000550000000000{805328128,0} uid -1, pid: 2287, getuid(): 10015
