2024-04-22 14:59:03.251 1179-1179/? D/StatusBar.NetworkController: refreshViews connected={ wifi } level=4 combinedSignalIconId=0x7f020536/com.android.systemui:drawable/stat_sys_wifi_signal_4 mobileLabel=仅限紧急通话 wifiLabel="Doodle"xxxxXXXXxxxxXXXX emergencyOnly=true combinedLabel="Doodle"xxxxXXXXxxxxXXXX mAirplaneMode=false mDataActivity=0 mPhoneSignalIconId=0x7f0204c9/com.android.systemui:drawable/stat_sys_signal_4 mQSPhoneSignalIconId=0x7f020136/com.android.systemui:drawable/ic_qs_signal_4 mDataDirectionIconId=0x0/(null) mDataSignalIconId=0x7f0204c9/com.android.systemui:drawable/stat_sys_signal_4 mDataTypeIconId=0x0/(null) mQSDataTypeIconId=0x0/(null) mNoSimIconId=0x0/(null) mWifiIconId=0x7f020536/com.android.systemui:drawable/stat_sys_wifi_signal_4 mQSWifiIconId=0x7f02014c/com.android.systemui:drawable/ic_qs_wifi_4 mWifiActivityIconId=0x7f020505/com.android.systemui:drawable/stat_sys_signal_in mBluetoothTetherIconId=0x10808f0/android:drawable/stat_sys_tether_bluetooth
2024-04-22 14:59:03.251 1179-1179/? D/STATUSBAR-WifiQuickSettingButton: onWifiSignalChanged enabled=true enabledDesc:"Doodle"
2024-04-22 14:59:03.251 1179-1179/? D/StatusBar.NetworkController: refreshSignalCluster - setNWBoosterIndicators(false)
2024-04-22 14:59:03.251 1179-1179/? D/StatusBar.NetworkController: applyOpen
2024-04-22 14:59:03.251 1179-1179/? D/StatusBar.NetworkController: refreshSignalCluster - setNWBoosterIndicators(false)
2024-04-22 14:59:03.251 1179-1179/? D/StatusBar.NetworkController: applyOpen
2024-04-22 14:59:03.251 1179-1179/? D/StatusBar.NetworkController: refreshSignalCluster - setNWBoosterIndicators(false)
2024-04-22 14:59:03.251 1179-1179/? D/StatusBar.NetworkController: applyOpen
2024-04-22 14:59:03.251 1179-1179/? D/StatusBar.NetworkController: refreshSignalCluster - setNWBoosterIndicators(false)
2024-04-22 14:59:03.251 1179-1179/? D/StatusBar.NetworkController: applyOpen
2024-04-22 14:59:03.351 792-3705/? D/SSRM:n: SIOP:: AP = 570, PST = 560, CUR = 1200
2024-04-22 14:59:03.461 792-1304/? E/Watchdog: !@Sync 70
2024-04-22 14:59:04.251 1179-1179/? D/StatusBar.NetworkController: refreshViews connected={ wifi } level=4 combinedSignalIconId=0x7f020536/com.android.systemui:drawable/stat_sys_wifi_signal_4 mobileLabel=仅限紧急通话 wifiLabel="Doodle"xxxxXXXXxxxxXXXX emergencyOnly=true combinedLabel="Doodle"xxxxXXXXxxxxXXXX mAirplaneMode=false mDataActivity=0 mPhoneSignalIconId=0x7f0204c9/com.android.systemui:drawable/stat_sys_signal_4 mQSPhoneSignalIconId=0x7f020136/com.android.systemui:drawable/ic_qs_signal_4 mDataDirectionIconId=0x0/(null) mDataSignalIconId=0x7f0204c9/com.android.systemui:drawable/stat_sys_signal_4 mDataTypeIconId=0x0/(null) mQSDataTypeIconId=0x0/(null) mNoSimIconId=0x0/(null) mWifiIconId=0x7f020536/com.android.systemui:drawable/stat_sys_wifi_signal_4 mQSWifiIconId=0x7f02014c/com.android.systemui:drawable/ic_qs_wifi_4 mWifiActivityIconId=0x7f020507/com.android.systemui:drawable/stat_sys_signal_inout mBluetoothTetherIconId=0x10808f0/android:drawable/stat_sys_tether_bluetooth
2024-04-22 14:59:04.251 1179-1179/? D/STATUSBAR-WifiQuickSettingButton: onWifiSignalChanged enabled=true enabledDesc:"Doodle"
2024-04-22 14:59:04.251 1179-1179/? D/StatusBar.NetworkController: refreshSignalCluster - setNWBoosterIndicators(false)
2024-04-22 14:59:04.251 1179-1179/? D/StatusBar.NetworkController: applyOpen
2024-04-22 14:59:04.251 1179-1179/? D/StatusBar.NetworkController: refreshSignalCluster - setNWBoosterIndicators(false)
2024-04-22 14:59:04.251 1179-1179/? D/StatusBar.NetworkController: applyOpen
2024-04-22 14:59:04.251 1179-1179/? D/StatusBar.NetworkController: refreshSignalCluster - setNWBoosterIndicators(false)
2024-04-22 14:59:04.251 1179-1179/? D/StatusBar.NetworkController: applyOpen
2024-04-22 14:59:04.251 1179-1179/? D/StatusBar.NetworkController: refreshSignalCluster - setNWBoosterIndicators(false)
2024-04-22 14:59:04.261 1179-1179/? D/StatusBar.NetworkController: applyOpen
2024-04-22 14:59:04.601 792-1323/? D/BatteryService: !@BatteryListener : batteryPropertiesChanged!
2024-04-22 14:59:04.601 792-1323/? D/BatteryService: level:17, scale:100, status:2, health:2, present:true, voltage: 4000, temperature: 405, technology: Li-ion, AC powered:true, USB powered:false, Wireless powered:false, icon:17303723, invalid charger:0
2024-04-22 14:59:04.601 792-1323/? D/BatteryService: online:3, current avg:1200, charge type:1, power sharing:false, high voltage charger:false, capacity:280000, current_now:1200
2024-04-22 14:59:04.601 792-792/? D/BatteryService: Sending ACTION_BATTERY_CHANGED.
2024-04-22 14:59:04.611 1179-1179/? D/KeyguardUpdateMonitor: received broadcast android.intent.action.BATTERY_CHANGED
2024-04-22 14:59:04.611 1179-1179/? D/KeyguardUpdateMonitor: handleBatteryUpdate
2024-04-22 14:59:04.611 1469-1469/? I/BusinessExecutor: registered Task#291 : PowerInfoEventSource$1
2024-04-22 14:59:04.611 1469-1747/? I/BusinessExecutor: Task#291 : #run() called
2024-04-22 14:59:04.611 1469-1747/? I/BusinessExecutor: Task#291 : #run() ended
2024-04-22 14:59:04.611 1179-1179/? D/STATUSBAR-PhoneStatusBar:  mBrightnessEnablebySettings = true mBrightnessEnablebyBattery = true mBrightnessEnablebyDisableFlag = true mPmsBrightnessEnablebySettings = true
2024-04-22 14:59:04.611 792-792/? I/MotionRecognitionService: Plugged
2024-04-22 14:59:04.611 792-792/? I/MotionRecognitionService: setPowerConnected  = true
2024-04-22 14:59:04.621 1179-1179/? D/BatteryMeterView: ACTION_BATTERY_CHANGED : level:17 status:2 health:2
2024-04-22 14:59:04.621 1179-1179/? D/BatteryMeterView: ACTION_BATTERY_CHANGED : level:17 status:2 health:2
2024-04-22 14:59:04.621 1179-1179/? D/BatteryMeterView: ACTION_BATTERY_CHANGED : level:17 status:2 health:2
2024-04-22 14:59:06.601 1876-1876/? D/BoundBrokerSvc: onUnbind: Intent { act=com.google.android.gms.auth.account.workaccount.START dat=chimera-action: cmp=com.google.android.gms/.chimera.PersistentApiService }
2024-04-22 14:59:07.261 1179-1179/? D/StatusBar.NetworkController: refreshViews connected={ wifi } level=4 combinedSignalIconId=0x7f020536/com.android.systemui:drawable/stat_sys_wifi_signal_4 mobileLabel=仅限紧急通话 wifiLabel="Doodle"xxxxXXXXxxxxXXXX emergencyOnly=true combinedLabel="Doodle"xxxxXXXXxxxxXXXX mAirplaneMode=false mDataActivity=0 mPhoneSignalIconId=0x7f0204c9/com.android.systemui:drawable/stat_sys_signal_4 mQSPhoneSignalIconId=0x7f020136/com.android.systemui:drawable/ic_qs_signal_4 mDataDirectionIconId=0x0/(null) mDataSignalIconId=0x7f0204c9/com.android.systemui:drawable/stat_sys_signal_4 mDataTypeIconId=0x0/(null) mQSDataTypeIconId=0x0/(null) mNoSimIconId=0x0/(null) mWifiIconId=0x7f020536/com.android.systemui:drawable/stat_sys_wifi_signal_4 mQSWifiIconId=0x7f02014c/com.android.systemui:drawable/ic_qs_wifi_4 mWifiActivityIconId=0x7f020505/com.android.systemui:drawable/stat_sys_signal_in mBluetoothTetherIconId=0x10808f0/android:drawable/stat_sys_tether_bluetooth
2024-04-22 14:59:07.261 1179-1179/? D/STATUSBAR-WifiQuickSettingButton: onWifiSignalChanged enabled=true enabledDesc:"Doodle"
2024-04-22 14:59:07.261 1179-1179/? D/StatusBar.NetworkController: refreshSignalCluster - setNWBoosterIndicators(false)
2024-04-22 14:59:07.261 1179-1179/? D/StatusBar.NetworkController: applyOpen
2024-04-22 14:59:07.271 1179-1179/? D/StatusBar.NetworkController: refreshSignalCluster - setNWBoosterIndicators(false)
2024-04-22 14:59:07.271 1179-1179/? D/StatusBar.NetworkController: applyOpen
2024-04-22 14:59:07.271 1179-1179/? D/StatusBar.NetworkController: refreshSignalCluster - setNWBoosterIndicators(false)
2024-04-22 14:59:07.271 1179-1179/? D/StatusBar.NetworkController: applyOpen
2024-04-22 14:59:07.271 1179-1179/? D/StatusBar.NetworkController: refreshSignalCluster - setNWBoosterIndicators(false)
2024-04-22 14:59:07.271 1179-1179/? D/StatusBar.NetworkController: applyOpen
2024-04-22 14:59:08.221 3125-3165/? I/Finsky:background: [326] myo.run(353): Stats for Executor: BlockingExecutor ozi@3b1c86c2[Running, pool size = 0, active threads = 0, queued tasks = 0, completed tasks = 4]
2024-04-22 14:59:08.261 1179-1179/? D/StatusBar.NetworkController: refreshViews connected={ wifi } level=4 combinedSignalIconId=0x7f020536/com.android.systemui:drawable/stat_sys_wifi_signal_4 mobileLabel=仅限紧急通话 wifiLabel="Doodle"xxxxXXXXxxxxXXXX emergencyOnly=true combinedLabel="Doodle"xxxxXXXXxxxxXXXX mAirplaneMode=false mDataActivity=0 mPhoneSignalIconId=0x7f0204c9/com.android.systemui:drawable/stat_sys_signal_4 mQSPhoneSignalIconId=0x7f020136/com.android.systemui:drawable/ic_qs_signal_4 mDataDirectionIconId=0x0/(null) mDataSignalIconId=0x7f0204c9/com.android.systemui:drawable/stat_sys_signal_4 mDataTypeIconId=0x0/(null) mQSDataTypeIconId=0x0/(null) mNoSimIconId=0x0/(null) mWifiIconId=0x7f020536/com.android.systemui:drawable/stat_sys_wifi_signal_4 mQSWifiIconId=0x7f02014c/com.android.systemui:drawable/ic_qs_wifi_4 mWifiActivityIconId=0x7f020507/com.android.systemui:drawable/stat_sys_signal_inout mBluetoothTetherIconId=0x10808f0/android:drawable/stat_sys_tether_bluetooth
2024-04-22 14:59:08.261 1179-1179/? D/STATUSBAR-WifiQuickSettingButton: onWifiSignalChanged enabled=true enabledDesc:"Doodle"
2024-04-22 14:59:08.271 1179-1179/? D/StatusBar.NetworkController: refreshSignalCluster - setNWBoosterIndicators(false)
2024-04-22 14:59:08.271 1179-1179/? D/StatusBar.NetworkController: applyOpen
2024-04-22 14:59:08.271 1179-1179/? D/StatusBar.NetworkController: refreshSignalCluster - setNWBoosterIndicators(false)
2024-04-22 14:59:08.271 1179-1179/? D/StatusBar.NetworkController: applyOpen
2024-04-22 14:59:08.271 1179-1179/? D/StatusBar.NetworkController: refreshSignalCluster - setNWBoosterIndicators(false)
2024-04-22 14:59:08.271 1179-1179/? D/StatusBar.NetworkController: applyOpen
2024-04-22 14:59:08.271 1179-1179/? D/StatusBar.NetworkController: refreshSignalCluster - setNWBoosterIndicators(false)
2024-04-22 14:59:08.271 1179-1179/? D/StatusBar.NetworkController: applyOpen
2024-04-22 14:59:09.271 1179-1179/? D/StatusBar.NetworkController: refreshViews connected={ wifi } level=4 combinedSignalIconId=0x7f020536/com.android.systemui:drawable/stat_sys_wifi_signal_4 mobileLabel=仅限紧急通话 wifiLabel="Doodle"xxxxXXXXxxxxXXXX emergencyOnly=true combinedLabel="Doodle"xxxxXXXXxxxxXXXX mAirplaneMode=false mDataActivity=0 mPhoneSignalIconId=0x7f0204c9/com.android.systemui:drawable/stat_sys_signal_4 mQSPhoneSignalIconId=0x7f020136/com.android.systemui:drawable/ic_qs_signal_4 mDataDirectionIconId=0x0/(null) mDataSignalIconId=0x7f0204c9/com.android.systemui:drawable/stat_sys_signal_4 mDataTypeIconId=0x0/(null) mQSDataTypeIconId=0x0/(null) mNoSimIconId=0x0/(null) mWifiIconId=0x7f020536/com.android.systemui:drawable/stat_sys_wifi_signal_4 mQSWifiIconId=0x7f02014c/com.android.systemui:drawable/ic_qs_wifi_4 mWifiActivityIconId=0x7f020505/com.android.systemui:drawable/stat_sys_signal_in mBluetoothTetherIconId=0x10808f0/android:drawable/stat_sys_tether_bluetooth
2024-04-22 14:59:09.271 1179-1179/? D/STATUSBAR-WifiQuickSettingButton: onWifiSignalChanged enabled=true enabledDesc:"Doodle"
2024-04-22 14:59:09.271 1179-1179/? D/StatusBar.NetworkController: refreshSignalCluster - setNWBoosterIndicators(false)
2024-04-22 14:59:09.271 1179-1179/? D/StatusBar.NetworkController: applyOpen
2024-04-22 14:59:09.271 1179-1179/? D/StatusBar.NetworkController: refreshSignalCluster - setNWBoosterIndicators(false)
2024-04-22 14:59:09.271 1179-1179/? D/StatusBar.NetworkController: applyOpen
2024-04-22 14:59:09.271 1179-1179/? D/StatusBar.NetworkController: refreshSignalCluster - setNWBoosterIndicators(false)
2024-04-22 14:59:09.271 1179-1179/? D/StatusBar.NetworkController: applyOpen
2024-04-22 14:59:09.281 1179-1179/? D/StatusBar.NetworkController: refreshSignalCluster - setNWBoosterIndicators(false)
2024-04-22 14:59:09.281 1179-1179/? D/StatusBar.NetworkController: applyOpen
2024-04-22 14:59:10.451 1876-3380/? I/qtaguid: Tagging socket 53 with tag 40100000000{1025,0} uid 10033, pid: 1876, getuid(): 10015
2024-04-22 14:59:11.281 1179-1179/? D/StatusBar.NetworkController: refreshViews connected={ wifi } level=4 combinedSignalIconId=0x7f020536/com.android.systemui:drawable/stat_sys_wifi_signal_4 mobileLabel=仅限紧急通话 wifiLabel="Doodle"xxxxXXXXxxxxXXXX emergencyOnly=true combinedLabel="Doodle"xxxxXXXXxxxxXXXX mAirplaneMode=false mDataActivity=0 mPhoneSignalIconId=0x7f0204c9/com.android.systemui:drawable/stat_sys_signal_4 mQSPhoneSignalIconId=0x7f020136/com.android.systemui:drawable/ic_qs_signal_4 mDataDirectionIconId=0x0/(null) mDataSignalIconId=0x7f0204c9/com.android.systemui:drawable/stat_sys_signal_4 mDataTypeIconId=0x0/(null) mQSDataTypeIconId=0x0/(null) mNoSimIconId=0x0/(null) mWifiIconId=0x7f020536/com.android.systemui:drawable/stat_sys_wifi_signal_4 mQSWifiIconId=0x7f02014c/com.android.systemui:drawable/ic_qs_wifi_4 mWifiActivityIconId=0x7f020507/com.android.systemui:drawable/stat_sys_signal_inout mBluetoothTetherIconId=0x10808f0/android:drawable/stat_sys_tether_bluetooth
2024-04-22 14:59:11.281 1179-1179/? D/STATUSBAR-WifiQuickSettingButton: onWifiSignalChanged enabled=true enabledDesc:"Doodle"
2024-04-22 14:59:11.281 1179-1179/? D/StatusBar.NetworkController: refreshSignalCluster - setNWBoosterIndicators(false)
2024-04-22 14:59:11.281 1179-1179/? D/StatusBar.NetworkController: applyOpen
2024-04-22 14:59:11.281 1179-1179/? D/StatusBar.NetworkController: refreshSignalCluster - setNWBoosterIndicators(false)
2024-04-22 14:59:11.281 1179-1179/? D/StatusBar.NetworkController: applyOpen
2024-04-22 14:59:11.281 1179-1179/? D/StatusBar.NetworkController: refreshSignalCluster - setNWBoosterIndicators(false)
2024-04-22 14:59:11.281 1179-1179/? D/StatusBar.NetworkController: applyOpen
2024-04-22 14:59:11.281 1179-1179/? D/StatusBar.NetworkController: refreshSignalCluster - setNWBoosterIndicators(false)
2024-04-22 14:59:11.281 1179-1179/? D/StatusBar.NetworkController: applyOpen
2024-04-22 14:59:13.411 792-3705/? D/SSRM:n: SIOP:: AP = 560, PST = 561, CUR = 1200
2024-04-22 14:59:14.661 792-4169/? D/BatteryService: !@BatteryListener : batteryPropertiesChanged!
2024-04-22 14:59:14.661 792-4169/? D/BatteryService: level:17, scale:100, status:2, health:2, present:true, voltage: 4028, temperature: 406, technology: Li-ion, AC powered:true, USB powered:false, Wireless powered:false, icon:17303723, invalid charger:0
2024-04-22 14:59:14.661 792-4169/? D/BatteryService: online:3, current avg:1200, charge type:1, power sharing:false, high voltage charger:false, capacity:280000, current_now:1200
2024-04-22 14:59:14.661 792-792/? D/BatteryService: Sending ACTION_BATTERY_CHANGED.
2024-04-22 14:59:14.671 1179-1179/? D/KeyguardUpdateMonitor: received broadcast android.intent.action.BATTERY_CHANGED
2024-04-22 14:59:14.671 1179-1179/? D/KeyguardUpdateMonitor: handleBatteryUpdate
2024-04-22 14:59:14.671 792-792/? I/MotionRecognitionService: Plugged
2024-04-22 14:59:14.671 792-792/? I/MotionRecognitionService: setPowerConnected  = true
2024-04-22 14:59:14.671 1179-1179/? D/STATUSBAR-PhoneStatusBar:  mBrightnessEnablebySettings = true mBrightnessEnablebyBattery = true mBrightnessEnablebyDisableFlag = true mPmsBrightnessEnablebySettings = true
2024-04-22 14:59:14.681 1469-1469/? I/BusinessExecutor: registered Task#292 : PowerInfoEventSource$1
2024-04-22 14:59:14.681 1469-1747/? I/BusinessExecutor: Task#292 : #run() called
2024-04-22 14:59:14.681 1469-1747/? I/BusinessExecutor: Task#292 : #run() ended
2024-04-22 14:59:14.691 1179-1179/? D/BatteryMeterView: ACTION_BATTERY_CHANGED : level:17 status:2 health:2
2024-04-22 14:59:14.691 1179-1179/? D/BatteryMeterView: ACTION_BATTERY_CHANGED : level:17 status:2 health:2
2024-04-22 14:59:14.691 1179-1179/? D/BatteryMeterView: ACTION_BATTERY_CHANGED : level:17 status:2 health:2
2024-04-22 14:59:15.291 1179-1179/? D/StatusBar.NetworkController: refreshViews connected={ wifi } level=4 combinedSignalIconId=0x7f020536/com.android.systemui:drawable/stat_sys_wifi_signal_4 mobileLabel=仅限紧急通话 wifiLabel="Doodle"xxxxXXXXxxxxXXXX emergencyOnly=true combinedLabel="Doodle"xxxxXXXXxxxxXXXX mAirplaneMode=false mDataActivity=0 mPhoneSignalIconId=0x7f0204c9/com.android.systemui:drawable/stat_sys_signal_4 mQSPhoneSignalIconId=0x7f020136/com.android.systemui:drawable/ic_qs_signal_4 mDataDirectionIconId=0x0/(null) mDataSignalIconId=0x7f0204c9/com.android.systemui:drawable/stat_sys_signal_4 mDataTypeIconId=0x0/(null) mQSDataTypeIconId=0x0/(null) mNoSimIconId=0x0/(null) mWifiIconId=0x7f020536/com.android.systemui:drawable/stat_sys_wifi_signal_4 mQSWifiIconId=0x7f02014c/com.android.systemui:drawable/ic_qs_wifi_4 mWifiActivityIconId=0x7f020505/com.android.systemui:drawable/stat_sys_signal_in mBluetoothTetherIconId=0x10808f0/android:drawable/stat_sys_tether_bluetooth
2024-04-22 14:59:15.291 1179-1179/? D/STATUSBAR-WifiQuickSettingButton: onWifiSignalChanged enabled=true enabledDesc:"Doodle"
2024-04-22 14:59:15.291 1179-1179/? D/StatusBar.NetworkController: refreshSignalCluster - setNWBoosterIndicators(false)
2024-04-22 14:59:15.291 1179-1179/? D/StatusBar.NetworkController: applyOpen
2024-04-22 14:59:15.291 1179-1179/? D/StatusBar.NetworkController: refreshSignalCluster - setNWBoosterIndicators(false)
2024-04-22 14:59:15.291 1179-1179/? D/StatusBar.NetworkController: applyOpen
2024-04-22 14:59:15.291 1179-1179/? D/StatusBar.NetworkController: refreshSignalCluster - setNWBoosterIndicators(false)
2024-04-22 14:59:15.291 1179-1179/? D/StatusBar.NetworkController: applyOpen
2024-04-22 14:59:15.291 1179-1179/? D/StatusBar.NetworkController: refreshSignalCluster - setNWBoosterIndicators(false)
2024-04-22 14:59:15.291 1179-1179/? D/StatusBar.NetworkController: applyOpen
2024-04-22 14:59:16.291 1179-1179/? D/StatusBar.NetworkController: refreshViews connected={ wifi } level=4 combinedSignalIconId=0x7f020536/com.android.systemui:drawable/stat_sys_wifi_signal_4 mobileLabel=仅限紧急通话 wifiLabel="Doodle"xxxxXXXXxxxxXXXX emergencyOnly=true combinedLabel="Doodle"xxxxXXXXxxxxXXXX mAirplaneMode=false mDataActivity=0 mPhoneSignalIconId=0x7f0204c9/com.android.systemui:drawable/stat_sys_signal_4 mQSPhoneSignalIconId=0x7f020136/com.android.systemui:drawable/ic_qs_signal_4 mDataDirectionIconId=0x0/(null) mDataSignalIconId=0x7f0204c9/com.android.systemui:drawable/stat_sys_signal_4 mDataTypeIconId=0x0/(null) mQSDataTypeIconId=0x0/(null) mNoSimIconId=0x0/(null) mWifiIconId=0x7f020536/com.android.systemui:drawable/stat_sys_wifi_signal_4 mQSWifiIconId=0x7f02014c/com.android.systemui:drawable/ic_qs_wifi_4 mWifiActivityIconId=0x7f020507/com.android.systemui:drawable/stat_sys_signal_inout mBluetoothTetherIconId=0x10808f0/android:drawable/stat_sys_tether_bluetooth
2024-04-22 14:59:16.291 1179-1179/? D/STATUSBAR-WifiQuickSettingButton: onWifiSignalChanged enabled=true enabledDesc:"Doodle"
2024-04-22 14:59:16.291 1179-1179/? D/StatusBar.NetworkController: refreshSignalCluster - setNWBoosterIndicators(false)
2024-04-22 14:59:16.291 1179-1179/? D/StatusBar.NetworkController: applyOpen
2024-04-22 14:59:16.291 1179-1179/? D/StatusBar.NetworkController: refreshSignalCluster - setNWBoosterIndicators(false)
2024-04-22 14:59:16.291 1179-1179/? D/StatusBar.NetworkController: applyOpen
2024-04-22 14:59:16.291 1179-1179/? D/StatusBar.NetworkController: refreshSignalCluster - setNWBoosterIndicators(false)
2024-04-22 14:59:16.291 1179-1179/? D/StatusBar.NetworkController: applyOpen
2024-04-22 14:59:16.291 1179-1179/? D/StatusBar.NetworkController: refreshSignalCluster - setNWBoosterIndicators(false)
2024-04-22 14:59:16.291 1179-1179/? D/StatusBar.NetworkController: applyOpen
2024-04-22 14:59:17.171 1876-3380/? I/qtaguid: Tagging socket 52 with tag 40100000000{1025,0} uid 10015, pid: 1876, getuid(): 10015
2024-04-22 14:59:18.291 10915-11055/? I/PlayCommon: [1351] apvc.j(241): Preparing logs for uploading
2024-04-22 14:59:18.301 10915-11055/? I/PlayCommon: [1351] apvc.j(1420): Connecting to server for timestamp: https://play.googleapis.com/play/log/timestamp
2024-04-22 14:59:18.301 10915-11055/? I/System.out: (HTTPLog)-Static: isSBSettingEnabled false
2024-04-22 14:59:18.301 792-1459/? D/ConnectivityService: returning getActiveNetworkInfo :[type: WIFI[] - WIFI, state: CONNECTED/CONNECTED, reason: (unspecified), extra: "Doodle", roaming: false, failover: false, isAvailable: true, isConnectedToProvisioningNetwork: false]
2024-04-22 14:59:18.311 10915-11055/? I/System.out: KnoxVpnUidStorageknoxVpnSupported API value returned is false
2024-04-22 14:59:19.971 1876-15585/? I/qtaguid: Untagging socket 236
2024-04-22 14:59:20.041 792-1099/? V/AlarmManager: waitForAlarm result :8
2024-04-22 14:59:20.051 792-1383/? D/ActivityManager: startService callerProcessName:flipboard.app, calleePkgName: flipboard.app
2024-04-22 14:59:20.061 792-1740/? D/ActivityManager: bindService callerProcessName:com.google.android.gms, calleePkgName: com.google.android.gms, action: com.google.android.chimera.BoundService.START
2024-04-22 14:59:20.071 792-1672/? D/ActivityManager: bindService callerProcessName:com.google.android.gms, calleePkgName: com.google.android.gms, action: com.google.android.chimera.BoundService.START
2024-04-22 14:59:20.081 1876-1876/? D/BoundBrokerSvc: onBind: Intent { act=com.google.android.gms.udc.service.START dat=chimera-action: cmp=com.google.android.gms/.chimera.PersistentApiService }
2024-04-22 14:59:20.081 1876-1876/? D/BoundBrokerSvc: Loading bound service for intent: Intent { act=com.google.android.gms.udc.service.START dat=chimera-action: cmp=com.google.android.gms/.chimera.PersistentApiService }
2024-04-22 14:59:20.121 1876-15631/? I/LockboxIntentOp: (REDACTED) Completed task: %b
2024-04-22 14:59:20.141 15043-15131/? I/System.out: onlineMission--------
2024-04-22 14:59:20.141 16089-16343/? D/FirebaseInstanceId: background sync failed: SERVICE_NOT_AVAILABLE, retry in 80s
2024-04-22 14:59:20.141 15043-15131/? I/System.out: 06h:57m
2024-04-22 14:59:20.141 792-1323/? D/ConnectivityService: returning getActiveNetworkInfo :[type: WIFI[] - WIFI, state: CONNECTED/CONNECTED, reason: (unspecified), extra: "Doodle", roaming: false, failover: false, isAvailable: true, isConnectedToProvisioningNetwork: false]
2024-04-22 14:59:20.151 792-4169/? D/ConnectivityService: returning getActiveNetworkInfo :[type: WIFI[] - WIFI, state: CONNECTED/CONNECTED, reason: (unspecified), extra: "Doodle", roaming: false, failover: false, isAvailable: true, isConnectedToProvisioningNetwork: false]
2024-04-22 14:59:20.161 1876-15585/? I/PhenotypeDbUpgradeHelpe: (REDACTED) onUpgrade %d to %d, isDeviceEncrypted %b
2024-04-22 14:59:20.161 1876-15585/? I/PhenotypeDbUpgradeHelpe: Add declarativeRegistrationInfo column to Packages table. [CONTEXT service_id=51 ]
2024-04-22 14:59:20.161 1876-15585/? E/SQLiteLog: (1) duplicate column name: declarativeRegistrationInfo
2024-04-22 14:59:20.191 1876-15585/? I/PhenotypeDbUpgradeHelpe: (REDACTED) onUpgrade %d to %d, isDeviceEncrypted %b
2024-04-22 14:59:20.191 1876-15585/? I/PhenotypeDbUpgradeHelpe: Add declarativeRegistrationInfo column to Packages table. [CONTEXT service_id=51 ]
2024-04-22 14:59:20.191 1876-15585/? E/SQLiteLog: (1) duplicate column name: declarativeRegistrationInfo
2024-04-22 14:59:21.301 1179-1179/? D/StatusBar.NetworkController: refreshViews connected={ wifi } level=4 combinedSignalIconId=0x7f020536/com.android.systemui:drawable/stat_sys_wifi_signal_4 mobileLabel=仅限紧急通话 wifiLabel="Doodle"xxxxXXXXxxxxXXXX emergencyOnly=true combinedLabel="Doodle"xxxxXXXXxxxxXXXX mAirplaneMode=false mDataActivity=0 mPhoneSignalIconId=0x7f0204c9/com.android.systemui:drawable/stat_sys_signal_4 mQSPhoneSignalIconId=0x7f020136/com.android.systemui:drawable/ic_qs_signal_4 mDataDirectionIconId=0x0/(null) mDataSignalIconId=0x7f0204c9/com.android.systemui:drawable/stat_sys_signal_4 mDataTypeIconId=0x0/(null) mQSDataTypeIconId=0x0/(null) mNoSimIconId=0x0/(null) mWifiIconId=0x7f020536/com.android.systemui:drawable/stat_sys_wifi_signal_4 mQSWifiIconId=0x7f02014c/com.android.systemui:drawable/ic_qs_wifi_4 mWifiActivityIconId=0x7f020505/com.android.systemui:drawable/stat_sys_signal_in mBluetoothTetherIconId=0x10808f0/android:drawable/stat_sys_tether_bluetooth
2024-04-22 14:59:21.301 1179-1179/? D/STATUSBAR-WifiQuickSettingButton: onWifiSignalChanged enabled=true enabledDesc:"Doodle"
2024-04-22 14:59:21.301 1179-1179/? D/StatusBar.NetworkController: refreshSignalCluster - setNWBoosterIndicators(false)
2024-04-22 14:59:21.301 1179-1179/? D/StatusBar.NetworkController: applyOpen
2024-04-22 14:59:21.301 1179-1179/? D/StatusBar.NetworkController: refreshSignalCluster - setNWBoosterIndicators(false)
2024-04-22 14:59:21.301 1179-1179/? D/StatusBar.NetworkController: applyOpen
2024-04-22 14:59:21.311 1179-1179/? D/StatusBar.NetworkController: refreshSignalCluster - setNWBoosterIndicators(false)
2024-04-22 14:59:21.311 1179-1179/? D/StatusBar.NetworkController: applyOpen
2024-04-22 14:59:21.311 1179-1179/? D/StatusBar.NetworkController: refreshSignalCluster - setNWBoosterIndicators(false)
2024-04-22 14:59:21.311 1179-1179/? D/StatusBar.NetworkController: applyOpen
2024-04-22 14:59:22.161 1876-5681/? E/AuthPII: [RequestTokenManager] getToken() -> NETWORK_ERROR. App: com.google.android.gms, Service: oauth2:https://www.googleapis.com/auth/webhistory
    acfm: Error when calling server using GmsNetworkStack.
        at pik.b(:com.google.android.gms@241319003@24.13.19 (020308-626168189):1393)
        at pii.a(:com.google.android.gms@241319003@24.13.19 (020308-626168189):620)
        at pbs.h(:com.google.android.gms@241319003@24.13.19 (020308-626168189):3)
        at jxd.m(:com.google.android.gms@241319003@24.13.19 (020308-626168189):278)
        at jxd.e(:com.google.android.gms@241319003@24.13.19 (020308-626168189):978)
        at jxd.h(:com.google.android.gms@241319003@24.13.19 (020308-626168189):2)
        at jxd.gR(:com.google.android.gms@241319003@24.13.19 (020308-626168189):155)
        at jry.onTransact(:com.google.android.gms@241319003@24.13.19 (020308-626168189):96)
        at android.os.Binder.transact(Binder.java:380)
        at asot.onTransact(:com.google.android.gms@241319003@24.13.19 (020308-626168189):26)
        at android.os.Binder.transact(Binder.java:380)
        at amnc.onTransact(:com.google.android.gms@241319003@24.13.19 (020308-626168189):147)
        at android.os.Binder.execTransact(Binder.java:446)
     Caused by: acfm: Error requesting token.
        at pik.d(:com.google.android.gms@241319003@24.13.19 (020308-626168189):207)
        at pik.b(:com.google.android.gms@241319003@24.13.19 (020308-626168189):50)
        at pii.a(:com.google.android.gms@241319003@24.13.19 (020308-626168189):620) 
        at pbs.h(:com.google.android.gms@241319003@24.13.19 (020308-626168189):3) 
        at jxd.m(:com.google.android.gms@241319003@24.13.19 (020308-626168189):278) 
        at jxd.e(:com.google.android.gms@241319003@24.13.19 (020308-626168189):978) 
        at jxd.h(:com.google.android.gms@241319003@24.13.19 (020308-626168189):2) 
        at jxd.gR(:com.google.android.gms@241319003@24.13.19 (020308-626168189):155) 
        at jry.onTransact(:com.google.android.gms@241319003@24.13.19 (020308-626168189):96) 
        at android.os.Binder.transact(Binder.java:380) 
        at asot.onTransact(:com.google.android.gms@241319003@24.13.19 (020308-626168189):26) 
        at android.os.Binder.transact(Binder.java:380) 
        at amnc.onTransact(:com.google.android.gms@241319003@24.13.19 (020308-626168189):147) 
        at android.os.Binder.execTransact(Binder.java:446) 
     Caused by: java.util.concurrent.TimeoutException: Waited 30 seconds (plus 38830614 nanoseconds delay) for cvas@2f9d7c75[status=PENDING, info=[inputFuture=[cvas@3977d40a[status=PENDING, info=[inputFuture=[fic@45c847b[status=PENDING, info=[tag=[GmsUrlRequestImpl.startWithFuture()]]]], function=[tza@3de41298]]]], function=[pij@11566af1]]]
        at cvap.get(:com.google.android.gms@241319003@24.13.19 (020308-626168189):52)
        at pik.d(:com.google.android.gms@241319003@24.13.19 (020308-626168189):189)
        at pik.b(:com.google.android.gms@241319003@24.13.19 (020308-626168189):50) 
        at pii.a(:com.google.android.gms@241319003@24.13.19 (020308-626168189):620) 
        at pbs.h(:com.google.android.gms@241319003@24.13.19 (020308-626168189):3) 
        at jxd.m(:com.google.android.gms@241319003@24.13.19 (020308-626168189):278) 
        at jxd.e(:com.google.android.gms@241319003@24.13.19 (020308-626168189):978) 
        at jxd.h(:com.google.android.gms@241319003@24.13.19 (020308-626168189):2) 
        at jxd.gR(:com.google.android.gms@241319003@24.13.19 (020308-626168189):155) 
        at jry.onTransact(:com.google.android.gms@241319003@24.13.19 (020308-626168189):96) 
        at android.os.Binder.transact(Binder.java:380) 
        at asot.onTransact(:com.google.android.gms@241319003@24.13.19 (020308-626168189):26) 
        at android.os.Binder.transact(Binder.java:380) 
        at amnc.onTransact(:com.google.android.gms@241319003@24.13.19 (020308-626168189):147) 
        at android.os.Binder.execTransact(Binder.java:446) 
2024-04-22 14:59:22.161 1876-5681/? E/AuthPII: Message is Error when calling server using GmsNetworkStack.
    acfm: Error when calling server using GmsNetworkStack.
        at pik.b(:com.google.android.gms@241319003@24.13.19 (020308-626168189):1393)
        at pii.a(:com.google.android.gms@241319003@24.13.19 (020308-626168189):620)
        at pbs.h(:com.google.android.gms@241319003@24.13.19 (020308-626168189):3)
        at jxd.m(:com.google.android.gms@241319003@24.13.19 (020308-626168189):278)
        at jxd.e(:com.google.android.gms@241319003@24.13.19 (020308-626168189):978)
        at jxd.h(:com.google.android.gms@241319003@24.13.19 (020308-626168189):2)
        at jxd.gR(:com.google.android.gms@241319003@24.13.19 (020308-626168189):155)
        at jry.onTransact(:com.google.android.gms@241319003@24.13.19 (020308-626168189):96)
        at android.os.Binder.transact(Binder.java:380)
        at asot.onTransact(:com.google.android.gms@241319003@24.13.19 (020308-626168189):26)
        at android.os.Binder.transact(Binder.java:380)
        at amnc.onTransact(:com.google.android.gms@241319003@24.13.19 (020308-626168189):147)
        at android.os.Binder.execTransact(Binder.java:446)
     Caused by: acfm: Error requesting token.
        at pik.d(:com.google.android.gms@241319003@24.13.19 (020308-626168189):207)
        at pik.b(:com.google.android.gms@241319003@24.13.19 (020308-626168189):50)
        at pii.a(:com.google.android.gms@241319003@24.13.19 (020308-626168189):620) 
        at pbs.h(:com.google.android.gms@241319003@24.13.19 (020308-626168189):3) 
        at jxd.m(:com.google.android.gms@241319003@24.13.19 (020308-626168189):278) 
        at jxd.e(:com.google.android.gms@241319003@24.13.19 (020308-626168189):978) 
        at jxd.h(:com.google.android.gms@241319003@24.13.19 (020308-626168189):2) 
        at jxd.gR(:com.google.android.gms@241319003@24.13.19 (020308-626168189):155) 
        at jry.onTransact(:com.google.android.gms@241319003@24.13.19 (020308-626168189):96) 
        at android.os.Binder.transact(Binder.java:380) 
        at asot.onTransact(:com.google.android.gms@241319003@24.13.19 (020308-626168189):26) 
        at android.os.Binder.transact(Binder.java:380) 
        at amnc.onTransact(:com.google.android.gms@241319003@24.13.19 (020308-626168189):147) 
        at android.os.Binder.execTransact(Binder.java:446) 
     Caused by: java.util.concurrent.TimeoutException: Waited 30 seconds (plus 38830614 nanoseconds delay) for cvas@2f9d7c75[status=PENDING, info=[inputFuture=[cvas@3977d40a[status=PENDING, info=[inputFuture=[fic@45c847b[status=PENDING, info=[tag=[GmsUrlRequestImpl.startWithFuture()]]]], function=[tza@3de41298]]]], function=[pij@11566af1]]]
        at cvap.get(:com.google.android.gms@241319003@24.13.19 (020308-626168189):52)
        at pik.d(:com.google.android.gms@241319003@24.13.19 (020308-626168189):189)
        at pik.b(:com.google.android.gms@241319003@24.13.19 (020308-626168189):50) 
        at pii.a(:com.google.android.gms@241319003@24.13.19 (020308-626168189):620) 
        at pbs.h(:com.google.android.gms@241319003@24.13.19 (020308-626168189):3) 
        at jxd.m(:com.google.android.gms@241319003@24.13.19 (020308-626168189):278) 
        at jxd.e(:com.google.android.gms@241319003@24.13.19 (020308-626168189):978) 
        at jxd.h(:com.google.android.gms@241319003@24.13.19 (020308-626168189):2) 
        at jxd.gR(:com.google.android.gms@241319003@24.13.19 (020308-626168189):155) 
        at jry.onTransact(:com.google.android.gms@241319003@24.13.19 (020308-626168189):96) 
        at android.os.Binder.transact(Binder.java:380) 
        at asot.onTransact(:com.google.android.gms@241319003@24.13.19 (020308-626168189):26) 
        at android.os.Binder.transact(Binder.java:380) 
        at amnc.onTransact(:com.google.android.gms@241319003@24.13.19 (020308-626168189):147) 
        at android.os.Binder.execTransact(Binder.java:446) 
2024-04-22 14:59:22.161 1876-5681/? W/Auth: [GetToken] GetToken failed with status code: NetworkError
2024-04-22 14:59:22.161 2287-16277/? W/Auth: [GoogleAuthUtil] [GoogleAuthUtil] error status:NETWORK_ERROR with method:getTokenWithDetails
2024-04-22 14:59:22.241 1876-15585/? I/NetworkScheduler.Stats: (REDACTED) Task %s/%s finished executing. cause:%s result: %s elapsed_millis: %s uptime_millis: %s exec_start_elapsed_seconds: %s
2024-04-22 14:59:22.271 792-1569/? D/ConnectivityService: returning getActiveNetworkInfo :[type: WIFI[] - WIFI, state: CONNECTED/CONNECTED, reason: (unspecified), extra: "Doodle", roaming: false, failover: false, isAvailable: true, isConnectedToProvisioningNetwork: false]
2024-04-22 14:59:22.311 1179-1179/? D/StatusBar.NetworkController: refreshViews connected={ wifi } level=4 combinedSignalIconId=0x7f020536/com.android.systemui:drawable/stat_sys_wifi_signal_4 mobileLabel=仅限紧急通话 wifiLabel="Doodle"xxxxXXXXxxxxXXXX emergencyOnly=true combinedLabel="Doodle"xxxxXXXXxxxxXXXX mAirplaneMode=false mDataActivity=0 mPhoneSignalIconId=0x7f0204c9/com.android.systemui:drawable/stat_sys_signal_4 mQSPhoneSignalIconId=0x7f020136/com.android.systemui:drawable/ic_qs_signal_4 mDataDirectionIconId=0x0/(null) mDataSignalIconId=0x7f0204c9/com.android.systemui:drawable/stat_sys_signal_4 mDataTypeIconId=0x0/(null) mQSDataTypeIconId=0x0/(null) mNoSimIconId=0x0/(null) mWifiIconId=0x7f020536/com.android.systemui:drawable/stat_sys_wifi_signal_4 mQSWifiIconId=0x7f02014c/com.android.systemui:drawable/ic_qs_wifi_4 mWifiActivityIconId=0x7f020507/com.android.systemui:drawable/stat_sys_signal_inout mBluetoothTetherIconId=0x10808f0/android:drawable/stat_sys_tether_bluetooth
2024-04-22 14:59:22.311 1179-1179/? D/STATUSBAR-WifiQuickSettingButton: onWifiSignalChanged enabled=true enabledDesc:"Doodle"
2024-04-22 14:59:22.311 1179-1179/? D/StatusBar.NetworkController: refreshSignalCluster - setNWBoosterIndicators(false)
2024-04-22 14:59:22.311 1179-1179/? D/StatusBar.NetworkController: applyOpen
2024-04-22 14:59:22.311 1179-1179/? D/StatusBar.NetworkController: refreshSignalCluster - setNWBoosterIndicators(false)
2024-04-22 14:59:22.311 1179-1179/? D/StatusBar.NetworkController: applyOpen
2024-04-22 14:59:22.311 1179-1179/? D/StatusBar.NetworkController: refreshSignalCluster - setNWBoosterIndicators(false)
2024-04-22 14:59:22.311 1179-1179/? D/StatusBar.NetworkController: applyOpen
2024-04-22 14:59:22.311 1179-1179/? D/StatusBar.NetworkController: refreshSignalCluster - setNWBoosterIndicators(false)
2024-04-22 14:59:22.311 1179-1179/? D/StatusBar.NetworkController: applyOpen
2024-04-22 14:59:22.351 1876-16361/? I/NetworkScheduler.Stats: (REDACTED) Task %s/%s started execution. cause:%s exec_start_elapsed_seconds: %s
2024-04-22 14:59:23.311 1179-1179/? D/StatusBar.NetworkController: refreshViews connected={ wifi } level=4 combinedSignalIconId=0x7f020536/com.android.systemui:drawable/stat_sys_wifi_signal_4 mobileLabel=仅限紧急通话 wifiLabel="Doodle"xxxxXXXXxxxxXXXX emergencyOnly=true combinedLabel="Doodle"xxxxXXXXxxxxXXXX mAirplaneMode=false mDataActivity=0 mPhoneSignalIconId=0x7f0204c9/com.android.systemui:drawable/stat_sys_signal_4 mQSPhoneSignalIconId=0x7f020136/com.android.systemui:drawable/ic_qs_signal_4 mDataDirectionIconId=0x0/(null) mDataSignalIconId=0x7f0204c9/com.android.systemui:drawable/stat_sys_signal_4 mDataTypeIconId=0x0/(null) mQSDataTypeIconId=0x0/(null) mNoSimIconId=0x0/(null) mWifiIconId=0x7f020536/com.android.systemui:drawable/stat_sys_wifi_signal_4 mQSWifiIconId=0x7f02014c/com.android.systemui:drawable/ic_qs_wifi_4 mWifiActivityIconId=0x7f020505/com.android.systemui:drawable/stat_sys_signal_in mBluetoothTetherIconId=0x10808f0/android:drawable/stat_sys_tether_bluetooth
2024-04-22 14:59:23.311 1179-1179/? D/STATUSBAR-WifiQuickSettingButton: onWifiSignalChanged enabled=true enabledDesc:"Doodle"
2024-04-22 14:59:23.311 1179-1179/? D/StatusBar.NetworkController: refreshSignalCluster - setNWBoosterIndicators(false)
2024-04-22 14:59:23.311 1179-1179/? D/StatusBar.NetworkController: applyOpen
2024-04-22 14:59:23.311 1179-1179/? D/StatusBar.NetworkController: refreshSignalCluster - setNWBoosterIndicators(false)
2024-04-22 14:59:23.321 1179-1179/? D/StatusBar.NetworkController: applyOpen
2024-04-22 14:59:23.321 1179-1179/? D/StatusBar.NetworkController: refreshSignalCluster - setNWBoosterIndicators(false)
2024-04-22 14:59:23.321 1179-1179/? D/StatusBar.NetworkController: applyOpen
2024-04-22 14:59:23.321 1179-1179/? D/StatusBar.NetworkController: refreshSignalCluster - setNWBoosterIndicators(false)
2024-04-22 14:59:23.321 1179-1179/? D/StatusBar.NetworkController: applyOpen
2024-04-22 14:59:23.491 792-3705/? D/SSRM:n: SIOP:: AP = 560, PST = 561, CUR = 1200
2024-04-22 14:59:23.811 1876-3380/? I/qtaguid: Tagging socket 48 with tag 40100000000{1025,0} uid 10015, pid: 1876, getuid(): 10015
2024-04-22 14:59:24.311 1179-1179/? D/StatusBar.NetworkController: refreshViews connected={ wifi } level=4 combinedSignalIconId=0x7f020536/com.android.systemui:drawable/stat_sys_wifi_signal_4 mobileLabel=仅限紧急通话 wifiLabel="Doodle"xxxxXXXXxxxxXXXX emergencyOnly=true combinedLabel="Doodle"xxxxXXXXxxxxXXXX mAirplaneMode=false mDataActivity=0 mPhoneSignalIconId=0x7f0204c9/com.android.systemui:drawable/stat_sys_signal_4 mQSPhoneSignalIconId=0x7f020136/com.android.systemui:drawable/ic_qs_signal_4 mDataDirectionIconId=0x0/(null) mDataSignalIconId=0x7f0204c9/com.android.systemui:drawable/stat_sys_signal_4 mDataTypeIconId=0x0/(null) mQSDataTypeIconId=0x0/(null) mNoSimIconId=0x0/(null) mWifiIconId=0x7f020536/com.android.systemui:drawable/stat_sys_wifi_signal_4 mQSWifiIconId=0x7f02014c/com.android.systemui:drawable/ic_qs_wifi_4 mWifiActivityIconId=0x7f020507/com.android.systemui:drawable/stat_sys_signal_inout mBluetoothTetherIconId=0x10808f0/android:drawable/stat_sys_tether_bluetooth
2024-04-22 14:59:24.311 1179-1179/? D/STATUSBAR-WifiQuickSettingButton: onWifiSignalChanged enabled=true enabledDesc:"Doodle"
2024-04-22 14:59:24.311 1179-1179/? D/StatusBar.NetworkController: refreshSignalCluster - setNWBoosterIndicators(false)
2024-04-22 14:59:24.311 1179-1179/? D/StatusBar.NetworkController: applyOpen
2024-04-22 14:59:24.321 1179-1179/? D/StatusBar.NetworkController: refreshSignalCluster - setNWBoosterIndicators(false)
2024-04-22 14:59:24.321 1179-1179/? D/StatusBar.NetworkController: applyOpen
2024-04-22 14:59:24.321 1179-1179/? D/StatusBar.NetworkController: refreshSignalCluster - setNWBoosterIndicators(false)
2024-04-22 14:59:24.321 1179-1179/? D/StatusBar.NetworkController: applyOpen
2024-04-22 14:59:24.321 1179-1179/? D/StatusBar.NetworkController: refreshSignalCluster - setNWBoosterIndicators(false)
2024-04-22 14:59:24.321 1179-1179/? D/StatusBar.NetworkController: applyOpen
2024-04-22 14:59:24.721 1179-1179/? D/KeyguardUpdateMonitor: received broadcast android.intent.action.BATTERY_CHANGED
2024-04-22 14:59:24.721 1179-1179/? D/KeyguardUpdateMonitor: handleBatteryUpdate
2024-04-22 14:59:24.721 1469-1469/? I/BusinessExecutor: registered Task#293 : PowerInfoEventSource$1
2024-04-22 14:59:24.721 1469-1747/? I/BusinessExecutor: Task#293 : #run() called
2024-04-22 14:59:24.721 1469-1747/? I/BusinessExecutor: Task#293 : #run() ended
2024-04-22 14:59:24.721 792-810/? D/BatteryService: !@BatteryListener : batteryPropertiesChanged!
2024-04-22 14:59:24.721 792-810/? D/BatteryService: level:17, scale:100, status:2, health:2, present:true, voltage: 3941, temperature: 407, technology: Li-ion, AC powered:true, USB powered:false, Wireless powered:false, icon:17303723, invalid charger:0
2024-04-22 14:59:24.721 792-810/? D/BatteryService: online:3, current avg:1200, charge type:1, power sharing:false, high voltage charger:false, capacity:280000, current_now:1200
2024-04-22 14:59:24.721 792-792/? D/BatteryService: Sending ACTION_BATTERY_CHANGED.
2024-04-22 14:59:24.721 792-792/? I/MotionRecognitionService: Plugged
2024-04-22 14:59:24.721 792-792/? I/MotionRecognitionService: setPowerConnected  = true
2024-04-22 14:59:24.721 1179-1179/? D/STATUSBAR-PhoneStatusBar:  mBrightnessEnablebySettings = true mBrightnessEnablebyBattery = true mBrightnessEnablebyDisableFlag = true mPmsBrightnessEnablebySettings = true
2024-04-22 14:59:24.721 1179-1179/? D/BatteryMeterView: ACTION_BATTERY_CHANGED : level:17 status:2 health:2
2024-04-22 14:59:24.741 1179-1179/? D/BatteryMeterView: ACTION_BATTERY_CHANGED : level:17 status:2 health:2
2024-04-22 14:59:24.741 1179-1179/? D/BatteryMeterView: ACTION_BATTERY_CHANGED : level:17 status:2 health:2
2024-04-22 14:59:26.321 792-1052/? I/PowerManagerService: [PWL] On : 1380416 (767534 ms ago)
2024-04-22 14:59:26.321 792-1052/? I/PowerManagerService: [PWL]  mStayOn: false  mWakeLockSummary & WAKE_LOCK_STAY_AWAKE: 20  mUserActivitySummary: 0x4
2024-04-22 14:59:26.321 792-1052/? I/PowerManagerService: [PWL]  SCREEN_BRIGHT_WAKE_LOCK        'WindowManager' ON_AFTER_RELEASE (uid=1000, pid=792, ws=WorkSource{10210}) (elapsedTime=617901)
2024-04-22 14:59:28.141 1876-3380/? I/qtaguid: Tagging socket 47 with tag 40100000000{1025,0} uid 10204, pid: 1876, getuid(): 10015
2024-04-22 14:59:29.561 300-15323/? I/OMXCodec: [OMX.google.vorbis.decoder] End Of Stream
2024-04-22 14:59:29.591 300-15623/? I/AudioPlayer: getNumFramesPendingPlayout() mNumFramesPlayed (3023496), numFramesPlayedOut (3021084)
2024-04-22 14:59:29.591 300-15623/? V/AwesomePlayer: postAudioEOS delayUs (226122)
2024-04-22 14:59:29.591 300-15321/? V/AwesomePlayer: onCheckAudioStatus
2024-04-22 14:59:29.591 300-15321/? V/AwesomePlayer: onCheckAudioStatus() set AUDIO_AT_EOS flag
2024-04-22 14:59:29.591 300-15321/? V/AwesomePlayer: onStreamDone
2024-04-22 14:59:29.591 300-15321/? V/AwesomePlayer: notifyListner_l() msg (7-MEDIA_PAUSED), ext1 (0), ext2 (0)
2024-04-22 14:59:29.591 300-15321/? V/MediaPlayerService: [3] notify (0xb185dc80, 7, 0, 0)
2024-04-22 14:59:29.591 300-15321/? V/AudioSink: pause
2024-04-22 14:59:29.591 300-15321/? V/AudioSink: flush
2024-04-22 14:59:29.591 300-15321/? V/AudioSink: start
2024-04-22 14:59:29.591 15043-15054/? V/MediaPlayer: message received msg=7, ext1=0, ext2=0
2024-04-22 14:59:29.591 15043-15054/? V/MediaPlayer: unrecognized message: (7, 0, 0)
2024-04-22 14:59:29.591 15043-15054/? V/MediaPlayer: callback application
2024-04-22 14:59:29.591 15043-15054/? V/MediaPlayer: back from callback
2024-04-22 14:59:29.591 15043-15043/? V/MediaPlayer-JNI: getCurrentPosition: 0 (msec)
2024-04-22 14:59:29.591 15043-15043/? V/MediaPlayer-JNI: isPlaying: 1
2024-04-22 14:59:29.601 300-15623/? V/AwesomePlayer: postAudioSeekComplete
2024-04-22 14:59:29.601 300-15321/? V/AwesomePlayer: onCheckAudioStatus
2024-04-22 14:59:29.601 300-15321/? V/AwesomePlayer: onCheckAudioStatus() MEDIA_SEEK_COMPLETE
2024-04-22 14:59:29.601 300-15321/? V/AwesomePlayer: notifyListner_l() msg (4-MEDIA_SEEK_COMPLETE), ext1 (0), ext2 (0)
2024-04-22 14:59:29.601 300-15321/? V/MediaPlayerService: [3] notify (0xb185dc80, 4, 0, 0)
2024-04-22 14:59:29.601 300-15321/? V/AwesomePlayer: notifyListner_l() msg (6-MEDIA_STARTED), ext1 (0), ext2 (0)
2024-04-22 14:59:29.601 300-15321/? V/MediaPlayerService: [3] notify (0xb185dc80, 6, 0, 0)
2024-04-22 14:59:29.601 15043-15052/? V/MediaPlayer: message received msg=4, ext1=0, ext2=0
2024-04-22 14:59:29.601 15043-15052/? V/MediaPlayer: Received seek complete
2024-04-22 14:59:29.601 15043-15052/? V/MediaPlayer: All seeks complete - return to regularly scheduled program
2024-04-22 14:59:29.601 15043-15052/? V/MediaPlayer: callback application
2024-04-22 14:59:29.601 15043-15052/? V/MediaPlayer: back from callback
2024-04-22 14:59:29.601 15043-15052/? V/MediaPlayer: message received msg=6, ext1=0, ext2=0
2024-04-22 14:59:29.601 15043-15043/? V/MediaPlayer-JNI: getCurrentPosition: 22 (msec)
2024-04-22 14:59:29.601 15043-15043/? V/MediaPlayer-JNI: isPlaying: 1
2024-04-22 14:59:29.601 15043-15052/? V/MediaPlayer: Received MEDIA_STARTED
2024-04-22 14:59:29.601 15043-15052/? V/MediaPlayer: callback application
2024-04-22 14:59:29.601 15043-15052/? V/MediaPlayer: back from callback
2024-04-22 14:59:29.601 15043-15043/? V/MediaPlayer-JNI: getCurrentPosition: 22 (msec)
2024-04-22 14:59:29.601 15043-15043/? V/MediaPlayer-JNI: isPlaying: 1
2024-04-22 14:59:29.611 300-15623/? E/AudioSink: received unknown event type: 1 inside CallbackWrapper !
2024-04-22 14:59:30.331 1179-1179/? D/StatusBar.NetworkController: refreshViews connected={ wifi } level=4 combinedSignalIconId=0x7f020536/com.android.systemui:drawable/stat_sys_wifi_signal_4 mobileLabel=仅限紧急通话 wifiLabel="Doodle"xxxxXXXXxxxxXXXX emergencyOnly=true combinedLabel="Doodle"xxxxXXXXxxxxXXXX mAirplaneMode=false mDataActivity=0 mPhoneSignalIconId=0x7f0204c9/com.android.systemui:drawable/stat_sys_signal_4 mQSPhoneSignalIconId=0x7f020136/com.android.systemui:drawable/ic_qs_signal_4 mDataDirectionIconId=0x0/(null) mDataSignalIconId=0x7f0204c9/com.android.systemui:drawable/stat_sys_signal_4 mDataTypeIconId=0x0/(null) mQSDataTypeIconId=0x0/(null) mNoSimIconId=0x0/(null) mWifiIconId=0x7f020536/com.android.systemui:drawable/stat_sys_wifi_signal_4 mQSWifiIconId=0x7f02014c/com.android.systemui:drawable/ic_qs_wifi_4 mWifiActivityIconId=0x7f020505/com.android.systemui:drawable/stat_sys_signal_in mBluetoothTetherIconId=0x10808f0/android:drawable/stat_sys_tether_bluetooth
2024-04-22 14:59:30.331 1179-1179/? D/STATUSBAR-WifiQuickSettingButton: onWifiSignalChanged enabled=true enabledDesc:"Doodle"
2024-04-22 14:59:30.331 1179-1179/? D/StatusBar.NetworkController: refreshSignalCluster - setNWBoosterIndicators(false)
2024-04-22 14:59:30.331 1179-1179/? D/StatusBar.NetworkController: applyOpen
2024-04-22 14:59:30.331 1179-1179/? D/StatusBar.NetworkController: refreshSignalCluster - setNWBoosterIndicators(false)
2024-04-22 14:59:30.331 1179-1179/? D/StatusBar.NetworkController: applyOpen
2024-04-22 14:59:30.331 1179-1179/? D/StatusBar.NetworkController: refreshSignalCluster - setNWBoosterIndicators(false)
2024-04-22 14:59:30.331 1179-1179/? D/StatusBar.NetworkController: applyOpen
2024-04-22 14:59:30.331 1179-1179/? D/StatusBar.NetworkController: refreshSignalCluster - setNWBoosterIndicators(false)
2024-04-22 14:59:30.331 1179-1179/? D/StatusBar.NetworkController: applyOpen
2024-04-22 14:59:31.341 1179-1179/? D/StatusBar.NetworkController: refreshViews connected={ wifi } level=4 combinedSignalIconId=0x7f020536/com.android.systemui:drawable/stat_sys_wifi_signal_4 mobileLabel=仅限紧急通话 wifiLabel="Doodle"xxxxXXXXxxxxXXXX emergencyOnly=true combinedLabel="Doodle"xxxxXXXXxxxxXXXX mAirplaneMode=false mDataActivity=0 mPhoneSignalIconId=0x7f0204c9/com.android.systemui:drawable/stat_sys_signal_4 mQSPhoneSignalIconId=0x7f020136/com.android.systemui:drawable/ic_qs_signal_4 mDataDirectionIconId=0x0/(null) mDataSignalIconId=0x7f0204c9/com.android.systemui:drawable/stat_sys_signal_4 mDataTypeIconId=0x0/(null) mQSDataTypeIconId=0x0/(null) mNoSimIconId=0x0/(null) mWifiIconId=0x7f020536/com.android.systemui:drawable/stat_sys_wifi_signal_4 mQSWifiIconId=0x7f02014c/com.android.systemui:drawable/ic_qs_wifi_4 mWifiActivityIconId=0x7f020507/com.android.systemui:drawable/stat_sys_signal_inout mBluetoothTetherIconId=0x10808f0/android:drawable/stat_sys_tether_bluetooth
2024-04-22 14:59:31.341 1179-1179/? D/STATUSBAR-WifiQuickSettingButton: onWifiSignalChanged enabled=true enabledDesc:"Doodle"
2024-04-22 14:59:31.341 1179-1179/? D/StatusBar.NetworkController: refreshSignalCluster - setNWBoosterIndicators(false)
2024-04-22 14:59:31.341 1179-1179/? D/StatusBar.NetworkController: applyOpen
2024-04-22 14:59:31.341 1179-1179/? D/StatusBar.NetworkController: refreshSignalCluster - setNWBoosterIndicators(false)
2024-04-22 14:59:31.341 1179-1179/? D/StatusBar.NetworkController: applyOpen
2024-04-22 14:59:31.341 1179-1179/? D/StatusBar.NetworkController: refreshSignalCluster - setNWBoosterIndicators(false)
2024-04-22 14:59:31.341 1179-1179/? D/StatusBar.NetworkController: applyOpen
2024-04-22 14:59:31.341 1179-1179/? D/StatusBar.NetworkController: refreshSignalCluster - setNWBoosterIndicators(false)
2024-04-22 14:59:31.341 1179-1179/? D/StatusBar.NetworkController: applyOpen
2024-04-22 14:59:32.471 3125-8471/? I/System.out: (HTTPLog)-Static: isSBSettingEnabled false
2024-04-22 14:59:32.511 3125-8471/? I/System.out: KnoxVpnUidStorageknoxVpnSupported API value returned is false
2024-04-22 14:59:33.461 792-1304/? E/Watchdog: !@Sync 71
2024-04-22 14:59:33.571 792-3705/? D/SSRM:n: SIOP:: AP = 560, PST = 561, CUR = 1200
2024-04-22 14:59:34.771 792-1459/? D/BatteryService: !@BatteryListener : batteryPropertiesChanged!
2024-04-22 14:59:34.771 792-1459/? D/BatteryService: level:18, scale:100, status:2, health:2, present:true, voltage: 3990, temperature: 408, technology: Li-ion, AC powered:true, USB powered:false, Wireless powered:false, icon:17303723, invalid charger:0
2024-04-22 14:59:34.771 792-1459/? D/BatteryService: online:3, current avg:1200, charge type:1, power sharing:false, high voltage charger:false, capacity:280000, current_now:1200
