        at com.android.server.wm.WindowContainer.sendAppVisibilityToClients(WindowContainer.java:1199)
        at com.android.server.wm.WindowToken.setClientVisible(WindowToken.java:398)
        at com.android.server.wm.ActivityRecord.setClientVisible(ActivityRecord.java:6568)
        at com.android.server.wm.ActivityRecord.onAnimationFinished(ActivityRecord.java:7355)
        at com.android.server.wm.ActivityRecord.postApplyAnimation(ActivityRecord.java:5267)
        at com.android.server.wm.ActivityRecord.commitVisibility(ActivityRecord.java:5239)
        at com.android.server.wm.ActivityRecord.commitVisibility(ActivityRecord.java:5243)
        at com.android.server.wm.AppTransitionController.handleClosingApps(AppTransitionController.java:1098)
        at com.android.server.wm.AppTransitionController.handleAppTransitionReady(AppTransitionController.java:286)
        at com.android.server.wm.RootWindowContainer.checkAppTransitionReady(RootWindowContainer.java:975)
        at com.android.server.wm.RootWindowContainer.performSurfacePlacementNoTrace(RootWindowContainer.java:842)
        at com.android.server.wm.RootWindowContainer.performSurfacePlacement(RootWindowContainer.java:784)
        at com.android.server.wm.WindowSurfacePlacer.performSurfacePlacementLoop(WindowSurfacePlacer.java:177)
        at com.android.server.wm.WindowSurfacePlacer.performSurfacePlacement(WindowSurfacePlacer.java:126)
        at com.android.server.wm.WindowSurfacePlacer.performSurfacePlacement(WindowSurfacePlacer.java:115)
        at com.android.server.wm.WindowSurfacePlacer$Traverser.run(WindowSurfacePlacer.java:57)
        at android.os.Handler.handleCallback(Handler.java:942)
        at android.os.Handler.dispatchMessage(Handler.java:99)
        at android.os.Looper.loopOnce(Looper.java:201)
        at android.os.Looper.loop(Looper.java:288)
        at android.os.HandlerThread.run(HandlerThread.java:67)
        at com.android.server.ServiceThread.run(ServiceThread.java:44)
2023-02-21 17:33:14.035 2822-2822/? I/Unity Wallpaper Service: onVisibilityChanged: true
2023-02-21 17:33:14.035 2822-2822/? I/Unity Wallpaper Service: Hash: 10357213 isPreview: false
2023-02-21 17:33:14.036 1975-2074/? W/ActivityManager: setHasOverlayUi called on unknown pid: 8439
2023-02-21 17:33:14.036 718-718/? E/ClientCache: failed to get buffer, invalid process token
2023-02-21 17:33:14.036 718-718/? E/BpTransactionCompletedListener: Failed to transact (-32)
2023-02-21 17:33:14.036 718-718/? E/BpTransactionCompletedListener: Failed to transact (-32)
2023-02-21 17:33:14.037 2822-2822/? I/Unity Player Wrapper: Resume Surface: 87737505
2023-02-21 17:33:14.037 2822-2822/? I/Unity Player Wrapper: Set Surface: 87737505
2023-02-21 17:33:14.037 2822-2822/? I/Unity Player Wrapper: Will Pause Surface!!!!
2023-02-21 17:33:14.041 25920-25920/? I/A: (REDACTED) onApplyWindowInsets: systemWindowInsets=%s
2023-02-21 17:33:14.041 25920-25920/? I/A: (REDACTED) onApplyWindowInsets: systemWindowInsets=%s
2023-02-21 17:33:14.041 4171-4171/? I/GsaVoiceInteractionSrv: Handling ACTION_START_HOTWORD
2023-02-21 17:33:14.042 4171-4885/? I/GsaVoiceInteractionSrv: (REDACTED) disregardVoiceMatch: %b
2023-02-21 17:33:14.044 4171-4885/? I/GsaVoiceInteractionSrv: Cannot start hotword, hotword has been explicitly disabled.
2023-02-21 17:33:14.046 1361-1396/? D/ContextHubHal: Got message from nanoapp: ID 0x476f6f676c00100e
2023-02-21 17:33:14.046 2822-2822/? I/Unity Player Wrapper: Paused Surface!!!!
2023-02-21 17:33:14.046 11842-11842/? W/gs.intelligence: Accessing hidden field Ljava/util/Collections$SynchronizedCollection;->mutex:Ljava/lang/Object; (max-target-o, reflection, denied)
2023-02-21 17:33:14.046 11842-11842/? W/gs.intelligence: Accessing hidden method Ljava/util/Collections$SynchronizedSet;-><init>(Ljava/util/Set;Ljava/lang/Object;)V (max-target-o, reflection, denied)
2023-02-21 17:33:14.047 11842-11842/? W/gs.intelligence: Accessing hidden method Ljava/util/Collections$SynchronizedCollection;-><init>(Ljava/util/Collection;Ljava/lang/Object;)V (max-target-o, reflection, denied)
2023-02-21 17:33:14.048 4139-4139/? W/ContentCaptureService: handleSendEvents() received empty list of events
2023-02-21 17:33:14.048 2822-2822/? I/Unity Player Wrapper: Changed Focus!!!!
2023-02-21 17:33:14.053 4066-4066/? I/GoogleInputMethodService: GoogleInputMethodService.onFinishInput():3220
2023-02-21 17:33:14.055 4066-4066/? I/GoogleInputMethodService: GoogleInputMethodService.updateDeviceLockedStatus():2116 checkRepeatedly = false, unlocked = true
2023-02-21 17:33:14.055 4066-4066/? I/GoogleInputMethodService: GoogleInputMethodService.onStartInput():1923 onStartInput(EditorInfo{inputType=0x1(Normal) imeOptions=0x10000003 privateImeOptions=need_conversion actionName=SEARCH actionLabel=null actionId=0 initialSelStart=0 initialSelEnd=0 initialCapsMode=0x0 hintText=non-empty label=null packageName=com.google.android.apps.nexuslauncher fieldId=2131362183 fieldName=null extras=null}, false)
2023-02-21 17:33:14.056 4066-4066/? I/GoogleInputMethodService: GoogleInputMethodService.updateDeviceLockedStatus():2116 checkRepeatedly = true, unlocked = true
2023-02-21 17:33:14.056 2822-2822/? W/Unity: Not running Unity from an Activity; ignored...
2023-02-21 17:33:14.056 2822-2822/? I/Unity Player Wrapper: Resume Surface: 87737505
2023-02-21 17:33:14.057 2822-2822/? W/Unity: Not running Unity from an Activity; ignored...
2023-02-21 17:33:14.058 2822-2822/? W/Unity: Not running Unity from an Activity; ignored...
2023-02-21 17:33:14.060 2822-4038/? W/OpenGLRenderer: Surface doesn't have any previously queued frames, nothing to readback from
2023-02-21 17:33:14.061 2822-4038/? W/OpenGLRenderer: Surface doesn't have any previously queued frames, nothing to readback from
2023-02-21 17:33:14.064 4139-4561/? I/AiAiEcho: Predicting[7]: { Feature:WEATHER, creation:2023-02-21T09:15:43Z, expiry:2023-02-21T10:00:00Z, isExpired: false}, { Feature:WEATHER, creation:2023-02-21T10:00:00Z, expiry:2023-02-21T11:00:00Z, isExpired: true}, { Feature:WEATHER, creation:2023-02-21T11:00:00Z, expiry:2023-02-21T12:00:00Z, isExpired: true}, { Feature:WEATHER, creation:2023-02-21T12:00:00Z, expiry:2023-02-21T13:00:00Z, isExpired: true}, { Feature:WEATHER, creation:2023-02-21T13:00:00Z, expiry:2023-02-21T14:00:00Z, isExpired: true}, { Feature:WEATHER, creation:2023-02-21T14:00:00Z, expiry:2023-02-21T15:00:00Z, isExpired: true}, { Feature:WEATHER, creation:2023-02-21T15:00:00Z, expiry:2023-02-21T15:15:43Z, isExpired: true}
2023-02-21 17:33:14.064 11842-11842/? D/CompatibilityChangeReporter: Compat change id reported: 183155436; UID 10135; state: ENABLED
2023-02-21 17:33:14.065 4139-4561/? I/AiAiEcho: Ranked targets strategy: WEIGHTED, count: 1, ranking metadata: { cardId: WEATHER-569377243, card type: WEATHER, update time: 2023-02-21T09:15:43Z, expiration time: 2023-02-21T10:00:00Z, ranking metadata: RankingMetaData(urgency=0.908, priority=0.3, recency=1.0, rankScore=0.27240002, importantTimePoints=# jdp@7bca4) }
2023-02-21 17:33:14.068 11842-11842/? W/BatterySettingsContentProvider: create content provider from null
2023-02-21 17:33:14.072 4139-4561/? I/AiAiEcho: #postPredictionTargets: Sending updates to UISurface lockscreen with targets# 1
2023-02-21 17:33:14.073 4139-4561/? I/AiAiEcho: #postPredictionTargets: Sending updates to UISurface home with targets# 1
2023-02-21 17:33:14.073 4139-4561/? I/AiAiEcho: #postPredictionTargets: Sending updates to UISurface media_data_manager with targets# 0
2023-02-21 17:33:14.073 2705-2705/? W/BcSmartspaceCard: No title view to update
2023-02-21 17:33:14.073 2705-2705/? I/BcSmartspaceCard: setFormattedContentDescription: textView=SUBTITLE, text=4°C, iconDescription=以晴为主, contentDescription=以晴为主，4°C
2023-02-21 17:33:14.099 11842-11864/? D/CompatibilityChangeReporter: Compat change id reported: 160794467; UID 10135; state: ENABLED
2023-02-21 17:33:14.108 2822-4382/? I/Unity: OsloBridge.cs_CheckWeather(836): It's time to check the weather. now=02/21/2023 09:33:14 > checkAfter=02/21/2023 09:22:13. Requesting weather update.
2023-02-21 17:33:14.109 2822-4382/? I/OSLOSERVICEPLUGIN: Bridge.java: Trying to get the weather...
2023-02-21 17:33:14.109 2822-4382/? I/OSLOSERVICEPLUGIN: Bridge.java: Weather handler started
2023-02-21 17:33:14.117 2822-4382/? D/Unity Wallpaper Service: Location Permission Granted :false
2023-02-21 17:33:14.118 2822-4382/? I/OSLOSERVICEPLUGIN: Bridge.java: User is not a demo user!
2023-02-21 17:33:14.123 2822-4382/? W/Unity: Not running Unity from an Activity; ignored...
2023-02-21 17:33:14.127 1380-1380/? I/sensors-hal: [hal]batch_physical_sensor:319, android.sensor.accelerometer/11, period=200000000, max_latency=0
2023-02-21 17:33:14.127 1380-1380/? I/sensors-hal: [sensor]set_config:64, sample_period_ns is adjusted to 200000000 based on min/max delay_ns
2023-02-21 17:33:14.127 1380-1380/? I/sensors-hal: [hal]batch_physical_sensor:328, android.sensor.accelerometer/11, period=200000000, max_latency=0 request completed
2023-02-21 17:33:14.128 1380-1380/? I/sensors-hal: [hal]flush_physical_sensor:360, android.sensor.accelerometer/11
2023-02-21 17:33:14.128 1380-1380/? I/sensors-hal: [hal]flush_physical_sensor:366, android.sensor.accelerometer/11 completed
2023-02-21 17:33:14.128 1380-1380/? I/sensors-hal: [hal]batch_physical_sensor:319, android.sensor.accelerometer/11, period=20000000, max_latency=0
2023-02-21 17:33:14.128 1380-1380/? I/sensors-hal: [sensor]set_config:64, sample_period_ns is adjusted to 20000000 based on min/max delay_ns
2023-02-21 17:33:14.128 1380-1380/? I/sensors-hal: [hal]batch_physical_sensor:328, android.sensor.accelerometer/11, period=20000000, max_latency=0 request completed
2023-02-21 17:33:14.129 2822-4382/? I/OSLOSERVICEPLUGIN: Bridge.java: onResume
2023-02-21 17:33:14.129 2822-4382/? I/OSLOSERVICEPLUGIN: Bridge.java: Re-registering Soli listeners...
2023-02-21 17:33:14.133 1380-4958/? I/sensors-hal: [ssc_sensor]ssc_conn_resp_cb:685, resp_value = 0
2023-02-21 17:33:14.133 1380-4958/? I/sensors-hal: [ssc_sensor]ssc_conn_resp_cb:685, resp_value = 0
2023-02-21 17:33:14.133 1380-4958/? I/sensors-hal: [ssc_sensor]ssc_conn_resp_cb:685, resp_value = 0
2023-02-21 17:33:14.136 2822-4382/? D/Unity Wallpaper Service: Location Permission Granted :false
2023-02-21 17:33:14.137 2822-4382/? I/OSLOSERVICEPLUGIN: Bridge.java: User is not a demo user!
2023-02-21 17:33:14.138 2822-24909/? I/OSLOSERVICEPLUGIN: Bridge.java::onStatusChanged(): Oslo status output: mGatingReason = 0, mIsEnabled = false
    Oslo enabled by settings: false, by airplane mode: false, by battery saver: false, by country: false
    unknown subscribers: 0, active subscriber: null
    flick subscribers: 0, active subscriber: null
    flick echo subscribers: 1, active subscriber: null
    presence subscribers: 0, active subscriber: null
    reach subscribers: 0, active subscriber: null
    reach echo subscribers: 1, active subscriber: null
    status subscribers: 3, active subscriber: com.google.oslo.OsloOverlay
    swipe subscribers: 0, active subscriber: null
    swipe echo subscribers: 0, active subscriber: null
2023-02-21 17:33:14.138 2822-24909/? I/OSLOSERVICEPLUGIN: Bridge.java: Sending message: osloStatusChanged
2023-02-21 17:33:14.138 2921-2921/? D/Oslo.OsloMetrics: log status client com.google.android.libraries.motionsense.bridgeclient.NoVisualFeedbackClient gesture 6 register true
2023-02-21 17:33:14.138 2921-2921/? D/Oslo.OsloMetrics: Register 189 timestamp 114832357
2023-02-21 17:33:14.139 2921-2921/? D/Oslo.OsloMetrics: log reach echo client com.google.android.libraries.motionsense.bridgeclient.NoVisualFeedbackClient gesture 5 register true
2023-02-21 17:33:14.139 2921-2921/? D/Oslo.OsloMetrics: Register 189 timestamp 114832357
2023-02-21 17:33:14.139 2921-2921/? D/Oslo.OsloMetrics: log reach client com.google.android.libraries.motionsense.bridgeclient.NoVisualFeedbackClient gesture 4 register true
2023-02-21 17:33:14.139 2921-2921/? D/Oslo.OsloMetrics: Register 189 timestamp 114832357
2023-02-21 17:33:14.139 2921-2921/? D/Oslo.OsloMetrics: log flick echo client com.google.android.libraries.motionsense.bridgeclient.NoVisualFeedbackClient gesture 2 register true
2023-02-21 17:33:14.139 2921-2921/? D/Oslo.OsloMetrics: Register 189 timestamp 114832358
2023-02-21 17:33:14.139 2921-2921/? D/Oslo.OsloMetrics: log flick client com.google.android.libraries.motionsense.bridgeclient.NoVisualFeedbackClient gesture 1 register true
2023-02-21 17:33:14.139 2921-2921/? D/Oslo.OsloMetrics: Register 189 timestamp 114832358
2023-02-21 17:33:14.144 11842-11842/? D/CompatibilityChangeReporter: Compat change id reported: 194532703; UID 10135; state: ENABLED
2023-02-21 17:33:14.144 1975-6138/? D/CompatibilityChangeReporter: Compat change id reported: 194532703; UID 10135; state: ENABLED
2023-02-21 17:33:14.147 1975-6138/? D/CompatibilityChangeReporter: Compat change id reported: 161145287; UID 10135; state: DISABLED
2023-02-21 17:33:14.161 2822-4382/? I/Unity: RenderSettingsManager.cs_OnDisplayChanged(81): DisplayChanged width: 1440	height: 3040
2023-02-21 17:33:14.161 2822-4382/? I/Unity: RenderSettingsManager.cs_OnDisplayChanged(81): DisplayChanged width: 1440	height: 3040
2023-02-21 17:33:14.161 2822-4382/? I/Unity: RenderSettingsManager.cs_OnDisplayChanged(81): DisplayChanged width: 1440	height: 3040
2023-02-21 17:33:14.212 2822-4382/? I/OSLOSERVICEPLUGIN: Bridge.java: Weather handler callback
2023-02-21 17:33:14.231 8836-11746/? W/ctxmgr: [AclManager] No 0 for (accnt=account#-517948760#, com.google.pixel.livewallpaper(10108):com.google.pixel.livewallpaper, vrsn=16798000, 3, 3pPkg = null ,  3pMdlId = null ,  pid = 2822 ,  featureId = null). Was: 2 for 31, account#-517948760# [CONTEXT service_id=47 ]
2023-02-21 17:33:14.235 2822-2822/? E/OSLOSERVICEPLUGIN: Bridge.java: Weather request failed: aod: 7503:
2023-02-21 17:33:14.346 2822-4382/? I/OSLOSERVICEPLUGIN: Bridge.java: Weather handler callback
2023-02-21 17:33:14.348 8836-11609/? W/ctxmgr: [AclManager] No 0 for (accnt=account#-517948760#, com.google.pixel.livewallpaper(10108):com.google.pixel.livewallpaper, vrsn=16798000, 3, 3pPkg = null ,  3pMdlId = null ,  pid = 2822 ,  featureId = null). Was: 2 for 31, account#-517948760# [CONTEXT service_id=47 ]
2023-02-21 17:33:14.349 2822-2822/? E/OSLOSERVICEPLUGIN: Bridge.java: Weather request failed: aod: 7503:
2023-02-21 17:33:14.365 1975-2074/? W/ActivityTaskManager: Activity top resumed state loss timeout for ActivityRecord{4324fe9 u0 com.tony.puzzle/.AndroidLauncher} t-1 f}}
2023-02-21 17:33:14.465 2822-4382/? I/OSLOSERVICEPLUGIN: Bridge.java: Weather handler callback
2023-02-21 17:33:14.472 8836-11746/? W/ctxmgr: [AclManager] No 0 for (accnt=account#-517948760#, com.google.pixel.livewallpaper(10108):com.google.pixel.livewallpaper, vrsn=16798000, 3, 3pPkg = null ,  3pMdlId = null ,  pid = 2822 ,  featureId = null). Was: 2 for 31, account#-517948760# [CONTEXT service_id=47 ]
2023-02-21 17:33:14.472 2822-2822/? E/OSLOSERVICEPLUGIN: Bridge.java: Weather request failed: aod: 7503:
2023-02-21 17:33:14.582 2822-4382/? I/OSLOSERVICEPLUGIN: Bridge.java: Weather handler callback
2023-02-21 17:33:14.586 8836-11746/? W/ctxmgr: [AclManager] No 0 for (accnt=account#-517948760#, com.google.pixel.livewallpaper(10108):com.google.pixel.livewallpaper, vrsn=16798000, 3, 3pPkg = null ,  3pMdlId = null ,  pid = 2822 ,  featureId = null). Was: 2 for 31, account#-517948760# [CONTEXT service_id=47 ]
2023-02-21 17:33:14.587 2822-2822/? E/OSLOSERVICEPLUGIN: Bridge.java: Weather request failed: aod: 7503:
2023-02-21 17:33:14.701 2822-4382/? I/OSLOSERVICEPLUGIN: Bridge.java: Weather handler callback
2023-02-21 17:33:14.705 8836-11746/? W/ctxmgr: [AclManager] No 0 for (accnt=account#-517948760#, com.google.pixel.livewallpaper(10108):com.google.pixel.livewallpaper, vrsn=16798000, 3, 3pPkg = null ,  3pMdlId = null ,  pid = 2822 ,  featureId = null). Was: 2 for 31, account#-517948760# [CONTEXT service_id=47 ]
2023-02-21 17:33:14.706 2822-2822/? E/OSLOSERVICEPLUGIN: Bridge.java: Weather request failed: aod: 7503:
2023-02-21 17:33:14.818 2822-4382/? I/OSLOSERVICEPLUGIN: Bridge.java: Weather handler callback
2023-02-21 17:33:14.822 8836-11609/? W/ctxmgr: [AclManager] No 0 for (accnt=account#-517948760#, com.google.pixel.livewallpaper(10108):com.google.pixel.livewallpaper, vrsn=16798000, 3, 3pPkg = null ,  3pMdlId = null ,  pid = 2822 ,  featureId = null). Was: 2 for 31, account#-517948760# [CONTEXT service_id=47 ]
2023-02-21 17:33:14.822 2822-2822/? E/OSLOSERVICEPLUGIN: Bridge.java: Weather request failed: aod: 7503:
2023-02-21 17:33:14.936 2822-4382/? I/OSLOSERVICEPLUGIN: Bridge.java: Weather handler callback
2023-02-21 17:33:14.941 8836-11609/? W/ctxmgr: [AclManager] No 0 for (accnt=account#-517948760#, com.google.pixel.livewallpaper(10108):com.google.pixel.livewallpaper, vrsn=16798000, 3, 3pPkg = null ,  3pMdlId = null ,  pid = 2822 ,  featureId = null). Was: 2 for 31, account#-517948760# [CONTEXT service_id=47 ]
2023-02-21 17:33:14.941 2822-2822/? E/OSLOSERVICEPLUGIN: Bridge.java: Weather request failed: aod: 7503:
2023-02-21 17:33:15.055 2822-4382/? I/OSLOSERVICEPLUGIN: Bridge.java: Weather handler callback
2023-02-21 17:33:15.063 8836-11746/? W/ctxmgr: [AclManager] No 0 for (accnt=account#-517948760#, com.google.pixel.livewallpaper(10108):com.google.pixel.livewallpaper, vrsn=16798000, 3, 3pPkg = null ,  3pMdlId = null ,  pid = 2822 ,  featureId = null). Was: 2 for 31, account#-517948760# [CONTEXT service_id=47 ]
2023-02-21 17:33:15.063 2822-2822/? E/OSLOSERVICEPLUGIN: Bridge.java: Weather request failed: aod: 7503:
2023-02-21 17:33:15.106 1354-4887/? D/audio_hw_primary: out_standby: enter: stream (0xef904330) usecase(1: low-latency-playback)
2023-02-21 17:33:15.145 1354-4887/? D/audio_hw_primary: disable_audio_route: reset and update mixer path: low-latency-playback speaker
2023-02-21 17:33:15.147 1354-4887/? D/soundtrigger: audio_extn_sound_trigger_update_stream_status: uc_info->id 1 of type 0 for Event 2, with Raise=0
2023-02-21 17:33:15.147 1354-4887/? D/hardware_info: hw_info_append_hw_type : device_name = speaker
2023-02-21 17:33:15.147 1354-4887/? D/audio_hw_primary: disable_snd_device: snd_device(2: speaker)
2023-02-21 17:33:15.147 1354-4887/? I/audio_hw_cirrus_playback: spkr_prot_stop_processing: pcm_tx_close
2023-02-21 17:33:15.152 1354-4887/? D/audio_hw_primary: disable_audio_route: reset and update mixer path: spkr-vi-record vi-feedback
2023-02-21 17:33:15.152 1354-4887/? D/soundtrigger: audio_extn_sound_trigger_update_stream_status: uc_info->id 53 of type 1 for Event 2, with Raise=0
2023-02-21 17:33:15.152 1354-4887/? D/hardware_info: hw_info_append_hw_type : device_name = vi-feedback
2023-02-21 17:33:15.152 1354-4887/? D/audio_hw_primary: disable_snd_device: snd_device(222: vi-feedback)
2023-02-21 17:33:15.152 1354-4887/? I/soundtrigger: audio_extn_sound_trigger_update_device_status: device 0xde of type 1 for Event 0, with Raise=0
2023-02-21 17:33:15.153 1354-4887/? I/soundtrigger: audio_extn_sound_trigger_update_device_status: device 0x2 of type 0 for Event 0, with Raise=0
2023-02-21 17:33:15.174 2822-4382/? I/OSLOSERVICEPLUGIN: Bridge.java: Weather handler callback
2023-02-21 17:33:15.179 8836-11609/? W/ctxmgr: [AclManager] No 0 for (accnt=account#-517948760#, com.google.pixel.livewallpaper(10108):com.google.pixel.livewallpaper, vrsn=16798000, 3, 3pPkg = null ,  3pMdlId = null ,  pid = 2822 ,  featureId = null). Was: 2 for 31, account#-517948760# [CONTEXT service_id=47 ]
2023-02-21 17:33:15.180 2822-2822/? E/OSLOSERVICEPLUGIN: Bridge.java: Weather request failed: aod: 7503:
2023-02-21 17:33:15.293 2822-4382/? I/OSLOSERVICEPLUGIN: Bridge.java: Weather handler callback
2023-02-21 17:33:15.299 8836-11746/? W/ctxmgr: [AclManager] No 0 for (accnt=account#-517948760#, com.google.pixel.livewallpaper(10108):com.google.pixel.livewallpaper, vrsn=16798000, 3, 3pPkg = null ,  3pMdlId = null ,  pid = 2822 ,  featureId = null). Was: 2 for 31, account#-517948760# [CONTEXT service_id=47 ]
2023-02-21 17:33:15.300 2822-2822/? E/OSLOSERVICEPLUGIN: Bridge.java: Weather request failed: aod: 7503:
2023-02-21 17:33:15.414 2822-4382/? I/OSLOSERVICEPLUGIN: Bridge.java: Weather handler callback
2023-02-21 17:33:15.419 8836-11609/? W/ctxmgr: [AclManager] No 0 for (accnt=account#-517948760#, com.google.pixel.livewallpaper(10108):com.google.pixel.livewallpaper, vrsn=16798000, 3, 3pPkg = null ,  3pMdlId = null ,  pid = 2822 ,  featureId = null). Was: 2 for 31, account#-517948760# [CONTEXT service_id=47 ]
2023-02-21 17:33:15.420 2822-2822/? E/OSLOSERVICEPLUGIN: Bridge.java: Weather request failed: aod: 7503:
2023-02-21 17:33:15.534 2822-4382/? I/OSLOSERVICEPLUGIN: Bridge.java: Weather handler callback
2023-02-21 17:33:15.541 8836-11609/? W/ctxmgr: [AclManager] No 0 for (accnt=account#-517948760#, com.google.pixel.livewallpaper(10108):com.google.pixel.livewallpaper, vrsn=16798000, 3, 3pPkg = null ,  3pMdlId = null ,  pid = 2822 ,  featureId = null). Was: 2 for 31, account#-517948760# [CONTEXT service_id=47 ]
2023-02-21 17:33:15.542 2822-2822/? E/OSLOSERVICEPLUGIN: Bridge.java: Weather request failed: aod: 7503:
2023-02-21 17:33:15.643 1380-1483/? D/VSC: @ 114837.069: [WO] Proposed rotation: 0, flat angle threshold: 65
2023-02-21 17:33:15.643 1380-1483/? D/VSC: @ 114837.069: [WO] orientation angle 0, orientation 0
2023-02-21 17:33:15.643 1380-1483/? D/VSC: @ 114837.069: [WO] Gyro angle integrated: 0.056698
2023-02-21 17:33:15.654 2822-4382/? I/OSLOSERVICEPLUGIN: Bridge.java: Weather handler callback
2023-02-21 17:33:15.658 8836-11746/? W/ctxmgr: [AclManager] No 0 for (accnt=account#-517948760#, com.google.pixel.livewallpaper(10108):com.google.pixel.livewallpaper, vrsn=16798000, 3, 3pPkg = null ,  3pMdlId = null ,  pid = 2822 ,  featureId = null). Was: 2 for 31, account#-517948760# [CONTEXT service_id=47 ]
2023-02-21 17:33:15.658 2822-2822/? E/OSLOSERVICEPLUGIN: Bridge.java: Weather request failed: aod: 7503:
2023-02-21 17:33:15.773 2822-4382/? I/OSLOSERVICEPLUGIN: Bridge.java: Weather handler callback
2023-02-21 17:33:15.778 8836-11691/? W/ctxmgr: [AclManager] No 0 for (accnt=account#-517948760#, com.google.pixel.livewallpaper(10108):com.google.pixel.livewallpaper, vrsn=16798000, 3, 3pPkg = null ,  3pMdlId = null ,  pid = 2822 ,  featureId = null). Was: 2 for 31, account#-517948760# [CONTEXT service_id=47 ]
2023-02-21 17:33:15.779 2822-2822/? E/OSLOSERVICEPLUGIN: Bridge.java: Weather request failed: aod: 7503:
2023-02-21 17:33:15.896 2822-4382/? I/OSLOSERVICEPLUGIN: Bridge.java: Weather handler callback
2023-02-21 17:33:15.901 8836-11746/? W/ctxmgr: [AclManager] No 0 for (accnt=account#-517948760#, com.google.pixel.livewallpaper(10108):com.google.pixel.livewallpaper, vrsn=16798000, 3, 3pPkg = null ,  3pMdlId = null ,  pid = 2822 ,  featureId = null). Was: 2 for 31, account#-517948760# [CONTEXT service_id=47 ]
2023-02-21 17:33:15.902 2822-2822/? E/OSLOSERVICEPLUGIN: Bridge.java: Weather request failed: aod: 7503:
2023-02-21 17:33:16.018 2822-4382/? I/OSLOSERVICEPLUGIN: Bridge.java: Weather handler callback
2023-02-21 17:33:16.023 8836-11691/? W/ctxmgr: [AclManager] No 0 for (accnt=account#-517948760#, com.google.pixel.livewallpaper(10108):com.google.pixel.livewallpaper, vrsn=16798000, 3, 3pPkg = null ,  3pMdlId = null ,  pid = 2822 ,  featureId = null). Was: 2 for 31, account#-517948760# [CONTEXT service_id=47 ]
2023-02-21 17:33:16.024 2822-2822/? E/OSLOSERVICEPLUGIN: Bridge.java: Weather request failed: aod: 7503:
2023-02-21 17:33:16.124 2822-4382/? I/OSLOSERVICEPLUGIN: Bridge.java: Weather handler callback
2023-02-21 17:33:16.130 8836-11746/? W/ctxmgr: [AclManager] No 0 for (accnt=account#-517948760#, com.google.pixel.livewallpaper(10108):com.google.pixel.livewallpaper, vrsn=16798000, 3, 3pPkg = null ,  3pMdlId = null ,  pid = 2822 ,  featureId = null). Was: 2 for 31, account#-517948760# [CONTEXT service_id=47 ]
2023-02-21 17:33:16.130 2822-2822/? E/OSLOSERVICEPLUGIN: Bridge.java: Weather request failed: aod: 7503:
2023-02-21 17:33:16.150 1975-2591/? D/ConnectivityService: NetReassign [no changes] [c 0] [a 0] [i 2]
2023-02-21 17:33:16.247 2822-4382/? I/OSLOSERVICEPLUGIN: Bridge.java: Weather handler callback
2023-02-21 17:33:16.253 8836-11691/? W/ctxmgr: [AclManager] No 0 for (accnt=account#-517948760#, com.google.pixel.livewallpaper(10108):com.google.pixel.livewallpaper, vrsn=16798000, 3, 3pPkg = null ,  3pMdlId = null ,  pid = 2822 ,  featureId = null). Was: 2 for 31, account#-517948760# [CONTEXT service_id=47 ]
2023-02-21 17:33:16.254 2822-2822/? E/OSLOSERVICEPLUGIN: Bridge.java: Weather request failed: aod: 7503:
2023-02-21 17:33:16.369 2822-4382/? I/OSLOSERVICEPLUGIN: Bridge.java: Weather handler callback
2023-02-21 17:33:16.374 8836-11746/? W/ctxmgr: [AclManager] No 0 for (accnt=account#-517948760#, com.google.pixel.livewallpaper(10108):com.google.pixel.livewallpaper, vrsn=16798000, 3, 3pPkg = null ,  3pMdlId = null ,  pid = 2822 ,  featureId = null). Was: 2 for 31, account#-517948760# [CONTEXT service_id=47 ]
2023-02-21 17:33:16.375 2822-2822/? E/OSLOSERVICEPLUGIN: Bridge.java: Weather request failed: aod: 7503:
2023-02-21 17:33:16.470 1380-1483/? D/VSC: @ 114837.882: [Significant Motion] Stop motion_detect
2023-02-21 17:33:16.470 1380-1483/? D/CHRE: @ 114837.884: InstantMotion
2023-02-21 17:33:16.470 1380-1483/? I/CHRE: @ 114837.884: [AR] IDLE => ON
2023-02-21 17:33:16.470 1380-1483/? D/VSC: @ 114837.886: [Significant Motion] Request accel, interval 20.0 ms, latency 3200.0 ms
2023-02-21 17:33:16.470 1380-1483/? D/ASH: @ 114837.891: SensorType 195 resampler quality 0
2023-02-21 17:33:16.473 1361-1396/? D/ContextHubHal: Got message from nanoapp: ID 0x476f6f676c001016
2023-02-21 17:33:16.474 1380-1483/? W/CHRE: @ 114837.900: [AR] unknown event: 515
2023-02-21 17:33:16.474 1380-1483/? W/CHRE: @ 114837.900: [MotionDetector] Unexpected event type 515
2023-02-21 17:33:16.476 1975-2614/? I/ActivityManager: PendingStartActivityUids startActivity to updateOomAdj delay:2112ms, uid:10157
2023-02-21 17:33:16.479 1404-1404/? I/vendor.google.wifi_ext@1.0-service-vendor: Wifi: Setting SAR Scenario to 3
2023-02-21 17:33:16.481 2994-2994/? D/GRIL-S: [0726]> UPDATE_DEVICE_STATE DeviceState: Usb:0, Wifi: 1, Wifi AP: 0, Earpiece: 0, Bluetooth: 0, Wireless charging: 0, Screen: 1, Camera: 0, 0, 0, -, Motion: 1, Bluetooth tethering: 0, Voice: 0, Wifi 2.4G: 0, Radio: 1, Bluetooth connected: 0, Bluetooth media: 0, Wifi Band: 2, Wifi AP Band: 0, Wifi call: 0, mmWave: 0, mCellBackhaul: 0, mHallSensor: 0
2023-02-21 17:33:16.482 2994-3718/? D/GRIL-S: [0726]< UPDATE_DEVICE_STATE
2023-02-21 17:33:16.491 2822-4382/? I/OSLOSERVICEPLUGIN: Bridge.java: Weather handler callback
2023-02-21 17:33:16.494 8836-11746/? W/ctxmgr: [AclManager] No 0 for (accnt=account#-517948760#, com.google.pixel.livewallpaper(10108):com.google.pixel.livewallpaper, vrsn=16798000, 3, 3pPkg = null ,  3pMdlId = null ,  pid = 2822 ,  featureId = null). Was: 2 for 31, account#-517948760# [CONTEXT service_id=47 ]
2023-02-21 17:33:16.495 2822-2822/? E/OSLOSERVICEPLUGIN: Bridge.java: Weather request failed: aod: 7503:
2023-02-21 17:33:16.597 2822-4382/? I/OSLOSERVICEPLUGIN: Bridge.java: Weather handler callback
2023-02-21 17:33:16.605 8836-11609/? W/ctxmgr: [AclManager] No 0 for (accnt=account#-517948760#, com.google.pixel.livewallpaper(10108):com.google.pixel.livewallpaper, vrsn=16798000, 3, 3pPkg = null ,  3pMdlId = null ,  pid = 2822 ,  featureId = null). Was: 2 for 31, account#-517948760# [CONTEXT service_id=47 ]
2023-02-21 17:33:16.606 2822-2822/? E/OSLOSERVICEPLUGIN: Bridge.java: Weather request failed: aod: 7503:
2023-02-21 17:33:16.720 2822-4382/? I/OSLOSERVICEPLUGIN: Bridge.java: Weather handler callback
2023-02-21 17:33:16.725 8836-11691/? W/ctxmgr: [AclManager] No 0 for (accnt=account#-517948760#, com.google.pixel.livewallpaper(10108):com.google.pixel.livewallpaper, vrsn=16798000, 3, 3pPkg = null ,  3pMdlId = null ,  pid = 2822 ,  featureId = null). Was: 2 for 31, account#-517948760# [CONTEXT service_id=47 ]
2023-02-21 17:33:16.726 2822-2822/? E/OSLOSERVICEPLUGIN: Bridge.java: Weather request failed: aod: 7503:
2023-02-21 17:33:16.826 2822-4382/? I/OSLOSERVICEPLUGIN: Bridge.java: Weather handler callback
2023-02-21 17:33:16.830 8836-11609/? W/ctxmgr: [AclManager] No 0 for (accnt=account#-517948760#, com.google.pixel.livewallpaper(10108):com.google.pixel.livewallpaper, vrsn=16798000, 3, 3pPkg = null ,  3pMdlId = null ,  pid = 2822 ,  featureId = null). Was: 2 for 31, account#-517948760# [CONTEXT service_id=47 ]
2023-02-21 17:33:16.831 2822-2822/? E/OSLOSERVICEPLUGIN: Bridge.java: Weather request failed: aod: 7503:
2023-02-21 17:33:16.932 2822-4382/? I/OSLOSERVICEPLUGIN: Bridge.java: Weather handler callback
2023-02-21 17:33:16.936 8836-11691/? W/ctxmgr: [AclManager] No 0 for (accnt=account#-517948760#, com.google.pixel.livewallpaper(10108):com.google.pixel.livewallpaper, vrsn=16798000, 3, 3pPkg = null ,  3pMdlId = null ,  pid = 2822 ,  featureId = null). Was: 2 for 31, account#-517948760# [CONTEXT service_id=47 ]
2023-02-21 17:33:16.937 2822-2822/? E/OSLOSERVICEPLUGIN: Bridge.java: Weather request failed: aod: 7503:
2023-02-21 17:33:17.055 2822-4382/? I/OSLOSERVICEPLUGIN: Bridge.java: Weather handler callback
2023-02-21 17:33:17.059 8836-11609/? W/ctxmgr: [AclManager] No 0 for (accnt=account#-517948760#, com.google.pixel.livewallpaper(10108):com.google.pixel.livewallpaper, vrsn=16798000, 3, 3pPkg = null ,  3pMdlId = null ,  pid = 2822 ,  featureId = null). Was: 2 for 31, account#-517948760# [CONTEXT service_id=47 ]
2023-02-21 17:33:17.060 2822-2822/? E/OSLOSERVICEPLUGIN: Bridge.java: Weather request failed: aod: 7503:
2023-02-21 17:33:17.080 1975-2074/? I/DisplayDeviceRepository: Display device changed: DisplayDeviceInfo{"内置屏幕": uniqueId="local:4630946523002478721", 1440 x 3040, modeId 1, defaultModeId 1, supportedModes [{id=1, width=1440, height=3040, fps=60.000004, alternativeRefreshRates=[90.0]}, {id=2, width=1440, height=3040, fps=90.0, alternativeRefreshRates=[60.000004]}], colorMode 0, supportedColorModes [0, 7, 9], hdrCapabilities HdrCapabilities{mSupportedHdrTypes=[2, 3], mMaxLuminance=500.0, mMaxAverageLuminance=500.0, mMinLuminance=0.0}, allmSupported false, gameContentTypeSupported false, density 560, 537.882 x 539.972 dpi, appVsyncOff 2333332, presDeadline 11500000, touch INTERNAL, rotation 0, type INTERNAL, address {port=129, model=0x40446d53ad64a0}, deviceProductInfo DeviceProductInfo{name=, manufacturerPnpId=QCM, productId=1, modelYear=null, manufactureDate=ManufactureDate{week=27, year=2006}, connectionToSinkType=0}, state ON, frameRateOverride , brightnessMinimum 0.0, brightnessMaximum 1.0, brightnessDefault 0.38188976, roundedCorners RoundedCorners{[RoundedCorner{position=TopLeft, radius=157, center=Point(157, 157)}, RoundedCorner{position=TopRight, radius=157, center=Point(1283, 157)}, RoundedCorner{position=BottomRight, radius=157, center=Point(1283, 2883)}, RoundedCorner{position=BottomLeft, radius=157, center=Point(157, 2883)}]}, FLAG_ALLOWED_TO_BE_DEFAULT_DISPLAY, FLAG_ROTATES_WITH_CONTENT, FLAG_SECURE, FLAG_SUPPORTS_PROTECTED_BUFFERS, installOrientation 0}
2023-02-21 17:33:17.162 2822-4382/? I/OSLOSERVICEPLUGIN: Bridge.java: Weather handler callback
2023-02-21 17:33:17.167 8836-11691/? W/ctxmgr: [AclManager] No 0 for (accnt=account#-517948760#, com.google.pixel.livewallpaper(10108):com.google.pixel.livewallpaper, vrsn=16798000, 3, 3pPkg = null ,  3pMdlId = null ,  pid = 2822 ,  featureId = null). Was: 2 for 31, account#-517948760# [CONTEXT service_id=47 ]
2023-02-21 17:33:17.168 2822-2822/? E/OSLOSERVICEPLUGIN: Bridge.java: Weather request failed: aod: 7503:
2023-02-21 17:33:17.282 2822-4382/? I/OSLOSERVICEPLUGIN: Bridge.java: Weather handler callback
2023-02-21 17:33:17.288 8836-11609/? W/ctxmgr: [AclManager] No 0 for (accnt=account#-517948760#, com.google.pixel.livewallpaper(10108):com.google.pixel.livewallpaper, vrsn=16798000, 3, 3pPkg = null ,  3pMdlId = null ,  pid = 2822 ,  featureId = null). Was: 2 for 31, account#-517948760# [CONTEXT service_id=47 ]
2023-02-21 17:33:17.289 2822-2822/? E/OSLOSERVICEPLUGIN: Bridge.java: Weather request failed: aod: 7503:
2023-02-21 17:33:17.359 1975-2205/? D/DisplayWhiteBalanceController: Display cct: 6939.77 Latest ambient cct: 7149.6167 Latest ambient lux: 86.13517 Latest low light bias: 1.0 Latest high light bias: 0.0
2023-02-21 17:33:17.359 1975-2205/? D/ColorDisplayService: setDisplayWhiteBalanceTemperatureMatrix: cct = 6939 matrix =
           0.947647-0.000333 0.000208 0.000000 0.011160 0.931748 0.000469 0.000000 0.000148-0.001269 0.999323 0.000000 0.000000 0.000000 0.000000 1.000000
2023-02-21 17:33:17.407 2822-4382/? I/OSLOSERVICEPLUGIN: Bridge.java: Weather handler callback
2023-02-21 17:33:17.412 8836-11691/? W/ctxmgr: [AclManager] No 0 for (accnt=account#-517948760#, com.google.pixel.livewallpaper(10108):com.google.pixel.livewallpaper, vrsn=16798000, 3, 3pPkg = null ,  3pMdlId = null ,  pid = 2822 ,  featureId = null). Was: 2 for 31, account#-517948760# [CONTEXT service_id=47 ]
2023-02-21 17:33:17.413 2822-2822/? E/OSLOSERVICEPLUGIN: Bridge.java: Weather request failed: aod: 7503:
2023-02-21 17:33:17.514 2822-4382/? I/OSLOSERVICEPLUGIN: Bridge.java: Weather handler callback
2023-02-21 17:33:17.522 8836-11609/? W/ctxmgr: [AclManager] No 0 for (accnt=account#-517948760#, com.google.pixel.livewallpaper(10108):com.google.pixel.livewallpaper, vrsn=16798000, 3, 3pPkg = null ,  3pMdlId = null ,  pid = 2822 ,  featureId = null). Was: 2 for 31, account#-517948760# [CONTEXT service_id=47 ]
2023-02-21 17:33:17.523 2822-2822/? E/OSLOSERVICEPLUGIN: Bridge.java: Weather request failed: aod: 7503:
2023-02-21 17:33:17.637 2822-4382/? I/OSLOSERVICEPLUGIN: Bridge.java: Weather handler callback
2023-02-21 17:33:17.642 8836-11691/? W/ctxmgr: [AclManager] No 0 for (accnt=account#-517948760#, com.google.pixel.livewallpaper(10108):com.google.pixel.livewallpaper, vrsn=16798000, 3, 3pPkg = null ,  3pMdlId = null ,  pid = 2822 ,  featureId = null). Was: 2 for 31, account#-517948760# [CONTEXT service_id=47 ]
2023-02-21 17:33:17.643 2822-2822/? E/OSLOSERVICEPLUGIN: Bridge.java: Weather request failed: aod: 7503:
2023-02-21 17:33:17.681 1380-1483/? D/VSC: @ 114839.107: [WO] Proposed rotation: 3, flat angle threshold: 40
2023-02-21 17:33:17.681 1380-1483/? D/VSC: @ 114839.107: [WO] orientation angle 271, orientation 3
2023-02-21 17:33:17.681 1380-1483/? D/VSC: @ 114839.107: [WO] Gyro angle integrated: 1048.204223
2023-02-21 17:33:17.761 2822-4382/? I/OSLOSERVICEPLUGIN: Bridge.java: Weather handler callback
2023-02-21 17:33:17.766 8836-11609/? W/ctxmgr: [AclManager] No 0 for (accnt=account#-517948760#, com.google.pixel.livewallpaper(10108):com.google.pixel.livewallpaper, vrsn=16798000, 3, 3pPkg = null ,  3pMdlId = null ,  pid = 2822 ,  featureId = null). Was: 2 for 31, account#-517948760# [CONTEXT service_id=47 ]
2023-02-21 17:33:17.767 2822-2822/? E/OSLOSERVICEPLUGIN: Bridge.java: Weather request failed: aod: 7503:
2023-02-21 17:33:17.882 2822-4382/? I/OSLOSERVICEPLUGIN: Bridge.java: Weather handler callback
2023-02-21 17:33:17.886 8836-11691/? W/ctxmgr: [AclManager] No 0 for (accnt=account#-517948760#, com.google.pixel.livewallpaper(10108):com.google.pixel.livewallpaper, vrsn=16798000, 3, 3pPkg = null ,  3pMdlId = null ,  pid = 2822 ,  featureId = null). Was: 2 for 31, account#-517948760# [CONTEXT service_id=47 ]
2023-02-21 17:33:17.886 2822-2822/? E/OSLOSERVICEPLUGIN: Bridge.java: Weather request failed: aod: 7503:
2023-02-21 17:33:17.987 2822-4382/? I/OSLOSERVICEPLUGIN: Bridge.java: Weather handler callback
2023-02-21 17:33:17.991 8836-11609/? W/ctxmgr: [AclManager] No 0 for (accnt=account#-517948760#, com.google.pixel.livewallpaper(10108):com.google.pixel.livewallpaper, vrsn=16798000, 3, 3pPkg = null ,  3pMdlId = null ,  pid = 2822 ,  featureId = null). Was: 2 for 31, account#-517948760# [CONTEXT service_id=47 ]
2023-02-21 17:33:17.992 2822-2822/? E/OSLOSERVICEPLUGIN: Bridge.java: Weather request failed: aod: 7503:
2023-02-21 17:33:18.028 1380-1483/? D/VSC: @ 114839.454: [WO] Gyro finds rotation while in swing_time check
2023-02-21 17:33:18.028 1380-1483/? D/VSC: @ 114839.454: [WO] Change detected: previous_rotation: 0, proposed_rotation: 3
2023-02-21 17:33:18.028 1380-1483/? D/VSC: @ 114839.454: [WO] Last acceleration 648 ms ago > threshold.
2023-02-21 17:33:18.029 1380-1483/? D/VSC: @ 114839.454: [WO] z-axis rotation: 1
2023-02-21 17:33:18.029 1380-1483/? D/VSC: @ 114839.454: [WO] Last flat 1723673 ms ago > threshold.
2023-02-21 17:33:18.029 1380-1483/? D/VSC: @ 114839.454: [WO] Last swinging 0 ms ago < threshold.
2023-02-21 17:33:18.029 1380-1483/? D/VSC: @ 114839.454: [WO] Tilt angle -22 Orientation angle 294
2023-02-21 17:33:18.051 1975-2072/? W/ImageReader_JNI: Unable to acquire a buffer item, very likely client tried to acquire more than maxImages buffers
2023-02-21 17:33:18.062 1975-2074/? I/ActivityTaskManager: Config changes=20000480 {1.0 ?mcc?mnc [zh_CN_#Hans,uz_AF_#Arab_u-nu-latn,si_LK,ug_CN,en_US,ja_JP,tr_TR,en_XA,pa_PK_#Arab,ii_CN] ldltr sw411dp w868dp h359dp 560dpi nrml long hdr widecg land finger -keyb/v/h -nav/h winConfig={ mBounds=Rect(0, 0 - 3040, 1440) mAppBounds=Rect(0, 0 - 3040, 1356) mMaxBounds=Rect(0, 0 - 3040, 1440) mDisplayRotation=ROTATION_270 mWindowingMode=fullscreen mDisplayWindowingMode=fullscreen mActivityType=undefined mAlwaysOnTop=undefined mRotation=ROTATION_270} s.858 fontWeightAdjustment=0}
2023-02-21 17:33:18.066 1975-2074/? I/WindowManager: Override config changes=20000480 {1.0 ?mcc?mnc [zh_CN_#Hans,uz_AF_#Arab_u-nu-latn,si_LK,ug_CN,en_US,ja_JP,tr_TR,en_XA,pa_PK_#Arab,ii_CN] ldltr sw411dp w868dp h359dp 560dpi nrml long hdr widecg land finger -keyb/v/h -nav/h winConfig={ mBounds=Rect(0, 0 - 3040, 1440) mAppBounds=Rect(0, 0 - 3040, 1356) mMaxBounds=Rect(0, 0 - 3040, 1440) mDisplayRotation=ROTATION_270 mWindowingMode=fullscreen mDisplayWindowingMode=fullscreen mActivityType=undefined mAlwaysOnTop=undefined mRotation=ROTATION_270} s.858 fontWeightAdjustment=0} for displayId=0
2023-02-21 17:33:18.078 2822-2822/? I/Unity Wallpaper Service: onConfigurationChanged
2023-02-21 17:33:18.078 2822-2822/? I/Unity Wallpaper Service: onConfigurationChanged
2023-02-21 17:33:18.085 1975-2074/? I/InputManager-JNI: Viewport [0] to add: local:4630946523002478721, isActive: true
2023-02-21 17:33:18.088 3193-3193/? D/b/211775278: displayId: local:4630946523002478721, currentSize: Point(3040, 1440)
2023-02-21 17:33:18.088 3193-3193/? D/b/211775278: perDisplayBounds: {local:4630946523002478721=Pair{CachedDisplayInfo{id='local:4630946523002478721', size=Point(1440, 3040), rotation=0, cutout=Rect(0, 0 - 0, 0)} [Lcom.android.launcher3.util.WindowBounds;@5969b25}}
2023-02-21 17:33:18.088 2822-2822/? I/Unity Wallpaper Service: onSurfaceChanged: 87737505
2023-02-21 17:33:18.088 2822-2822/? I/Unity Player Wrapper: Update Surface: 87737505
2023-02-21 17:33:18.088 2822-2822/? W/Unity: Not running Unity from an Activity; ignored...
2023-02-21 17:33:18.090 1975-2074/? I/DisplayDeviceRepository: Display device changed: DisplayDeviceInfo{"内置屏幕": uniqueId="local:4630946523002478721", 1440 x 3040, modeId 2, defaultModeId 1, supportedModes [{id=1, width=1440, height=3040, fps=60.000004, alternativeRefreshRates=[90.0]}, {id=2, width=1440, height=3040, fps=90.0, alternativeRefreshRates=[60.000004]}], colorMode 0, supportedColorModes [0, 7, 9], hdrCapabilities HdrCapabilities{mSupportedHdrTypes=[2, 3], mMaxLuminance=500.0, mMaxAverageLuminance=500.0, mMinLuminance=0.0}, allmSupported false, gameContentTypeSupported false, density 560, 537.882 x 539.972 dpi, appVsyncOff 2333333, presDeadline 11500000, touch INTERNAL, rotation 0, type INTERNAL, address {port=129, model=0x40446d53ad64a0}, deviceProductInfo DeviceProductInfo{name=, manufacturerPnpId=QCM, productId=1, modelYear=null, manufactureDate=ManufactureDate{week=27, year=2006}, connectionToSinkType=0}, state ON, frameRateOverride , brightnessMinimum 0.0, brightnessMaximum 1.0, brightnessDefault 0.38188976, roundedCorners RoundedCorners{[RoundedCorner{position=TopLeft, radius=157, center=Point(157, 157)}, RoundedCorner{position=TopRight, radius=157, center=Point(1283, 157)}, RoundedCorner{position=BottomRight, radius=157, center=Point(1283, 2883)}, RoundedCorner{position=BottomLeft, radius=157, center=Point(157, 2883)}]}, FLAG_ALLOWED_TO_BE_DEFAULT_DISPLAY, FLAG_ROTATES_WITH_CONTENT, FLAG_SECURE, FLAG_SUPPORTS_PROTECTED_BUFFERS, installOrientation 0}
2023-02-21 17:33:18.093 25920-25920/? I/A: (REDACTED) onApplyWindowInsets: systemWindowInsets=%s
2023-02-21 17:33:18.093 25920-25920/? I/A: (REDACTED) onApplyWindowInsets: systemWindowInsets=%s
2023-02-21 17:33:18.095 1975-2527/? I/InputReader: Reconfiguring input devices, changes=DISPLAY_INFO |
2023-02-21 17:33:18.097 1975-6148/? I/WindowManager: finishDrawing of orientation change: Window{a122915 u0 com.google.pixel.livewallpaper.pokemon.wallpapers.PokemonWallpaper} 12ms
2023-02-21 17:33:18.100 1354-4887/? D/audio_hw_primary: adev_set_parameters: enter: rotation=270
2023-02-21 17:33:18.101 1354-4887/? D/a2dp_offload: end of a2dp setparam
2023-02-21 17:33:18.104 2822-4382/? I/Unity: RenderSettingsManager.cs_OnDisplayChanged(81): DisplayChanged width: 3040	height: 1440
2023-02-21 17:33:18.104 2822-4382/? I/OSLOSERVICEPLUGIN: Bridge.java: Weather handler callback
2023-02-21 17:33:18.106 8836-11691/? W/ctxmgr: [AclManager] No 0 for (accnt=account#-517948760#, com.google.pixel.livewallpaper(10108):com.google.pixel.livewallpaper, vrsn=16798000, 3, 3pPkg = null ,  3pMdlId = null ,  pid = 2822 ,  featureId = null). Was: 2 for 31, account#-517948760# [CONTEXT service_id=47 ]
2023-02-21 17:33:18.107 2822-2822/? E/OSLOSERVICEPLUGIN: Bridge.java: Weather request failed: aod: 7503:
2023-02-21 17:33:18.108 4066-4066/? W/GoogleInputMethodService: GoogleInputMethodService.onConfigurationChanged():1611 onConfigurationChanged() : NewConfig = {1.0 ?mcc?mnc [zh_CN_#Hans,uz_AF_#Arab_u-nu-latn,si_LK,ug_CN,en_US,ja_JP,tr_TR,en_XA,pa_PK_#Arab,ii_CN] ldltr sw411dp w868dp h359dp 560dpi nrml long hdr widecg land finger -keyb/v/h -nav/h winConfig={ mBounds=Rect(0, 0 - 3040, 1440) mAppBounds=Rect(0, 0 - 3040, 1356) mMaxBounds=Rect(0, 0 - 3040, 1440) mDisplayRotation=ROTATION_270 mWindowingMode=fullscreen mDisplayWindowingMode=fullscreen mActivityType=undefined mAlwaysOnTop=undefined mRotation=ROTATION_270} s.858 fontWeightAdjustment=0}
2023-02-21 17:33:18.115 1380-1483/? D/VSC: @ 114839.540: [WO] Gyro finds rotation while in swing_time check
2023-02-21 17:33:18.115 1380-1483/? D/VSC: @ 114839.541: [WO] Gyro finds rotation while in swing_time check
2023-02-21 17:33:18.117 1975-5029/? I/WindowManager: finishDrawing of orientation change: Window{127b04d u0 com.google.android.apps.nexuslauncher/com.google.android.apps.nexuslauncher.NexusLauncherActivity} 32ms
2023-02-21 17:33:18.123 718-3358/? I/BpBinder: onLastStrongRef automatically unlinking death recipients: <uncached descriptor>
2023-02-21 17:33:18.126 1975-5029/? I/WindowManager: finishDrawing of orientation change: Window{50c152 u0 NavigationBar0} 42ms
2023-02-21 17:33:18.130 3193-3193/? D/b/223498680: BaseRecentsViewStateController setState state=AllApps, alpha=0.0
2023-02-21 17:33:18.130 3193-3193/? D/KeyboardInsetsHandler: Skipping input stage switch to 3, already at 3
2023-02-21 17:33:18.134 1975-5029/? I/WindowManager: finishDrawing of orientation change: Window{eb1bc38 u0 ScreenDecorOverlayBottom} 50ms
2023-02-21 17:33:18.134 1975-4252/? I/WindowManager: finishDrawing of orientation change: Window{ce420fa u0 ScreenDecorOverlay} 50ms
2023-02-21 17:33:18.135 4171-4171/? I/GsaVoiceInteractionSrv: Handling ACTION_STOP_HOTWORD
2023-02-21 17:33:18.140 3193-3193/? W/BcSmartspaceView: Unable to register Doze Always on content observer.
    java.lang.SecurityException: No access to content://settings/secure/doze_always_on: Neither user 10157 nor current process has android.permission.INTERACT_ACROSS_USERS_FULL.
        at android.os.Parcel.createExceptionOrNull(Parcel.java:3011)
        at android.os.Parcel.createException(Parcel.java:2995)
        at android.os.Parcel.readException(Parcel.java:2978)
        at android.os.Parcel.readException(Parcel.java:2920)
        at android.content.IContentService$Stub$Proxy.registerContentObserver(IContentService.java:1032)
        at android.content.ContentResolver.registerContentObserver(ContentResolver.java:2712)
        at com.google.android.systemui.smartspace.BcSmartspaceView.onAttachedToWindow(Unknown Source:46)
        at android.view.View.dispatchAttachedToWindow(View.java:21291)
        at android.view.ViewGroup.dispatchAttachedToWindow(ViewGroup.java:3491)
        at android.view.ViewGroup.dispatchAttachedToWindow(ViewGroup.java:3498)
        at android.view.ViewGroup.addViewInner(ViewGroup.java:5291)
        at android.view.ViewGroup.addView(ViewGroup.java:5077)
        at com.android.launcher3.CellLayout.addViewToCellLayout(Unknown Source:64)
        at com.android.launcher3.Workspace.bindAndInitFirstWorkspaceScreen(Unknown Source:63)
        at com.android.launcher3.Workspace.removeAllWorkspaceScreens(Unknown Source:43)
        at com.android.launcher3.Launcher.startBinding(Unknown Source:29)
        at com.android.launcher3.model.BaseLoaderResults$WorkspaceBinder.lambda$bind$0(Unknown Source:3)
        at com.android.launcher3.model.BaseLoaderResults$WorkspaceBinder.g(Unknown Source:0)
        at com.android.launcher3.model.a.execute(Unknown Source:0)
        at com.android.launcher3.model.BaseLoaderResults$WorkspaceBinder.lambda$executeCallbacksTask$9(Unknown Source:18)
        at com.android.launcher3.model.BaseLoaderResults$WorkspaceBinder.c(Unknown Source:0)
        at com.android.launcher3.model.g.run(Unknown Source:4)
        at com.android.launcher3.util.LooperExecutor.execute(Unknown Source:14)
        at com.android.launcher3.model.BaseLoaderResults$WorkspaceBinder.executeCallbacksTask(Unknown Source:5)
        at com.android.launcher3.model.BaseLoaderResults$WorkspaceBinder.bind(Unknown Source:161)
        at com.android.launcher3.model.BaseLoaderResults$WorkspaceBinder.k(Unknown Source:0)
        at com.android.launcher3.model.BaseLoaderResults.bindWorkspace(Unknown Source:113)
        at com.android.launcher3.LauncherModel.startLoader(SourceFile:13)
        at com.android.launcher3.LauncherModel.startLoader(SourceFile:1)
        at com.android.launcher3.LauncherModel.rebindCallbacks(Unknown Source:6)
        at com.android.launcher3.Launcher.onIdpChanged(Unknown Source:28)
        at com.google.android.apps.nexuslauncher.NexusLauncherActivity.onIdpChanged(Unknown Source:0)
        at com.android.launcher3.Launcher.onConfigurationChanged(Unknown Source:11)
        at com.android.launcher3.uioverrides.QuickstepLauncher.onConfigurationChanged(Unknown Source:0)
        at android.app.ActivityThread.performActivityConfigurationChanged(ActivityThread.java:5944)
        at android.app.ActivityThread.performConfigurationChangedForActivity(ActivityThread.java:5869)
        at android.app.ActivityThread.handleActivityConfigurationChanged(ActivityThread.java:6155)
        at android.app.servertransaction.ActivityConfigurationChangeItem.execute(ActivityConfigurationChangeItem.java:53)
        at android.app.servertransaction.ActivityTransactionItem.execute(ActivityTransactionItem.java:45)
        at android.app.servertransaction.TransactionExecutor.executeCallbacks(TransactionExecutor.java:135)
        at android.app.servertransaction.TransactionExecutor.execute(TransactionExecutor.java:95)
        at android.app.ActivityThread$H.handleMessage(ActivityThread.java:2308)
        at android.os.Handler.dispatchMessage(Handler.java:106)
2023-02-21 17:33:18.140 3193-3193/? W/BcSmartspaceView:     at com.android.internal.os.ZygoteInit.main(ZygoteInit.java:936)
     Caused by: android.os.RemoteException: Remote stack trace:
        at android.app.ContextImpl.enforce(ContextImpl.java:2240)
        at android.app.ContextImpl.enforceCallingOrSelfPermission(ContextImpl.java:2268)
        at com.android.server.content.ContentService.handleIncomingUser(ContentService.java:1397)
        at com.android.server.content.ContentService.registerContentObserver(ContentService.java:369)
        at android.content.IContentService$Stub.onTransact(IContentService.java:486)
2023-02-21 17:33:18.142 2705-2705/? D/CentralSurfaces: Received new disable state: enaihbcrso.qingr (unchanged)
2023-02-21 17:33:18.153 4066-4066/? I/AbstractOpenableExtension: AbstractOpenableExtension.maybeDestroyExistingKeyboardGroupManager():510 Destroy existing keyboard group manager in cma
2023-02-21 17:33:18.154 4066-4066/? I/AbstractOpenableExtension: AbstractOpenableExtension.createKeyboardGroupManagerListenableFuture():122 Create keyboard group manager listenable future in cma
2023-02-21 17:33:18.154 4066-4066/? I/AbstractOpenableExtension: AbstractOpenableExtension.maybeDestroyExistingKeyboardGroupManager():510 Destroy existing keyboard group manager in eag
2023-02-21 17:33:18.154 4066-4066/? I/AbstractOpenableExtension: AbstractOpenableExtension.createKeyboardGroupManagerListenableFuture():122 Create keyboard group manager listenable future in eag
2023-02-21 17:33:18.155 4066-4066/? I/AbstractOpenableExtension: AbstractOpenableExtension.maybeDestroyExistingKeyboardGroupManager():510 Destroy existing keyboard group manager in dys
2023-02-21 17:33:18.155 4066-4066/? I/AbstractOpenableExtension: AbstractOpenableExtension.createKeyboardGroupManagerListenableFuture():122 Create keyboard group manager listenable future in dys
2023-02-21 17:33:18.156 4066-4066/? I/AbstractOpenableExtension: AbstractOpenableExtension.maybeDestroyExistingKeyboardGroupManager():510 Destroy existing keyboard group manager in dxl
