2023-02-21 17:35:34.098 1975-3096/? D/ConnectivityService: requestNetwork for uid/pid:11641/12196 activeRequest: null callbackRequest: 2226 [NetworkRequest [ REQUEST id=2227, [ Capabilities: INTERNET&NOT_RESTRICTED&TRUSTED&NOT_VCN_MANAGED Uid: 11641 RequestorUid: 11641 RequestorPkg: com.tony.puzzle UnderlyingNetworks: Null] ]] callback flags: 0 order: 2147483647
2023-02-21 17:35:34.099 1975-2583/? D/WifiNetworkFactory: got request NetworkRequest [ REQUEST id=2227, [ Capabilities: INTERNET&NOT_RESTRICTED&TRUSTED&NOT_VCN_MANAGED Uid: 11641 RequestorUid: 11641 RequestorPkg: com.tony.puzzle UnderlyingNetworks: Null] ]
2023-02-21 17:35:34.099 1975-2583/? D/UntrustedWifiNetworkFactory: got request NetworkRequest [ REQUEST id=2227, [ Capabilities: INTERNET&NOT_RESTRICTED&TRUSTED&NOT_VCN_MANAGED Uid: 11641 RequestorUid: 11641 RequestorPkg: com.tony.puzzle UnderlyingNetworks: Null] ]
2023-02-21 17:35:34.099 1975-2583/? D/OemPaidWifiNetworkFactory: got request NetworkRequest [ REQUEST id=2227, [ Capabilities: INTERNET&NOT_RESTRICTED&TRUSTED&NOT_VCN_MANAGED Uid: 11641 RequestorUid: 11641 RequestorPkg: com.tony.puzzle UnderlyingNetworks: Null] ]
2023-02-21 17:35:34.099 1975-2583/? D/MultiInternetWifiNetworkFactory: got request NetworkRequest [ REQUEST id=2227, [ Capabilities: INTERNET&NOT_RESTRICTED&TRUSTED&NOT_VCN_MANAGED Uid: 11641 RequestorUid: 11641 RequestorPkg: com.tony.puzzle UnderlyingNetworks: Null] ]
2023-02-21 17:35:34.099 1975-2591/? D/ConnectivityService: NetReassign [2227 : null → 120] [c 0] [a 1] [i 0]
2023-02-21 17:35:34.103 1975-2591/? D/ConnectivityService: NetReassign [no changes] [c 1] [a 0] [i 2]
2023-02-21 17:35:34.120 12196-12324/? I/AdrenoGLES-0: QUALCOMM build                   : 85da404, I46ff5fc46f
    Build Date                       : 11/30/20
    OpenGL ES Shader Compiler Version: EV031.31.04.01
    Local Branch                     : promo490_3_Google
    Remote Branch                    :
    Remote Branch                    :
    Reconstruct Branch               :
2023-02-21 17:35:34.120 12196-12324/? I/AdrenoGLES-0: Build Config                     : S P 10.0.4 AArch64
2023-02-21 17:35:34.120 12196-12324/? I/AdrenoGLES-0: Driver Path                      : /vendor/lib64/egl/libGLESv2_adreno.so
2023-02-21 17:35:34.124 12196-12313/? W/cr_media: Requires BLUETOOTH permission
2023-02-21 17:35:34.128 12196-12196/? E/DoodleAds:   AudienceNetworkAds.initialize failed!   AudienceNetworkAds class not found
2023-02-21 17:35:34.128 12196-12196/? E/DoodleAds:  com.doodlemobile.helper.VungleAdsManager  dispose  failed!   ClassNotFound
2023-02-21 17:35:34.128 12196-12196/? E/DoodleAds:  com.doodlemobile.helper.UnityAdsManager  dispose  failed!   ClassNotFound
2023-02-21 17:35:34.129 12196-12196/? E/DoodleAds:  com.doodlemobile.helper.IronSourceAdsManager  dispose  failed!   ClassNotFound
2023-02-21 17:35:34.129 12255-12255/? W/ziparchive: Unable to open '/data/app/~~l2C-jo7841I1yT3wksRHSw==/com.android.vending-E3vn9XKZe-o0J9b51Jxk1Q==/split_config.arm64_v8a.dm': No such file or directory
2023-02-21 17:35:34.130 12255-12255/? W/ziparchive: Unable to open '/data/app/~~l2C-jo7841I1yT3wksRHSw==/com.android.vending-E3vn9XKZe-o0J9b51Jxk1Q==/split_config.arm64_v8a.dm': No such file or directory
2023-02-21 17:35:34.131 12285-12310/? I/cr_LibraryLoader: Successfully loaded native library
2023-02-21 17:35:34.131 12285-12310/? I/cr_CachingUmaRecorder: Flushed 3 samples from 3 histograms.
2023-02-21 17:35:34.131 12255-12255/? W/android.vending: Entry not found
2023-02-21 17:35:34.132 12196-12196/? I/GL2: all initialized 2
2023-02-21 17:35:34.132 12255-12255/? W/ziparchive: Unable to open '/data/app/~~l2C-jo7841I1yT3wksRHSw==/com.android.vending-E3vn9XKZe-o0J9b51Jxk1Q==/split_config.en.dm': No such file or directory
2023-02-21 17:35:34.132 12255-12255/? W/ziparchive: Unable to open '/data/app/~~l2C-jo7841I1yT3wksRHSw==/com.android.vending-E3vn9XKZe-o0J9b51Jxk1Q==/split_config.en.dm': No such file or directory
2023-02-21 17:35:34.134 12255-12255/? W/android.vending: Entry not found
2023-02-21 17:35:34.134 12255-12255/? W/ziparchive: Unable to open '/data/app/~~l2C-jo7841I1yT3wksRHSw==/com.android.vending-E3vn9XKZe-o0J9b51Jxk1Q==/split_config.ja.dm': No such file or directory
2023-02-21 17:35:34.134 12255-12255/? W/ziparchive: Unable to open '/data/app/~~l2C-jo7841I1yT3wksRHSw==/com.android.vending-E3vn9XKZe-o0J9b51Jxk1Q==/split_config.ja.dm': No such file or directory
2023-02-21 17:35:34.135 12255-12255/? W/android.vending: Entry not found
2023-02-21 17:35:34.135 12255-12255/? W/ziparchive: Unable to open '/data/app/~~l2C-jo7841I1yT3wksRHSw==/com.android.vending-E3vn9XKZe-o0J9b51Jxk1Q==/split_config.pa.dm': No such file or directory
2023-02-21 17:35:34.135 12255-12255/? W/ziparchive: Unable to open '/data/app/~~l2C-jo7841I1yT3wksRHSw==/com.android.vending-E3vn9XKZe-o0J9b51Jxk1Q==/split_config.pa.dm': No such file or directory
2023-02-21 17:35:34.135 12196-12324/? I/AdrenoGLES-0: PFP: 0x016ee190, ME: 0x00000000
2023-02-21 17:35:34.136 12255-12255/? W/android.vending: Entry not found
2023-02-21 17:35:34.136 12255-12255/? W/ziparchive: Unable to open '/data/app/~~l2C-jo7841I1yT3wksRHSw==/com.android.vending-E3vn9XKZe-o0J9b51Jxk1Q==/split_config.si.dm': No such file or directory
2023-02-21 17:35:34.136 12255-12255/? W/ziparchive: Unable to open '/data/app/~~l2C-jo7841I1yT3wksRHSw==/com.android.vending-E3vn9XKZe-o0J9b51Jxk1Q==/split_config.si.dm': No such file or directory
2023-02-21 17:35:34.137 12255-12255/? W/android.vending: Entry not found
2023-02-21 17:35:34.137 12255-12255/? W/ziparchive: Unable to open '/data/app/~~l2C-jo7841I1yT3wksRHSw==/com.android.vending-E3vn9XKZe-o0J9b51Jxk1Q==/split_config.tr.dm': No such file or directory
2023-02-21 17:35:34.137 12255-12255/? W/ziparchive: Unable to open '/data/app/~~l2C-jo7841I1yT3wksRHSw==/com.android.vending-E3vn9XKZe-o0J9b51Jxk1Q==/split_config.tr.dm': No such file or directory
2023-02-21 17:35:34.138 12255-12255/? W/android.vending: Entry not found
2023-02-21 17:35:34.138 12255-12255/? W/ziparchive: Unable to open '/data/app/~~l2C-jo7841I1yT3wksRHSw==/com.android.vending-E3vn9XKZe-o0J9b51Jxk1Q==/split_config.uz.dm': No such file or directory
2023-02-21 17:35:34.138 12255-12255/? W/ziparchive: Unable to open '/data/app/~~l2C-jo7841I1yT3wksRHSw==/com.android.vending-E3vn9XKZe-o0J9b51Jxk1Q==/split_config.uz.dm': No such file or directory
2023-02-21 17:35:34.139 12255-12255/? W/android.vending: Entry not found
2023-02-21 17:35:34.139 12255-12255/? W/ziparchive: Unable to open '/data/app/~~l2C-jo7841I1yT3wksRHSw==/com.android.vending-E3vn9XKZe-o0J9b51Jxk1Q==/split_config.zh.dm': No such file or directory
2023-02-21 17:35:34.139 12255-12255/? W/ziparchive: Unable to open '/data/app/~~l2C-jo7841I1yT3wksRHSw==/com.android.vending-E3vn9XKZe-o0J9b51Jxk1Q==/split_config.zh.dm': No such file or directory
2023-02-21 17:35:34.140 12255-12255/? W/android.vending: Entry not found
2023-02-21 17:35:34.140 12255-12255/? W/ziparchive: Unable to open '/data/app/~~l2C-jo7841I1yT3wksRHSw==/com.android.vending-E3vn9XKZe-o0J9b51Jxk1Q==/split_phonesky_data_loader.dm': No such file or directory
2023-02-21 17:35:34.140 12255-12255/? W/ziparchive: Unable to open '/data/app/~~l2C-jo7841I1yT3wksRHSw==/com.android.vending-E3vn9XKZe-o0J9b51Jxk1Q==/split_phonesky_data_loader.dm': No such file or directory
2023-02-21 17:35:34.140 12255-12255/? W/android.vending: Entry not found
2023-02-21 17:35:34.141 12255-12255/? W/ziparchive: Unable to open '/data/app/~~l2C-jo7841I1yT3wksRHSw==/com.android.vending-E3vn9XKZe-o0J9b51Jxk1Q==/split_phonesky_data_loader.config.arm64_v8a.dm': No such file or directory
2023-02-21 17:35:34.141 12255-12255/? W/ziparchive: Unable to open '/data/app/~~l2C-jo7841I1yT3wksRHSw==/com.android.vending-E3vn9XKZe-o0J9b51Jxk1Q==/split_phonesky_data_loader.config.arm64_v8a.dm': No such file or directory
2023-02-21 17:35:34.141 12255-12255/? W/android.vending: Entry not found
2023-02-21 17:35:34.142 12285-12310/? W/SystemServiceRegistry: No service published for: uimode
2023-02-21 17:35:34.143 12255-12255/? D/nativeloader: Configuring classloader-namespace for other apk /data/app/~~l2C-jo7841I1yT3wksRHSw==/com.android.vending-E3vn9XKZe-o0J9b51Jxk1Q==/base.apk:/data/app/~~l2C-jo7841I1yT3wksRHSw==/com.android.vending-E3vn9XKZe-o0J9b51Jxk1Q==/split_config.arm64_v8a.apk:/data/app/~~l2C-jo7841I1yT3wksRHSw==/com.android.vending-E3vn9XKZe-o0J9b51Jxk1Q==/split_config.en.apk:/data/app/~~l2C-jo7841I1yT3wksRHSw==/com.android.vending-E3vn9XKZe-o0J9b51Jxk1Q==/split_config.ja.apk:/data/app/~~l2C-jo7841I1yT3wksRHSw==/com.android.vending-E3vn9XKZe-o0J9b51Jxk1Q==/split_config.pa.apk:/data/app/~~l2C-jo7841I1yT3wksRHSw==/com.android.vending-E3vn9XKZe-o0J9b51Jxk1Q==/split_config.si.apk:/data/app/~~l2C-jo7841I1yT3wksRHSw==/com.android.vending-E3vn9XKZe-o0J9b51Jxk1Q==/split_config.tr.apk:/data/app/~~l2C-jo7841I1yT3wksRHSw==/com.android.vending-E3vn9XKZe-o0J9b51Jxk1Q==/split_config.uz.apk:/data/app/~~l2C-jo7841I1yT3wksRHSw==/com.android.vending-E3vn9XKZe-o0J9b51Jxk1Q==/split_config.zh.apk:/data/app/~~l2C-jo7841I1yT3wksRHSw==/com.android.vending-E3vn
2023-02-21 17:35:34.145 12255-12255/? W/android.vending: JIT profile information will not be recorded: profile file does not exist.
2023-02-21 17:35:34.145 12255-12255/? W/android.vending: JIT profile information will not be recorded: profile file does not exist.
2023-02-21 17:35:34.145 12255-12255/? W/android.vending: JIT profile information will not be recorded: profile file does not exist.
2023-02-21 17:35:34.145 12255-12255/? W/android.vending: JIT profile information will not be recorded: profile file does not exist.
2023-02-21 17:35:34.145 12255-12255/? W/android.vending: JIT profile information will not be recorded: profile file does not exist.
2023-02-21 17:35:34.145 12255-12255/? W/android.vending: JIT profile information will not be recorded: profile file does not exist.
2023-02-21 17:35:34.145 12255-12255/? W/android.vending: JIT profile information will not be recorded: profile file does not exist.
2023-02-21 17:35:34.145 12255-12255/? W/android.vending: JIT profile information will not be recorded: profile file does not exist.
2023-02-21 17:35:34.145 12255-12255/? W/android.vending: JIT profile information will not be recorded: profile file does not exist.
2023-02-21 17:35:34.145 12255-12255/? W/android.vending: JIT profile information will not be recorded: profile file does not exist.
2023-02-21 17:35:34.146 12196-12324/? W/AdrenoUtils: <ReadGpuID_from_sysfs:197>: Failed to open /sys/class/kgsl/kgsl-3d0/gpu_model
2023-02-21 17:35:34.146 12196-12324/? W/AdrenoUtils: <ReadGpuID:221>: Failed to read chip ID from gpu_model. Fallback to use the GSL path
2023-02-21 17:35:34.154 12196-12196/? W/SoundPool: Use of stream types is deprecated for operations other than volume control
2023-02-21 17:35:34.154 12196-12196/? W/SoundPool: See the documentation of SoundPool() for what to use instead with android.media.AudioAttributes to qualify your playback use case
2023-02-21 17:35:34.156 12196-12196/? I/AndroidInput: sensor listener setup
2023-02-21 17:35:34.157 12196-12196/? D/CompatibilityChangeReporter: Compat change id reported: 160794467; UID 11641; state: ENABLED
2023-02-21 17:35:34.157 12196-12239/? I/FA-Ads: Tag Manager is not found and thus will not be used
2023-02-21 17:35:34.161 1975-4220/? W/WindowManager: Failed looking up window session=Session{77c44f4 12196:u0a11641} callers=com.android.server.wm.WindowManagerService.windowForClientLocked:5893 com.android.server.wm.Session.updateRequestedVisibilities:699 android.view.IWindowSession$Stub.onTransact:1095
2023-02-21 17:35:34.163 1975-4220/? D/CoreBackPreview: Window{fa81863 u0 com.tony.puzzle/com.tony.puzzle.AndroidLauncher}: Setting back callback OnBackInvokedCallbackInfo{mCallback=android.window.IOnBackInvokedCallback$Stub$Proxy@31fa519, mPriority=0}
2023-02-21 17:35:34.179 12255-12255/? V/GraphicsEnvironment: ANGLE Developer option for 'com.android.vending' set to: 'default'
2023-02-21 17:35:34.179 12255-12255/? V/GraphicsEnvironment: ANGLE GameManagerService for com.android.vending: false
2023-02-21 17:35:34.180 12255-12255/? D/NetworkSecurityConfig: No Network Security Config specified, using platform default
2023-02-21 17:35:34.180 12255-12255/? D/NetworkSecurityConfig: No Network Security Config specified, using platform default
2023-02-21 17:35:34.185 2822-2822/? I/Unity Wallpaper Service: onVisibilityChanged: false
2023-02-21 17:35:34.185 2822-2822/? I/Unity Wallpaper Service: Hash: 10357213 isPreview: false
2023-02-21 17:35:34.185 2822-2822/? I/Unity Player Wrapper: Pause Surface: 87737505
2023-02-21 17:35:34.192 12196-12245/? W/Ads: Update ad debug logging enablement as false
2023-02-21 17:35:34.198 718-3358/? I/BpBinder: onLastStrongRef automatically unlinking death recipients: <uncached descriptor>
2023-02-21 17:35:34.201 2822-4382/? I/OSLOSERVICEPLUGIN: Bridge.java: onPause
2023-02-21 17:35:34.201 2822-4382/? I/OSLOSERVICEPLUGIN: Bridge.java: Unregistering Soli listeners...
2023-02-21 17:35:34.203 2705-2705/? I/Elmyra/ElmyraService: Gated by NavigationBarVisibility [mIsNavigationHidden -> true; mExceptions -> [DismissTimer [mReceiverRegistered -> true], SnoozeAlarm [mReceiverRegistered -> true], SilenceCall [mSilenceSettingEnabled -> true], SettingsAction]; mIsNavigationGestural -> true; isActiveAssistantNga() -> false]
2023-02-21 17:35:34.205 1380-1483/? D/CHRE: @ 114975.630: Parsed nanoapp message from host: app ID 0x476f6f676c00100e, endpoint 0x1, msgType 201, payload size 0
2023-02-21 17:35:34.205 1380-1483/? D/CHRE: @ 114975.631: Elmyra/Nanoapp Recognizer stopped
2023-02-21 17:35:34.205 2921-2921/? D/Oslo.OsloMetrics: log status client com.google.android.libraries.motionsense.bridgeclient.NoVisualFeedbackClient gesture 6 register false
2023-02-21 17:35:34.205 2921-2921/? D/Oslo.OsloMetrics: Unregister, registered count 189 unregistered count 189 timestamp 114972424 elapsed duration 140067
2023-02-21 17:35:34.206 1380-1483/? I/ASH: @ 114975.631: max11259: Stopped sampling.
2023-02-21 17:35:34.206 1380-1483/? I/ASH: @ 114975.631: max11259: Max11259 power is off. rc = 0
2023-02-21 17:35:34.206 2822-4382/? I/OSLOSERVICEPLUGIN: Bridge.java: User is not a demo user!
2023-02-21 17:35:34.207 8836-8850/? I/FontLog: Received query name=Google Sans&weight=700&besteffort=false, URI content://com.google.android.gms.fonts [CONTEXT service_id=132 ]
2023-02-21 17:35:34.207 2921-2921/? D/Oslo.OsloMetrics: log flick client com.google.android.libraries.motionsense.bridgeclient.NoVisualFeedbackClient gesture 1 register false
2023-02-21 17:35:34.207 2921-2921/? D/Oslo.OsloMetrics: Unregister, registered count 189 unregistered count 189 timestamp 114972425 elapsed duration 140067
2023-02-21 17:35:34.207 2921-2921/? D/Oslo.OsloMetrics: log flick echo client com.google.android.libraries.motionsense.bridgeclient.NoVisualFeedbackClient gesture 2 register false
2023-02-21 17:35:34.207 2921-2921/? D/Oslo.OsloMetrics: Unregister, registered count 189 unregistered count 189 timestamp 114972426 elapsed duration 140068
2023-02-21 17:35:34.207 2921-2921/? D/Oslo.OsloMetrics: log reach client com.google.android.libraries.motionsense.bridgeclient.NoVisualFeedbackClient gesture 4 register false
2023-02-21 17:35:34.207 2921-2921/? D/Oslo.OsloMetrics: Unregister, registered count 189 unregistered count 189 timestamp 114972426 elapsed duration 140069
2023-02-21 17:35:34.207 2921-2921/? D/Oslo.OsloMetrics: log reach echo client com.google.android.libraries.motionsense.bridgeclient.NoVisualFeedbackClient gesture 5 register false
2023-02-21 17:35:34.207 2921-2921/? D/Oslo.OsloMetrics: Unregister, registered count 189 unregistered count 189 timestamp 114972426 elapsed duration 140069
2023-02-21 17:35:34.207 8836-8850/? I/FontLog: Query [name=Google Sans&weight=700&besteffort=false] resolved to {Google Sans, wdth 100.0, wght 700, ital 0.0, bestEffort false} [CONTEXT service_id=132 ]
2023-02-21 17:35:34.209 1380-1380/? I/sensors-hal: [hal]batch_physical_sensor:319, android.sensor.accelerometer/11, period=200000000, max_latency=2000000000
2023-02-21 17:35:34.209 1380-1380/? I/sensors-hal: [sensor]set_config:64, sample_period_ns is adjusted to 200000000 based on min/max delay_ns
2023-02-21 17:35:34.209 1380-1380/? I/sensors-hal: [hal]batch_physical_sensor:328, android.sensor.accelerometer/11, period=200000000, max_latency=2000000000 request completed
2023-02-21 17:35:34.210 2822-4382/? W/Unity: Not running Unity from an Activity; ignored...
2023-02-21 17:35:34.210 1380-4958/? I/sensors-hal: [ssc_sensor]ssc_conn_resp_cb:685, resp_value = 0
2023-02-21 17:35:34.210 2822-2822/? I/Unity Player Wrapper: Paused Wrapper!!!!
2023-02-21 17:35:34.210 2822-2822/? I/Unity Player Wrapper: No resumed surfaces
2023-02-21 17:35:34.210 2822-2822/? W/Unity: Not running Unity from an Activity; ignored...
2023-02-21 17:35:34.210 2822-4382/? I/OSLOSERVICEPLUGIN: Bridge.java: User is not a demo user!
2023-02-21 17:35:34.211 12196-12327/? W/GL2JNIView: creating OpenGL ES 2.0 context
2023-02-21 17:35:34.211 12196-12327/? E/GL2JNIView: Before eglCreateContext 2: EGL error: 0x3004
2023-02-21 17:35:34.211 12196-12327/? W/GL2JNIView: Returning a GLES 2 context
2023-02-21 17:35:34.215 8836-8850/? I/FontLog: Fetch {Google Sans, wdth 100.0, wght 700, ital 0.0, bestEffort false} end status Status{statusCode=SUCCESS, resolution=null} [CONTEXT service_id=132 ]
2023-02-21 17:35:34.217 720-720/? I/SDM: HWCDisplay::GetColorModeCount: Supported color mode count = 3
2023-02-21 17:35:34.218 8836-8850/? I/FontLog: Pulling font file for id = 392, cache size = 5 [CONTEXT service_id=132 ]
2023-02-21 17:35:34.218 12196-12327/? I/AndroidGraphics: OGL renderer: Adreno (TM) 640
2023-02-21 17:35:34.218 12196-12327/? I/AndroidGraphics: OGL vendor: Qualcomm
2023-02-21 17:35:34.218 12196-12327/? I/AndroidGraphics: OGL version: OpenGL ES 3.2 V@0490.0 (GIT@85da404, I46ff5fc46f, 1606794520) (Date:11/30/20)
2023-02-21 17:35:34.218 12196-12327/? I/AndroidGraphics: OGL extensions: GL_OES_EGL_image GL_OES_EGL_image_external GL_OES_EGL_sync GL_OES_vertex_half_float GL_OES_framebuffer_object GL_OES_rgb8_rgba8 GL_OES_compressed_ETC1_RGB8_texture GL_AMD_compressed_ATC_texture GL_KHR_texture_compression_astc_ldr GL_KHR_texture_compression_astc_hdr GL_OES_texture_compression_astc GL_OES_texture_npot GL_EXT_texture_filter_anisotropic GL_EXT_texture_format_BGRA8888 GL_EXT_read_format_bgra GL_OES_texture_3D GL_EXT_color_buffer_float GL_EXT_color_buffer_half_float GL_QCOM_alpha_test GL_OES_depth24 GL_OES_packed_depth_stencil GL_OES_depth_texture GL_OES_depth_texture_cube_map GL_EXT_sRGB GL_OES_texture_float GL_OES_texture_float_linear GL_OES_texture_half_float GL_OES_texture_half_float_linear GL_EXT_texture_type_2_10_10_10_REV GL_EXT_texture_sRGB_decode GL_EXT_texture_format_sRGB_override GL_OES_element_index_uint GL_EXT_copy_image GL_EXT_geometry_shader GL_EXT_tessellation_shader GL_OES_texture_stencil8 GL_EXT_shader_io_blocks GL_OES_shader_image_atomic GL_OES_sample_variables GL_EXT_texture_border_clamp GL_EXT_EGL_image_external_wrap_modes GL_EXT_multisampled_render_to_texture GL_EXT_multisampled_render_to_texture2 GL_OES_shader_multisample_interpolation GL_EXT_texture_cube_map_array GL_EXT_draw_buffers_indexed GL_EXT_gpu_shader5 GL_EXT_robustness GL_EXT_texture_buffer GL_EXT_shader_framebuffer_fetch GL_ARM_shader_framebuffer_fetch_depth_stencil GL_OES_texture_storage_multisample_2d_array GL_OES_sample_shading GL_OES_get_program_binary GL_EXT_debug_label GL_KHR_blend_equation_advanced GL_KHR_blend_equation_advanced_coherent GL_QCOM_tiled_rendering GL_ANDROID_extension_pack_es31a GL_EXT_primitive_bounding_box GL_OES_standard_derivatives GL_OES_vertex_array_object GL_EXT_disjoint_timer_query GL_KHR_debug GL_EXT_YUV_target GL_EXT_sRGB_write_control GL_EXT_texture_norm16 GL_EXT_discard_framebuffer GL_OES_surfaceless_context GL_OVR_multiview GL_OVR_multiview2 GL_EXT_texture_sRGB_R8 GL_KHR_no_error GL_EXT_debug_marker GL_OES_EGL_image_external_essl3 GL_OVR_multiview_multisampled_render_to_texture GL_EXT_buffer_storage GL_EXT_external_buffer GL_EXT_blit_framebuffer_params GL_EXT_clip_cull_distance GL_EXT_protected_textures GL_EXT_shader_non_constant_global_initializers GL_QCOM_texture_foveated GL_QCOM_texture_foveated_subsampled_layout GL_QCOM_shader_framebuffer_fetch_noncoherent GL_QCOM_shader_framebuffer_fetch_rate GL_EXT_memory_object GL_EXT_memory_object_fd GL_EXT_EGL_image_array GL_NV_shader_noperspective_interpolation GL_KHR_robust_buffer_access_behavior GL_EXT_EGL_image_storage GL_EXT_blend_func_extended GL_EXT_clip_control GL_OES_texture_view GL_EXT_fragment_invocation_density GL_QCOM_motion_estimation GL_QCOM_validate_shader_binary GL_QCOM_YUV_texture_gather
2023-02-21 17:35:34.218 12196-12327/? I/AndroidGraphics: framebuffer: (8, 8, 8, 0)
2023-02-21 17:35:34.218 12196-12327/? I/AndroidGraphics: depthbuffer: (16)
2023-02-21 17:35:34.218 12196-12327/? I/AndroidGraphics: stencilbuffer: (0)
2023-02-21 17:35:34.218 12196-12327/? I/AndroidGraphics: samples: (2)
2023-02-21 17:35:34.218 12196-12327/? I/AndroidGraphics: coverage sampling: (false)
2023-02-21 17:35:34.222 12196-12327/? I/AndroidGraphics: Managed meshes/app: { }
2023-02-21 17:35:34.222 12196-12327/? I/AndroidGraphics: Managed textures/app: { }
2023-02-21 17:35:34.222 12196-12327/? I/AndroidGraphics: Managed cubemap/app: { }
2023-02-21 17:35:34.222 12196-12327/? I/AndroidGraphics: Managed shaders/app: { }
2023-02-21 17:35:34.222 12196-12327/? I/AndroidGraphics: Managed buffers/app: { }
2023-02-21 17:35:34.224 8836-8850/? I/FontLog: Received query name=Noto Color Emoji Compat&weight=400&besteffort=false, URI content://com.google.android.gms.fonts [CONTEXT service_id=132 ]
2023-02-21 17:35:34.224 8836-8850/? I/FontLog: Query [name=Noto Color Emoji Compat&weight=400&besteffort=false] resolved to {Noto Color Emoji Compat, wdth 100.0, wght 400, ital 0.0, bestEffort false} [CONTEXT service_id=132 ]
2023-02-21 17:35:34.232 8836-8850/? I/FontLog: Fetch {Noto Color Emoji Compat, wdth 100.0, wght 400, ital 0.0, bestEffort false} end status Status{statusCode=SUCCESS, resolution=null} [CONTEXT service_id=132 ]
2023-02-21 17:35:34.234 661-661/? I/servicemanager: Could not find android.hardware.graphics.allocator.IAllocator/default in the VINTF manifest.
2023-02-21 17:35:34.235 8836-8850/? I/FontLog: Pulling font file for id = 393, cache size = 6 [CONTEXT service_id=132 ]
2023-02-21 17:35:34.237 8836-8850/? I/FontLog: Received query name=Google Sans&weight=400&besteffort=false, URI content://com.google.android.gms.fonts [CONTEXT service_id=132 ]
2023-02-21 17:35:34.237 8836-8850/? I/FontLog: Query [name=Google Sans&weight=400&besteffort=false] resolved to {Google Sans, wdth 100.0, wght 400, ital 0.0, bestEffort false} [CONTEXT service_id=132 ]
2023-02-21 17:35:34.238 8836-8850/? I/FontLog: Font PFD returned from cache for {Google Sans, wdth 100.0, wght 400, ital 0.0, bestEffort false} [CONTEXT service_id=132 ]
2023-02-21 17:35:34.238 8836-8850/? I/FontLog: Fetch {Google Sans, wdth 100.0, wght 400, ital 0.0, bestEffort false} end status Status{statusCode=SUCCESS, resolution=null} [CONTEXT service_id=132 ]
2023-02-21 17:35:34.239 8836-8850/? I/FontLog: Pulling font file for id = 394, cache size = 6 [CONTEXT service_id=132 ]
2023-02-21 17:35:34.243 12196-12223/? W/Parcel: Expecting binder but got null!
2023-02-21 17:35:34.243 8836-8850/? I/FontLog: Received query name=Google Sans&weight=500&besteffort=false, URI content://com.google.android.gms.fonts [CONTEXT service_id=132 ]
2023-02-21 17:35:34.243 8836-8850/? I/FontLog: Query [name=Google Sans&weight=500&besteffort=false] resolved to {Google Sans, wdth 100.0, wght 500, ital 0.0, bestEffort false} [CONTEXT service_id=132 ]
2023-02-21 17:35:34.245 8836-8850/? I/FontLog: Font PFD returned from cache for {Google Sans, wdth 100.0, wght 500, ital 0.0, bestEffort false} [CONTEXT service_id=132 ]
2023-02-21 17:35:34.245 8836-8850/? I/FontLog: Fetch {Google Sans, wdth 100.0, wght 500, ital 0.0, bestEffort false} end status Status{statusCode=SUCCESS, resolution=null} [CONTEXT service_id=132 ]
2023-02-21 17:35:34.255 8836-8850/? I/FontLog: Pulling font file for id = 395, cache size = 7 [CONTEXT service_id=132 ]
2023-02-21 17:35:34.256 12255-12255/? I/Finsky: [2] jcb.j(6): Process created at version: 34.4.16-21 [0] [PR] 507539062
2023-02-21 17:35:34.271 1975-1975/? D/CompatibilityChangeReporter: Compat change id reported: 168419799; UID 1000; state: DISABLED
2023-02-21 17:35:34.313 8836-12345/? I/AlarmManager: set [name: SystemMemoryCache type: 2 triggerAtMillis: 315474972531 windowMillis: -1 intervalMillis: 0]
2023-02-21 17:35:34.320 1975-2071/? I/ActivityTaskManager: Displayed com.tony.puzzle/.AndroidLauncher: +701ms
2023-02-21 17:35:34.328 1975-2770/? D/CompatibilityChangeReporter: Compat change id reported: 214016041; UID 11641; state: DISABLED
2023-02-21 17:35:34.330 12196-12196/? D/DoodleAds:   BannerAdmob   banner0 create
2023-02-21 17:35:34.331 12196-12196/? D/DoodleAds:   BannerAdmob   banner0  0 load request
2023-02-21 17:35:34.332 12196-12196/? W/DynamiteModule: Local module descriptor class for com.google.android.gms.ads.dynamite not found.
2023-02-21 17:35:34.332 4066-4066/? I/GoogleInputMethodService: GoogleInputMethodService.onFinishInput():3220
2023-02-21 17:35:34.333 4066-4066/? I/GoogleInputMethodService: GoogleInputMethodService.updateDeviceLockedStatus():2116 checkRepeatedly = false, unlocked = true
2023-02-21 17:35:34.334 4066-4066/? I/GoogleInputMethodService: GoogleInputMethodService.onStartInput():1923 onStartInput(EditorInfo{inputType=0x0(NULL) imeOptions=0x10000000 privateImeOptions=null actionName=UNSPECIFIED actionLabel=null actionId=0 initialSelStart=-1 initialSelEnd=-1 initialCapsMode=0x0 hintText=null label=null packageName=com.tony.puzzle fieldId=-1 fieldName=null extras=null}, false)
2023-02-21 17:35:34.334 4066-4066/? I/GoogleInputMethodService: GoogleInputMethodService.updateDeviceLockedStatus():2116 checkRepeatedly = true, unlocked = true
2023-02-21 17:35:34.338 12196-12196/? D/DynamitePackage: Instantiating com.google.android.gms.ads.ChimeraAdManagerCreatorImpl
2023-02-21 17:35:34.346 12196-12196/? I/Ads: Use RequestConfiguration.Builder().setTestDeviceIds(Arrays.asList("E80FFBC4DA744E6D01416C191C719081")) to get test ads on this device.
2023-02-21 17:35:34.355 8836-11691/? W/NetworkScheduler: Error inserting flex_time=1026000 job_id=-1 period=2053000 source=16 requires_charging=0 preferred_network_type=1 target_class=com.google.android.gms.measurement.PackageMeasurementTaskService user_id=0 target_package=com.google.android.gms tag=Measurement.PackageMeasurementTaskService.UPLOAD_TASK_TAG task_type=0 required_idleness_state=0 service_kind=0 source_version=230413000 persistence_level=1 preferred_charging_state=1 required_network_type=0 runtime=1676972134351 retry_strategy={"maximum_backoff_seconds":{"3600":0},"initial_backoff_seconds":{"30":0},"retry_policy":{"0":0}} last_runtime=0 [CONTEXT service_id=218 ]
    android.database.sqlite.SQLiteConstraintException: UNIQUE constraint failed: pending_ops.tag, pending_ops.target_class, pending_ops.target_package, pending_ops.user_id (code 2067 SQLITE_CONSTRAINT_UNIQUE)
        at android.database.sqlite.SQLiteConnection.nativeExecuteForLastInsertedRowId(Native Method)
        at android.database.sqlite.SQLiteConnection.executeForLastInsertedRowId(SQLiteConnection.java:961)
        at android.database.sqlite.SQLiteSession.executeForLastInsertedRowId(SQLiteSession.java:790)
        at android.database.sqlite.SQLiteStatement.executeInsert(SQLiteStatement.java:89)
        at android.database.sqlite.SQLiteDatabase.insertWithOnConflict(SQLiteDatabase.java:1868)
        at android.database.sqlite.SQLiteDatabase.insertOrThrow(SQLiteDatabase.java:1763)
        at bulo.g(:com.google.android.gms@230413044@23.04.13 (190400-505809224):53)
        at bukh.n(:com.google.android.gms@230413044@23.04.13 (190400-505809224):3)
        at bukh.u(:com.google.android.gms@230413044@23.04.13 (190400-505809224):20)
        at bukh.h(:com.google.android.gms@230413044@23.04.13 (190400-505809224):3)
        at bufy.run(:com.google.android.gms@230413044@23.04.13 (190400-505809224):9)
        at aarn.c(:com.google.android.gms@230413044@23.04.13 (190400-505809224):6)
        at aarn.run(:com.google.android.gms@230413044@23.04.13 (190400-505809224):7)
        at java.util.concurrent.ThreadPoolExecutor.runWorker(ThreadPoolExecutor.java:1137)
        at java.util.concurrent.ThreadPoolExecutor$Worker.run(ThreadPoolExecutor.java:637)
        at aawt.run(:com.google.android.gms@230413044@23.04.13 (190400-505809224):0)
        at java.lang.Thread.run(Thread.java:1012)
2023-02-21 17:35:34.420 12196-12369/? W/DynamiteModule: Local module descriptor class for com.google.android.gms.ads.dynamite not found.
2023-02-21 17:35:34.420 12196-12196/? W/ConnectionStatusConfig: Dynamic lookup for intent failed for action: com.google.android.gms.ads.service.CACHE
2023-02-21 17:35:34.424 20581-20581/? D/BoundBrokerSvc: onBind: Intent { act=com.google.android.gms.ads.service.CACHE pkg=com.google.android.gms }
2023-02-21 17:35:34.424 20581-20581/? D/BoundBrokerSvc: Loading bound service for intent: Intent { act=com.google.android.gms.ads.service.CACHE pkg=com.google.android.gms }
2023-02-21 17:35:34.426 12196-12369/? W/Ads: Invoke Firebase method getInstance error.
2023-02-21 17:35:34.426 12196-12369/? W/Ads: The Google Mobile Ads SDK will not integrate with Firebase. Admob/Firebase integration requires the latest Firebase SDK jar, but Firebase SDK is either missing or out of date
2023-02-21 17:35:34.432 12196-12196/? D/DoodleAds:  VideoAdsManager    create video ads 1
2023-02-21 17:35:34.433 12196-12196/? W/DynamiteModule: Local module descriptor class for com.google.android.gms.ads.dynamite not found.
2023-02-21 17:35:34.433 12196-12365/? W/DynamiteModule: Local module descriptor class for com.google.android.gms.ads.dynamite not found.
2023-02-21 17:35:34.436 1975-4888/? D/ConnectivityService: requestNetwork for uid/pid:11641/12196 activeRequest: null callbackRequest: 2229 [NetworkRequest [ REQUEST id=2230, [ Capabilities: INTERNET&NOT_RESTRICTED&TRUSTED&NOT_VCN_MANAGED Uid: 11641 RequestorUid: 11641 RequestorPkg: com.tony.puzzle UnderlyingNetworks: Null] ]] callback flags: 0 order: 2147483647
2023-02-21 17:35:34.437 1975-2591/? D/ConnectivityService: NetReassign [2230 : null → 120] [c 0] [a 1] [i 0]
2023-02-21 17:35:34.437 1975-2583/? D/WifiNetworkFactory: got request NetworkRequest [ REQUEST id=2230, [ Capabilities: INTERNET&NOT_RESTRICTED&TRUSTED&NOT_VCN_MANAGED Uid: 11641 RequestorUid: 11641 RequestorPkg: com.tony.puzzle UnderlyingNetworks: Null] ]
2023-02-21 17:35:34.437 1975-2583/? D/UntrustedWifiNetworkFactory: got request NetworkRequest [ REQUEST id=2230, [ Capabilities: INTERNET&NOT_RESTRICTED&TRUSTED&NOT_VCN_MANAGED Uid: 11641 RequestorUid: 11641 RequestorPkg: com.tony.puzzle UnderlyingNetworks: Null] ]
2023-02-21 17:35:34.437 1975-2583/? D/OemPaidWifiNetworkFactory: got request NetworkRequest [ REQUEST id=2230, [ Capabilities: INTERNET&NOT_RESTRICTED&TRUSTED&NOT_VCN_MANAGED Uid: 11641 RequestorUid: 11641 RequestorPkg: com.tony.puzzle UnderlyingNetworks: Null] ]
2023-02-21 17:35:34.437 1975-2583/? D/MultiInternetWifiNetworkFactory: got request NetworkRequest [ REQUEST id=2230, [ Capabilities: INTERNET&NOT_RESTRICTED&TRUSTED&NOT_VCN_MANAGED Uid: 11641 RequestorUid: 11641 RequestorPkg: com.tony.puzzle UnderlyingNetworks: Null] ]
2023-02-21 17:35:34.446 12196-12196/? I/DynamiteModule: Considering local module com.google.android.gms.ads.dynamite:0 and remote module com.google.android.gms.ads.dynamite:224400003
2023-02-21 17:35:34.446 12196-12196/? I/DynamiteModule: Selected remote version of com.google.android.gms.ads.dynamite, version >= 224400003
2023-02-21 17:35:34.446 12196-12196/? V/DynamiteModule: Dynamite loader version >= 2, using loadModule2NoCrashUtils
2023-02-21 17:35:34.446 12196-12196/? I/DynamiteLoaderV2Impl: [71] com.google.android.gms.ads.dynamite
2023-02-21 17:35:34.448 12196-12196/? D/DoodleAds:  VideoAdmobSingle  1 load ads ca-app-pub-3940256099942544/5224354917
2023-02-21 17:35:34.449 12196-12196/? I/Ads: Use RequestConfiguration.Builder().setTestDeviceIds(Arrays.asList("E80FFBC4DA744E6D01416C191C719081")) to get test ads on this device.
2023-02-21 17:35:34.455 12196-12196/? D/DoodleAds:  VideoAdmobSingle  1 AdmobCreate com.google.android.gms.ads.rewarded.RewardedAd@80b687a
2023-02-21 17:35:34.458 12255-12360/? I/Finsky: [39] vnw.e(20): Finished reading experiment flags from file [0tGUNCGIkbk4o6-fQ335kUYSKwVj4lusnHT-A5Dsy08].
2023-02-21 17:35:34.462 12196-12196/? W/DynamiteModule: Local module descriptor class for com.google.android.gms.ads.dynamite not found.
2023-02-21 17:35:34.463 12196-12382/? W/DynamiteModule: Local module descriptor class for com.google.android.gms.ads.dynamite not found.
2023-02-21 17:35:34.466 12196-12196/? D/DynamitePackage: Instantiating com.google.android.gms.ads.ChimeraAdManagerCreatorImpl
2023-02-21 17:35:34.467 12196-12196/? I/Ads: Use RequestConfiguration.Builder().setTestDeviceIds(Arrays.asList("E80FFBC4DA744E6D01416C191C719081")) to get test ads on this device.
2023-02-21 17:35:34.470 12255-12360/? I/Finsky: [39] vnw.e(20): Finished reading experiment flags from file [Se-xCc4LzNyh3UrKMIU2sUf-PUKz4oQEbpKZDMuaFno].
2023-02-21 17:35:34.479 12196-12196/? D/DoodleAds:  InterstitialAdmob  loadAdRequest0
2023-02-21 17:35:34.481 12196-12240/? W/DynamiteModule: Local module descriptor class for com.google.android.gms.ads.dynamite not found.
2023-02-21 17:35:34.499 1975-4888/? D/IntervalStats: Unable to parse usage stats packages: [2435, 2436, 2437, 2438, 2439]
2023-02-21 17:35:34.500 20581-21489/? W/SQLiteLog: (28) double-quoted string literal: "1676799334500"
2023-02-21 17:35:34.500 20581-21489/? W/SQLiteLog: (28) double-quoted string literal: "1"
2023-02-21 17:35:34.514 12196-12245/? D/nativeloader: Configuring classloader-namespace for other apk . target_sdk_version=31, uses_libraries=ALL, library_path=, permitted_path=/data:/mnt/expand
2023-02-21 17:35:34.511 12196-12196/? W/AdWorker(Defaul: type=1400 audit(0.0:6167): avc: granted { execute } for path="/data/data/com.tony.puzzle/app_pccache/5/05DCB1752E3E91A652A2DC2B3E59C3903F0780AE/pcam.jar" dev="dm-40" ino=289308 scontext=u:r:untrusted_app_30:s0:c105,c262,c512,c768 tcontext=u:object_r:app_data_file:s0:c105,c262,c512,c768 tclass=file app=com.tony.puzzle
2023-02-21 17:35:34.533 12196-12368/? W/Ads: Not retrying to fetch app settings
2023-02-21 17:35:34.535 12196-12404/? W/ConnectionStatusConfig: Dynamic lookup for intent failed for action: com.google.android.gms.ads.service.START
2023-02-21 17:35:34.542 20581-20581/? D/BoundBrokerSvc: onBind: Intent { act=com.google.android.gms.ads.service.START pkg=com.google.android.gms }
2023-02-21 17:35:34.542 20581-20581/? D/BoundBrokerSvc: Loading bound service for intent: Intent { act=com.google.android.gms.ads.service.START pkg=com.google.android.gms }
2023-02-21 17:35:34.542 12196-12368/? W/Ads: Not retrying to fetch app settings
2023-02-21 17:35:34.556 12196-12240/? W/Ads: Not retrying to fetch app settings
2023-02-21 17:35:34.573 1975-4220/? D/IntervalStats: Unable to parse usage stats packages: [2435, 2436, 2437, 2438, 2439]
2023-02-21 17:35:34.577 1975-4888/? D/IntervalStats: Unable to parse usage stats packages: [2435, 2436, 2437, 2438, 2439]
2023-02-21 17:35:34.582 20581-12414/? W/SQLiteLog: (28) double-quoted string literal: "1676799334578"
2023-02-21 17:35:34.582 20581-12414/? W/SQLiteLog: (28) double-quoted string literal: "1"
2023-02-21 17:35:34.595 1975-4220/? D/IntervalStats: Unable to parse usage stats packages: [2435, 2436, 2437, 2438, 2439]
2023-02-21 17:35:34.604 20581-11813/? W/SQLiteLog: (28) double-quoted string literal: "1676799334595"
2023-02-21 17:35:34.604 20581-11813/? W/SQLiteLog: (28) double-quoted string literal: "1"
2023-02-21 17:35:34.628 20581-11813/? I/Ads: SDK version: afma-sdk-a-v224400999.201004000.1
2023-02-21 17:35:34.629 20581-11813/? I/Ads: HTTP timeout: 60000 milliseconds.
2023-02-21 17:35:34.667 20581-12411/? I/Ads: SDK version: afma-sdk-a-v224400999.201004000.1
2023-02-21 17:35:34.668 20581-12411/? I/Ads: HTTP timeout: 60000 milliseconds.
2023-02-21 17:35:34.671 20581-12411/? D/TrafficStats: tagSocket(394) with statsTag=0x30000105, statsUid=11641
2023-02-21 17:35:34.685 1975-4220/? D/CoreBackPreview: Window{4a0997b u0 Splash Screen com.tony.puzzle EXITING}: Setting back callback null
2023-02-21 17:35:34.685 1975-4888/? W/InputManager-JNI: Input channel object '4a0997b Splash Screen com.tony.puzzle (client)' was disposed without first being removed with the input manager!
2023-02-21 17:35:34.685 20581-11778/? I/Ads: SDK version: afma-sdk-a-v224400999.201004000.1
2023-02-21 17:35:34.686 20581-11778/? I/Ads: HTTP timeout: 60000 milliseconds.
2023-02-21 17:35:34.686 20581-11778/? D/TrafficStats: tagSocket(396) with statsTag=0x30000105, statsUid=11641
2023-02-21 17:35:34.767 1975-3096/? D/CompatibilityChangeReporter: Compat change id reported: 161145287; UID 10122; state: DISABLED
2023-02-21 17:35:34.769 12255-12255/? D/CompatibilityChangeReporter: Compat change id reported: 183155436; UID 10122; state: ENABLED
2023-02-21 17:35:34.775 12255-12384/? I/Finsky: [41] vnw.e(20): Finished reading experiment flags from file [ubjsNzIx1Amae0TxbslT691SJ4zRJivTg16T4FFEXJo].
2023-02-21 17:35:34.814 12255-12255/? I/Finsky: [2] izr.an(57): Profiling: Started startup sampling (0)
2023-02-21 17:35:34.821 12255-12359/? I/Finsky: [38] izr.P(1): pcsi: PROCESS_START
2023-02-21 17:35:34.824 12255-12357/? I/Finsky: [36] kzf.m(2): Subscription detail: N/A
2023-02-21 17:35:34.835 3022-3366/? D/TelephonyProvider: Using old permission behavior for telephony provider compat
2023-02-21 17:35:34.868 1975-2770/? D/ConnectivityService: requestNetwork for uid/pid:10122/12255 activeRequest: null callbackRequest: 2231 [NetworkRequest [ REQUEST id=2232, [ Capabilities: INTERNET&NOT_RESTRICTED&TRUSTED&NOT_VCN_MANAGED Uid: 10122 RequestorUid: 10122 RequestorPkg: com.android.vending UnderlyingNetworks: Null] ]] callback flags: 0 order: 2147483647
2023-02-21 17:35:34.869 1975-2583/? D/WifiNetworkFactory: got request NetworkRequest [ REQUEST id=2232, [ Capabilities: INTERNET&NOT_RESTRICTED&TRUSTED&NOT_VCN_MANAGED Uid: 10122 RequestorUid: 10122 RequestorPkg: com.android.vending UnderlyingNetworks: Null] ]
2023-02-21 17:35:34.869 1975-2583/? D/UntrustedWifiNetworkFactory: got request NetworkRequest [ REQUEST id=2232, [ Capabilities: INTERNET&NOT_RESTRICTED&TRUSTED&NOT_VCN_MANAGED Uid: 10122 RequestorUid: 10122 RequestorPkg: com.android.vending UnderlyingNetworks: Null] ]
2023-02-21 17:35:34.869 1975-2583/? D/OemPaidWifiNetworkFactory: got request NetworkRequest [ REQUEST id=2232, [ Capabilities: INTERNET&NOT_RESTRICTED&TRUSTED&NOT_VCN_MANAGED Uid: 10122 RequestorUid: 10122 RequestorPkg: com.android.vending UnderlyingNetworks: Null] ]
2023-02-21 17:35:34.869 1975-2583/? D/MultiInternetWifiNetworkFactory: got request NetworkRequest [ REQUEST id=2232, [ Capabilities: INTERNET&NOT_RESTRICTED&TRUSTED&NOT_VCN_MANAGED Uid: 10122 RequestorUid: 10122 RequestorPkg: com.android.vending UnderlyingNetworks: Null] ]
2023-02-21 17:35:34.869 1975-2591/? D/ConnectivityService: NetReassign [2232 : null → 120] [c 0] [a 0] [i 1]
2023-02-21 17:35:34.872 1975-2591/? D/ConnectivityService: NetReassign [no changes] [c 0] [a 0] [i 0]
2023-02-21 17:35:34.879 12255-12360/? I/cr_CronetLibraryLoader: Cronet version: 109.0.5414.8, arch: aarch64
2023-02-21 17:35:34.884 12255-12357/? I/Finsky: [36] vkb.<init>(3): vkd - Registering in memory receiver for android.intent.action.PACKAGE_ADDED and android.intent.action.PACKAGE_REMOVED
2023-02-21 17:35:34.956 12255-12358/? W/Settings: Setting download_manager_max_bytes_over_mobile has moved from android.provider.Settings.Secure to android.provider.Settings.Global.
2023-02-21 17:35:34.959 12255-12358/? I/Finsky: [37] uor.i(3): SettingNotFoundException, fall through to G.downloadBytesOverMobileMaximum
2023-02-21 17:35:34.959 12255-12358/? W/Settings: Setting download_manager_recommended_max_bytes_over_mobile has moved from android.provider.Settings.Secure to android.provider.Settings.Global.
2023-02-21 17:35:34.961 12255-12358/? I/Finsky: [37] uor.h(3): SettingNotFoundException, fall through to G.downloadBytesOverMobileRecommended
2023-02-21 17:35:34.976 12255-12357/? W/android.vending: Accessing hidden field Ljava/util/Collections$SynchronizedCollection;->mutex:Ljava/lang/Object; (max-target-o, reflection, denied)
2023-02-21 17:35:34.978 12255-12357/? W/android.vending: Accessing hidden method Ljava/util/Collections$SynchronizedSet;-><init>(Ljava/util/Set;Ljava/lang/Object;)V (max-target-o, reflection, denied)
2023-02-21 17:35:34.978 12255-12357/? W/android.vending: Accessing hidden method Ljava/util/Collections$SynchronizedCollection;-><init>(Ljava/util/Collection;Ljava/lang/Object;)V (max-target-o, reflection, denied)
2023-02-21 17:35:34.983 12255-12358/? I/Finsky: [37] aljs.d(2): registerListener
2023-02-21 17:35:34.984 12255-12358/? I/Finsky: [37] aljs.d(2): registerListener
2023-02-21 17:35:34.996 12255-12358/? I/Finsky: [37] srb.m(6): Enqueuing libraries load for 13152079
2023-02-21 17:35:34.999 12255-12429/? I/Finsky: [49] yiy.<init>(3): Resetting scheduler db
2023-02-21 17:35:35.016 12255-12450/? I/Finsky: [61] pxp.run(7): SysUA: Set SystemUpdateActivity enabled state to 1
2023-02-21 17:35:35.018 12255-12450/? I/Finsky: [61] rgm.run(35): SysCUA: Set {com.android.vending/com.google.android.finsky.systemcomponentupdateui.common.SystemComponentUpdateActivity} enabled state to 0
2023-02-21 17:35:35.020 12255-12450/? I/Finsky: [61] ph.run(5): Set UnhibernateActivity enabled state to 0
2023-02-21 17:35:35.023 12255-12358/? I/Finsky: [37] afzt.<init>(3): VerifyApps: Setup app restrictions monitor
2023-02-21 17:35:35.024 12255-12450/? I/Finsky: [61] srb.o(1): Starting libraries load for 13152079
2023-02-21 17:35:35.027 12255-12358/? I/Finsky: [37] agfp.a(3): VerifyApps: Device wide unknown source restriction updated
2023-02-21 17:35:35.087 12255-12255/? I/Finsky: [2] rjz.<init>(4): Item store provider started.
2023-02-21 17:35:35.112 1975-2591/? D/ConnectivityService: NetReassign [no changes] [c 0] [a 0] [i 0]
2023-02-21 17:35:35.157 12255-12255/? I/Finsky: [2] pxt.C(3): Installer: Attempting to start installer
2023-02-21 17:35:35.157 12255-12435/? I/Finsky: [55] xxj.accept(48): SCH: Scheduling phonesky job Id: 1-1337, CT: 1676969858636, Constraints: [{ L: 43194687, D: 86394687, C: 1, I: 1, N: 1 }]
2023-02-21 17:35:35.157 12255-12435/? I/Finsky: [55] xxj.accept(48): SCH: Scheduling phonesky job Id: 3-9407, CT: 1676968134881, Constraints: [{ L: 0, D: 86400000, C: 1, I: 2, N: 1 }]
2023-02-21 17:35:35.158 12255-12435/? I/Finsky: [55] xxj.accept(48): SCH: Scheduling phonesky job Id: 10-78, CT: 1676969858254, Constraints: [{ L: 0, D: 86400000, C: 1, I: 2, N: 1 }]
2023-02-21 17:35:35.158 12255-12435/? I/Finsky: [55] xxj.accept(48): SCH: Scheduling phonesky job Id: 10-79, CT: 1676969858254, Constraints: [{ L: 0, D: 86400000, C: 1, I: 2, N: 1 }]
2023-02-21 17:35:35.159 12255-12435/? I/Finsky: [55] xxj.accept(48): SCH: Scheduling phonesky job Id: 24-77777777, CT: 1676946680658, Constraints: [{ L: 1, D: 82800000, C: 1, I: 2, N: 0 }]
2023-02-21 17:35:35.159 12255-12435/? I/Finsky: [55] xxj.accept(48): SCH: Scheduling phonesky job Id: 26-1414141414, CT: 1676943880813, Constraints: [{ L: 43199999, D: 44099999, C: 1, I: 1, N: 0 }]
2023-02-21 17:35:35.160 12255-12435/? I/Finsky: [55] xxj.accept(48): SCH: Scheduling phonesky job Id: 34-3098, CT: 1676946689051, Constraints: [{ L: 69407604, D: 1365407604, C: 2, I: 2, N: 2 }, { L: 69407604, D: 1365407604, C: 1, I: 2, N: 2 }]
2023-02-21 17:35:35.160 12255-12435/? I/Finsky: [55] xxj.accept(48): SCH: Scheduling phonesky job Id: 34-3099, CT: 1676946693533, Constraints: [{ L: 79199831, D: 1375199831, C: 1, I: 1, N: 1 }]
2023-02-21 17:35:35.161 12255-12435/? I/Finsky: [55] xxj.accept(48): SCH: Scheduling phonesky job Id: 34-3100, CT: 1676946693355, Constraints: [{ L: 0, D: 1296000000, C: 2, I: 2, N: 2 }, { L: 0, D: 1296000000, C: 1, I: 2, N: 2 }]
2023-02-21 17:35:35.162 12255-12255/? I/Finsky: [2] aljs.d(2): registerListener
2023-02-21 17:35:35.177 12255-12255/? I/Finsky: [2] qhn.<init>(19): Initializing pausers from value store.
2023-02-21 17:35:35.177 12255-12255/? I/Finsky: [2] qhn.<init>(23): Get the following callers from value store [].
2023-02-21 17:35:35.181 12255-12255/? I/Finsky: [2] kze.onSubscriptionsChanged(1): onSubscriptionsChanged
2023-02-21 17:35:35.183 12255-12255/? I/Finsky: [2] pxt.T(1): Installer: Installer kick - no action, not running yet
2023-02-21 17:35:35.201 12255-12431/? I/Finsky: [51] xxi.apply(63): SCH: Scheduling 0 system job(s)
2023-02-21 17:35:35.264 12255-12450/? I/Finsky: [61] srb.o(19): Loaded library for account: [YHLdlQUpi1BrcppQX-60MJD0lluc_kHbTmUnuoN3C5I]
2023-02-21 17:35:35.264 12255-12450/? I/Finsky: [61] srb.o(23): Finished loading 1 libraries.
2023-02-21 17:35:35.276 12255-12384/? D/TrafficStats: tagSocket(115) with statsTag=0xffffffff, statsUid=-1
2023-02-21 17:35:35.407 12255-12487/? I/Finsky: [86] kwf.a(1): DL: Creating dataloader logger using a new logging context.
2023-02-21 17:35:35.416 12255-12473/? I/Finsky: [80] pvl.apply(52): Installer: Registering atomic install listeners with package installer
2023-02-21 17:35:35.417 12255-12477/? I/Finsky: [82] pxg.a(108): Installer: Checking for orphaned groups
2023-02-21 17:35:35.423 12255-12477/? I/Finsky: [82] mwb.g(1): getDownloads()
2023-02-21 17:35:35.434 12196-12491/? D/MediaCodecList: codecHandlesFormat: no format, so no extra checks
2023-02-21 17:35:35.438 12196-12492/? D/CCodec: allocate(c2.android.vorbis.decoder)
2023-02-21 17:35:35.445 12196-12492/? I/Codec2Client: Available Codec2 services: "default" "software"
2023-02-21 17:35:35.447 1975-2770/? I/ActivityManager: com.android.vending is exempt from freezer
2023-02-21 17:35:35.447 1975-2770/? D/CompatibilityChangeReporter: Compat change id reported: 135634846; UID 10122; state: DISABLED
2023-02-21 17:35:35.447 1975-2770/? D/CompatibilityChangeReporter: Compat change id reported: 177438394; UID 10122; state: DISABLED
2023-02-21 17:35:35.447 1975-2770/? D/CompatibilityChangeReporter: Compat change id reported: 135772972; UID 10122; state: DISABLED
2023-02-21 17:35:35.447 1975-2770/? D/CompatibilityChangeReporter: Compat change id reported: 135754954; UID 10122; state: ENABLED
2023-02-21 17:35:35.448 1975-2090/? D/CompatibilityChangeReporter: Compat change id reported: 143937733; UID 10122; state: ENABLED
2023-02-21 17:35:35.450 1697-32366/? D/LOWI-8.6.0.75: [LOWI-Scan] wait_event:Wait done with Cmd 103
2023-02-21 17:35:35.450 1404-2653/? I/WifiHAL: event received NL80211_CMD_VENDOR, vendor_id = 0x1374, subcmd = 0xa
2023-02-21 17:35:35.450 1647-1647/? I/cnss-daemon: nl80211 response handler invoked
2023-02-21 17:35:35.450 1647-1647/? I/cnss-daemon: nl80211_response_handler: cmd 103, vendorID 4980, subcmd 10  received
2023-02-21 17:35:35.450 1626-1626/? I/wificond: Regulatory domain changed to country: CN on wiphy_index: 0
2023-02-21 17:35:35.450 1697-32366/? D/LOWI-8.6.0.75: [LOWI-Scan] do_listen_events: Rcvd valid Netlink Cmd 0 Err 0
2023-02-21 17:35:35.452 1338-1338/? D/Zygote: Forked child process 12495
2023-02-21 17:35:35.453 1975-2090/? I/ActivityManager: Start proc 12495:com.android.vending:background/u0a122 for service {com.android.vending/com.google.android.finsky.ipcservers.background.BackgroundGrpcServerAndroidService}
2023-02-21 17:35:35.453 1975-4888/? D/WifiNl80211Manager: OnRegDomainChanged CN
2023-02-21 17:35:35.453 1975-4888/? D/WifiNative: onCountryCodeChanged: CN
2023-02-21 17:35:35.453 12196-12492/? I/CCodec: setting up 'default' as default (vendor) store
2023-02-21 17:35:35.455 6246-6246/? I/wpa_supplicant: wlan0: CTRL-EVENT-AVOID-FREQ ranges=5500-5640
2023-02-21 17:35:35.455 1626-1626/? I/wificond: 2.4Ghz frequencies: 2412 2417 2422 2427 2432 2437 2442 2447 2452 2457 2462 2467 2472
2023-02-21 17:35:35.455 1626-1626/? I/wificond: 5Ghz non-DFS frequencies: 5180 5200 5220 5240 5745 5765 5785 5805 5825
2023-02-21 17:35:35.455 1626-1626/? I/wificond: 5Ghz DFS frequencies: 5260 5280 5300 5320
2023-02-21 17:35:35.455 1626-1626/? I/wificond: 6Ghz frequencies:
2023-02-21 17:35:35.455 1626-1626/? I/wificond: 60Ghz frequencies:
2023-02-21 17:35:35.456 6246-6246/? I/wpa_supplicant: wlan0: CTRL-EVENT-REGDOM-CHANGE init=DRIVER type=COUNTRY alpha2=CN
2023-02-21 17:35:35.458 12495-12495/? I/ding:background: Using CollectorTypeCC GC.
2023-02-21 17:35:35.459 1640-1835/? V/C2Store: in init
2023-02-21 17:35:35.459 1640-1835/? V/C2Store: loading dll
2023-02-21 17:35:35.463 12495-12495/? E/ding:background: Not starting debugger since process cannot load the jdwp agent.
2023-02-21 17:35:35.465 12196-12492/? I/CCodec: Created component [c2.android.vorbis.decoder]
2023-02-21 17:35:35.465 12196-12492/? D/CCodecConfig: read media type: audio/vorbis
2023-02-21 17:35:35.466 12196-12492/? D/ReflectedParamUpdater: extent() != 1 for single value type: algo.buffers.max-count.values
2023-02-21 17:35:35.468 12196-12492/? D/ReflectedParamUpdater: extent() != 1 for single value type: output.subscribed-indices.values
2023-02-21 17:35:35.468 12196-12492/? D/ReflectedParamUpdater: extent() != 1 for single value type: input.buffers.allocator-ids.values
2023-02-21 17:35:35.468 12196-12492/? D/ReflectedParamUpdater: extent() != 1 for single value type: output.buffers.allocator-ids.values
2023-02-21 17:35:35.468 12196-12492/? D/ReflectedParamUpdater: extent() != 1 for single value type: algo.buffers.allocator-ids.values
2023-02-21 17:35:35.468 12196-12492/? D/ReflectedParamUpdater: extent() != 1 for single value type: output.buffers.pool-ids.values
