2023-02-21 17:33:18.683 4066-4066/? I/InputMethodEntryManager: InputMethodEntryManager$5.onSuccess():880 Success load entries: [LanguageTagVariantTuple{languageTag=zh-CN, variant=qwerty}, LanguageTagVariantTuple{languageTag=uz-Latn, variant=uzbek}, LanguageTagVariantTuple{languageTag=si-LK, variant=sinhala}, LanguageTagVariantTuple{languageTag=ug, variant=uyghur}, LanguageTagVariantTuple{languageTag=en-US, variant=qwerty}, LanguageTagVariantTuple{languageTag=ja-JP, variant=japanese_12keys_toggleflick}, LanguageTagVariantTuple{languageTag=tr-TR, variant=qwerty}, LanguageTagVariantTuple{languageTag=pa-Guru, variant=qwerty}, LanguageTagVariantTuple{languageTag=ii-CN, variant=yi_dynamic}], resetImplicitlyEnabledEntries=false
2023-02-21 17:33:18.688 2822-2822/? E/OSLOSERVICEPLUGIN: Bridge.java: Weather request failed: aod: 7503:
2023-02-21 17:33:18.689 4066-4066/? I/AbstractOpenableExtension: AbstractOpenableExtension.maybeDestroyExistingKeyboardGroupManager():510 Destroy existing keyboard group manager in cma
2023-02-21 17:33:18.689 4066-4066/? I/AbstractOpenableExtension: AbstractOpenableExtension.createKeyboardGroupManagerListenableFuture():122 Create keyboard group manager listenable future in cma
2023-02-21 17:33:18.689 4066-4066/? I/AbstractOpenableExtension: AbstractOpenableExtension.maybeDestroyExistingKeyboardGroupManager():510 Destroy existing keyboard group manager in eag
2023-02-21 17:33:18.689 4066-4066/? I/AbstractOpenableExtension: AbstractOpenableExtension.createKeyboardGroupManagerListenableFuture():122 Create keyboard group manager listenable future in eag
2023-02-21 17:33:18.690 4066-4066/? I/AbstractOpenableExtension: AbstractOpenableExtension.maybeDestroyExistingKeyboardGroupManager():510 Destroy existing keyboard group manager in dys
2023-02-21 17:33:18.690 4066-4066/? I/AbstractOpenableExtension: AbstractOpenableExtension.createKeyboardGroupManagerListenableFuture():122 Create keyboard group manager listenable future in dys
2023-02-21 17:33:18.693 4066-4066/? I/AbstractOpenableExtension: AbstractOpenableExtension.maybeDestroyExistingKeyboardGroupManager():510 Destroy existing keyboard group manager in dxl
2023-02-21 17:33:18.693 4066-4066/? I/AbstractOpenableExtension: AbstractOpenableExtension.createKeyboardGroupManagerListenableFuture():122 Create keyboard group manager listenable future in dxl
2023-02-21 17:33:18.693 4066-4066/? I/DeviceModeUtil: DeviceModeUtil.getDeviceMode():126 Get device mode phone by ui mode:1 and smallestScreenWidthDp:411
2023-02-21 17:33:18.695 1975-2075/? W/ImageReader_JNI: Unable to acquire a buffer item, very likely client tried to acquire more than maxImages buffers
2023-02-21 17:33:18.696 4066-11879/? I/KeyboardGroupDefParser: KeyboardGroupDefParser.parseKeyboardGroupDef():87 parseKeyboardGroupDef() 2132214022 -> 0_resource_name_obfuscated : WaitTime = 4 ms : RunTime = 1 ms
2023-02-21 17:33:18.696 4066-11877/? I/KeyboardGroupDefParser: KeyboardGroupDefParser.parseKeyboardGroupDef():87 parseKeyboardGroupDef() 2132214020 -> 0_resource_name_obfuscated : WaitTime = 2 ms : RunTime = 1 ms
2023-02-21 17:33:18.697 4066-11878/? I/KeyboardGroupDefParser: KeyboardGroupDefParser.parseKeyboardGroupDef():87 parseKeyboardGroupDef() 2132214028 -> 0_resource_name_obfuscated : WaitTime = 3 ms : RunTime = 5 ms
2023-02-21 17:33:18.697 4066-11883/? I/KeyboardGroupDefParser: KeyboardGroupDefParser.parseKeyboardGroupDef():87 parseKeyboardGroupDef() 2132214027 -> 0_resource_name_obfuscated : WaitTime = 0 ms : RunTime = 8 ms
2023-02-21 17:33:18.698 4066-4066/? I/DeviceModeUtil: DeviceModeUtil.getDeviceMode():126 Get device mode phone by ui mode:1 and smallestScreenWidthDp:411
2023-02-21 17:33:18.698 4066-4066/? I/DeviceModeUtil: DeviceModeUtil.getDeviceMode():126 Get device mode phone by ui mode:1 and smallestScreenWidthDp:411
2023-02-21 17:33:18.698 4066-4066/? I/DeviceModeUtil: DeviceModeUtil.getDeviceMode():126 Get device mode phone by ui mode:1 and smallestScreenWidthDp:411
2023-02-21 17:33:18.698 4066-4066/? I/DeviceModeUtil: DeviceModeUtil.getDeviceMode():126 Get device mode phone by ui mode:1 and smallestScreenWidthDp:411
2023-02-21 17:33:18.698 4066-4066/? I/DeviceModeUtil: DeviceModeUtil.getDeviceMode():126 Get device mode phone by ui mode:1 and smallestScreenWidthDp:411
2023-02-21 17:33:18.698 4066-4066/? I/GoogleInputMethodService: GoogleInputMethodService.initializeKeyboardTheme():1397 Apply keyboard theme: theme_bottom4dp_stylesheet_noshadow_pgsans_pillkey_silkpopup_materiallight_phone_overlay_builtin_dynamic_color_light_base.binarypb:dynamic-light-fff6f0e7-ffdcc66e-6bfc5ddc4e2d7c3eedf624fa1bafc461_port
2023-02-21 17:33:18.701 1975-2075/? I/LatencyTracker: ACTION_ROTATE_SCREEN latency=151
2023-02-21 17:33:18.705 4066-4066/? I/DictionarySuperpacksManager: DictionarySuperpacksManager$1.onEnabledInputMethodEntriesChanged():60 onEnabledInputMethodEntriesChanged
2023-02-21 17:33:18.705 4066-4066/? I/SuperpacksManagerBase: SuperpacksManagerBase.registerSuperpackManifest():111 registerSuperpackManifest()
2023-02-21 17:33:18.706 4066-4066/? I/SuperpacksManagerBase: SuperpacksManagerBase.getMetadataUriAndVersion():275 getMetadataUriAndVersion() :  2021011204 : https://www.gstatic.com/android/keyboard/hmmpack/2021011204/metadata_2021011204.json
2023-02-21 17:33:18.706 10070-11891/? I/DynamiteLoaderV2Impl: [70] com.google.android.gms.googlecertificates
2023-02-21 17:33:18.707 4066-4066/? I/AbstractOpenableExtension: AbstractOpenableExtension$3.onSuccess():523 KeyboardGroupManager destroyed in cma.
2023-02-21 17:33:18.707 4066-4066/? I/AbstractOpenableExtension: AbstractOpenableExtension$3.onSuccess():523 KeyboardGroupManager destroyed in eag.
2023-02-21 17:33:18.707 4066-4066/? I/AbstractOpenableExtension: AbstractOpenableExtension$3.onSuccess():523 KeyboardGroupManager destroyed in dys.
2023-02-21 17:33:18.708 4066-4066/? I/AbstractOpenableExtension: AbstractOpenableExtension$3.onSuccess():523 KeyboardGroupManager destroyed in dxl.
2023-02-21 17:33:18.708 1975-6148/? D/CoreBackPreview: Window{6e3dcc8 u0 com.google.android.apps.nexuslauncher/com.google.android.apps.nexuslauncher.NexusLauncherActivity}: Setting back callback OnBackInvokedCallbackInfo{mCallback=android.window.IOnBackInvokedCallback$Stub$Proxy@9a8d312, mPriority=0}
2023-02-21 17:33:18.713 4171-4171/? I/GsaVoiceInteractionSrv: Handling ACTION_START_HOTWORD
2023-02-21 17:33:18.713 4171-4885/? I/GsaVoiceInteractionSrv: (REDACTED) disregardVoiceMatch: %b
2023-02-21 17:33:18.713 4171-4885/? I/GsaVoiceInteractionSrv: Cannot start hotword, hotword has been explicitly disabled.
2023-02-21 17:33:18.723 25920-26120/? W/Parcel: Expecting binder but got null!
2023-02-21 17:33:18.724 25920-25920/? I/ContentCaptureHelper: Setting logging level to OFF
2023-02-21 17:33:18.727 1975-6136/? W/InputManager-JNI: Input channel object 'b7db7a7 com.google.android.apps.nexuslauncher/com.google.android.apps.nexuslauncher.NexusLauncherActivity (client)' was disposed without first being removed with the input manager!
2023-02-21 17:33:18.729 3193-3193/? D/b/223498680: Workspace onOverlayScrollChanged DragLayer ALPHA_INDEX_OVERLAY=1.0
2023-02-21 17:33:18.730 718-718/? W/HwcComposer: command 0x4080000 generated error 4
2023-02-21 17:33:18.731 1975-6148/? E/WindowManager: Window Session Crash
    java.lang.IllegalArgumentException: Requested window android.os.BinderProxy@6566866 does not exist
        at com.android.server.wm.WindowManagerService.windowForClientLocked(WindowManagerService.java:5901)
        at com.android.server.wm.WindowManagerService.windowForClientLocked(WindowManagerService.java:5893)
        at com.android.server.wm.WindowManagerService.reportSystemGestureExclusionChanged(WindowManagerService.java:4517)
        at com.android.server.wm.Session.reportSystemGestureExclusionChanged(Session.java:540)
        at android.view.IWindowSession$Stub.onTransact(IWindowSession.java:1105)
        at com.android.server.wm.Session.onTransact(Session.java:175)
        at android.os.Binder.execTransactInternal(Binder.java:1285)
        at android.os.Binder.execTransact(Binder.java:1244)
2023-02-21 17:33:18.731 1975-6148/? W/Binder: Caught a RuntimeException from the binder stub implementation.
    java.lang.IllegalArgumentException: Requested window android.os.BinderProxy@6566866 does not exist
        at com.android.server.wm.WindowManagerService.windowForClientLocked(WindowManagerService.java:5901)
        at com.android.server.wm.WindowManagerService.windowForClientLocked(WindowManagerService.java:5893)
        at com.android.server.wm.WindowManagerService.reportSystemGestureExclusionChanged(WindowManagerService.java:4517)
        at com.android.server.wm.Session.reportSystemGestureExclusionChanged(Session.java:540)
        at android.view.IWindowSession$Stub.onTransact(IWindowSession.java:1105)
        at com.android.server.wm.Session.onTransact(Session.java:175)
        at android.os.Binder.execTransactInternal(Binder.java:1285)
        at android.os.Binder.execTransact(Binder.java:1244)
2023-02-21 17:33:18.733 1975-6148/? W/WindowManager: Failed looking up window session=Session{f66bda1 25920:u0a10117} callers=com.android.server.wm.WindowManagerService.windowForClientLocked:5893 com.android.server.wm.Session.setOnBackInvokedCallbackInfo:943 android.view.IWindowSession$Stub.onTransact:1200
2023-02-21 17:33:18.734 1975-6148/? E/WindowManager: setOnBackInvokedCallback(): No window state for package:com.google.android.googlequicksearchbox
2023-02-21 17:33:18.738 718-775/? W/HwcComposer: command 0x4080000 generated error 4
2023-02-21 17:33:18.748 25920-25920/? I/A: Constructor was called
2023-02-21 17:33:18.749 718-775/? W/HwcComposer: command 0x4080000 generated error 4
2023-02-21 17:33:18.749 25920-25920/? I/A: No savedInstanceState.
2023-02-21 17:33:18.749 25920-25920/? I/A: makeRequest: subscribing to new source
2023-02-21 17:33:18.751 25920-25920/? I/A: OnCreate Was Called
2023-02-21 17:33:18.753 25920-25920/? I/PromoManagerDataService: getMinusOnePromotion
2023-02-21 17:33:18.759 718-775/? W/HwcComposer: command 0x4080000 generated error 4
2023-02-21 17:33:18.762 25920-25920/? I/A: #startAppFlow
2023-02-21 17:33:18.771 718-775/? W/HwcComposer: command 0x4080000 generated error 4
2023-02-21 17:33:18.775 4066-11877/? I/SuperpacksManagerBase: SuperpacksManagerBase.lambda$registerSuperpackManifest$0():128 registerSuperpackManifest(): current 2021011204, required 2021011204
2023-02-21 17:33:18.776 25920-25920/? I/A: #endAppFlow
2023-02-21 17:33:18.776 4066-4506/? I/SP: Registering content_cache.2022052320, url: https://www.gstatic.com/android/keyboard/modelpack/contentcache/202205232034/superpacks_manifest.json, constraints: W:*:*:*, flags: bg, requested: 2022052320, current: 2022052320
2023-02-21 17:33:18.776 25920-25920/? I/PromoManagerDataService: getAccountMenuPromotion
2023-02-21 17:33:18.776 4066-4506/? I/SP: Sync for hmmdictionary succeeded in 327 ms: no changes
2023-02-21 17:33:18.778 4066-4506/? I/SP: GC for 'hmmdictionary' (10) with ttl of 0 ms took 0 ms (0/0/0)
2023-02-21 17:33:18.778 4066-11878/? I/SuperpacksManagerBase: SuperpacksManagerBase$2.onSyncSuccess():186 sync(): complete {old=[zh_CN_2021011204], new=[zh_CN_2021011204], metadata=false, last batch=true}
2023-02-21 17:33:18.778 4066-4506/? I/SP: Registering hmmdictionary.2021011204, url: https://www.gstatic.com/android/keyboard/hmmpack/2021011204/metadata_2021011204.json, constraints: m:*:*:*, flags: bg, requested: 2021011204, current: 2021011204
2023-02-21 17:33:18.779 25920-25991/? I/A: (REDACTED) #enqueuePeriodicJob: running = %b
2023-02-21 17:33:18.781 718-775/? W/HwcComposer: command 0x4080000 generated error 4
2023-02-21 17:33:18.785 25920-25920/? I/A: #accountsLoadedAppFlow
2023-02-21 17:33:18.786 25920-25991/? I/A: (REDACTED) loading data on surface %s.
2023-02-21 17:33:18.788 25920-25920/? E/Tracer: Missing trace
    java.lang.IllegalStateException: Was supposed to have a trace - did you forget to propagate or create one? See http://go/tiktok-tracing for more details.
        at com.google.apps.tiktok.tracing.fp.r(PG:3)
        at com.google.apps.tiktok.tracing.fp.u(PG:2)
        at com.google.apps.tiktok.tracing.fp.a(PG:2)
        at com.google.android.libraries.logging.ve.b.b.i.a(PG:2)
        at com.google.android.libraries.logging.ve.b.b.f.run(PG:1)
        at android.os.Handler.handleCallback(Handler.java:942)
        at android.os.Handler.dispatchMessage(Handler.java:99)
        at android.os.Looper.loopOnce(Looper.java:201)
        at android.os.Looper.loop(Looper.java:288)
        at android.app.ActivityThread.main(ActivityThread.java:7898)
        at java.lang.reflect.Method.invoke(Native Method)
        at com.android.internal.os.RuntimeInit$MethodAndArgsCaller.run(RuntimeInit.java:548)
        at com.android.internal.os.ZygoteInit.main(ZygoteInit.java:936)
2023-02-21 17:33:18.791 25920-25920/? I/A: (REDACTED) onApplyWindowInsets: systemWindowInsets=%s
2023-02-21 17:33:18.791 25920-25920/? I/A: (REDACTED) onApplyWindowInsets: systemWindowInsets=%s
2023-02-21 17:33:18.792 718-775/? W/HwcComposer: command 0x4080000 generated error 4
2023-02-21 17:33:18.796 25920-25920/? I/A: (REDACTED) onApplyWindowInsets: systemWindowInsets=%s
2023-02-21 17:33:18.796 25920-25920/? I/A: (REDACTED) onApplyWindowInsets: systemWindowInsets=%s
2023-02-21 17:33:18.796 2822-4382/? I/OSLOSERVICEPLUGIN: Bridge.java: Weather handler callback
2023-02-21 17:33:18.799 8836-11691/? W/ctxmgr: [AclManager] No 0 for (accnt=account#-517948760#, com.google.pixel.livewallpaper(10108):com.google.pixel.livewallpaper, vrsn=16798000, 3, 3pPkg = null ,  3pMdlId = null ,  pid = 2822 ,  featureId = null). Was: 2 for 31, account#-517948760# [CONTEXT service_id=47 ]
2023-02-21 17:33:18.800 2822-2822/? E/OSLOSERVICEPLUGIN: Bridge.java: Weather request failed: aod: 7503:
2023-02-21 17:33:18.800 25920-25945/? W/A: (REDACTED) Didn't find the session (%s, %s)
2023-02-21 17:33:18.805 25920-25945/? E/Tracer: Missing trace
    java.lang.IllegalStateException: Was supposed to have a trace - did you forget to propagate or create one? See this exception's cause for the last place a trace was missing. See http://go/tiktok-tracing for more details.
        at com.google.apps.tiktok.tracing.fp.r(PG:6)
        at com.google.apps.tiktok.tracing.aj.a(PG:1)
        at com.google.android.libraries.storage.protostore.eg.d(PG:1)
        at com.google.android.libraries.search.a.e.k.d(PG:1)
        at com.google.android.libraries.search.logging.g.s.c(PG:13)
        at com.google.android.libraries.logging.ve.e.c.c(PG:1)
        at com.google.android.libraries.logging.ve.d.b.j.a(PG:18)
        at com.google.android.libraries.logging.b.i.a(PG:1)
        at com.google.android.libraries.logging.b.g.apply(PG:7)
        at com.google.apps.tiktok.tracing.es.apply(PG:2)
        at com.google.common.util.concurrent.h.e(PG:2)
        at com.google.common.util.concurrent.j.run(PG:9)
        at com.google.common.util.concurrent.dq.run(PG:4)
        at com.google.android.libraries.i.af.run(PG:1)
        at com.google.android.libraries.i.an.run(PG:23)
        at com.google.android.libraries.i.l.run(PG:2)
        at com.google.android.libraries.i.q.run(PG:4)
        at java.lang.Thread.run(Thread.java:1012)
     Caused by: com.google.apps.tiktok.tracing.x
        at com.google.apps.tiktok.tracing.ao.<init>(PG:5)
        at com.google.apps.tiktok.tracing.fp.u(PG:3)
        at com.google.apps.tiktok.tracing.fp.a(PG:2)
        at com.google.android.libraries.logging.ve.b.b.i.a(PG:2)
        at com.google.android.libraries.logging.ve.b.b.f.run(PG:1)
        at android.os.Handler.handleCallback(Handler.java:942)
        at android.os.Handler.dispatchMessage(Handler.java:99)
        at android.os.Looper.loopOnce(Looper.java:201)
        at android.os.Looper.loop(Looper.java:288)
        at android.app.ActivityThread.main(ActivityThread.java:7898)
        at java.lang.reflect.Method.invoke(Native Method)
        at com.android.internal.os.RuntimeInit$MethodAndArgsCaller.run(RuntimeInit.java:548)
        at com.android.internal.os.ZygoteInit.main(ZygoteInit.java:936)
2023-02-21 17:33:18.806 25920-25953/? E/Tracer: Missing trace
    java.lang.IllegalStateException: Was supposed to have a trace - did you forget to propagate or create one? See this exception's cause for the last place a trace was missing. See http://go/tiktok-tracing for more details.
        at com.google.apps.tiktok.tracing.fp.r(PG:6)
        at com.google.apps.tiktok.tracing.aj.a(PG:1)
        at com.google.android.libraries.storage.protostore.eg.d(PG:1)
        at com.google.apps.tiktok.account.data.manager.ag.d(PG:1)
        at com.google.apps.tiktok.account.data.g.c(PG:1)
        at com.google.apps.tiktok.account.data.az.c(PG:1)
        at com.google.apps.tiktok.account.a.i.a(PG:13)
        at com.google.android.libraries.logging.b.b.a(PG:3)
        at com.google.apps.tiktok.tracing.eq.a(PG:2)
        at com.google.common.util.concurrent.dz.a(PG:1)
        at com.google.common.util.concurrent.cw.run(PG:4)
        at com.google.common.util.concurrent.eb.run(PG:1)
        at com.google.android.libraries.i.af.run(PG:1)
        at com.google.android.libraries.i.an.run(PG:23)
        at com.google.android.libraries.i.l.run(PG:2)
        at com.google.android.libraries.i.q.run(PG:4)
        at java.lang.Thread.run(Thread.java:1012)
     Caused by: com.google.apps.tiktok.tracing.x
        at com.google.apps.tiktok.tracing.ao.<init>(PG:5)
        at com.google.apps.tiktok.tracing.fp.u(PG:3)
        at com.google.apps.tiktok.tracing.fp.a(PG:2)
        at com.google.android.libraries.logging.ve.b.b.i.a(PG:2)
        at com.google.android.libraries.logging.ve.b.b.f.run(PG:1)
        at android.os.Handler.handleCallback(Handler.java:942)
        at android.os.Handler.dispatchMessage(Handler.java:99)
        at android.os.Looper.loopOnce(Looper.java:201)
        at android.os.Looper.loop(Looper.java:288)
        at android.app.ActivityThread.main(ActivityThread.java:7898)
        at java.lang.reflect.Method.invoke(Native Method)
        at com.android.internal.os.RuntimeInit$MethodAndArgsCaller.run(RuntimeInit.java:548)
        at com.android.internal.os.ZygoteInit.main(ZygoteInit.java:936)
2023-02-21 17:33:18.807 718-718/? W/HwcComposer: command 0x4080000 generated error 4
2023-02-21 17:33:18.807 718-718/? W/HwcComposer: command 0x4080000 generated error 4
2023-02-21 17:33:18.807 718-718/? W/HwcComposer: command 0x4080000 generated error 4
2023-02-21 17:33:18.807 718-718/? W/HwcComposer: command 0x4080000 generated error 4
2023-02-21 17:33:18.807 718-718/? W/HwcComposer: command 0x4080000 generated error 4
2023-02-21 17:33:18.809 1975-6148/? E/AppOps: Bad call made by uid 10197. Package "com.google.android.gms" does not belong to uid 10197.
2023-02-21 17:33:18.813 1975-6148/? E/AppOps: Bad call made by uid 10197. Package "com.google.android.gms" does not belong to uid 10197.
2023-02-21 17:33:18.816 1975-6148/? E/AppOps: Bad call made by uid 10197. Package "com.google.android.gms" does not belong to uid 10197.
2023-02-21 17:33:18.816 718-775/? W/HwcComposer: command 0x4080000 generated error 4
2023-02-21 17:33:18.816 718-775/? W/HwcComposer: command 0x4080000 generated error 4
2023-02-21 17:33:18.816 718-775/? W/HwcComposer: command 0x4080000 generated error 4
2023-02-21 17:33:18.816 718-775/? W/HwcComposer: command 0x4080000 generated error 4
2023-02-21 17:33:18.816 718-775/? W/HwcComposer: command 0x4080000 generated error 4
2023-02-21 17:33:18.817 4139-4139/? W/ContentCaptureService: handleSendEvents() received empty list of events
2023-02-21 17:33:18.819 4066-11883/? I/HmmDataFacilitator: HmmDataFacilitator.setDownloadedPacks():430 Opening pack for language zh_CN
2023-02-21 17:33:18.819 25920-25945/? W/A: (REDACTED) Didn't find the session (%s, %s)
2023-02-21 17:33:18.821 4066-4506/? I/SP: Sync for content_cache succeeded in 145 ms: no changes
2023-02-21 17:33:18.822 4066-4506/? I/SP: GC for 'content_cache' (10) with ttl of 0 ms took 1 ms (0/1/0)
2023-02-21 17:33:18.823 4066-4506/? I/SP: Syncing content_cache (2022052320) with slices: [146938679d8a79c40dfa474830396eab, 8722425f4121ffdea802b1066df73991, fa1da98da1212aad6fb9a8efaff48148], metadata: true
2023-02-21 17:33:18.827 718-775/? W/HwcComposer: command 0x4080000 generated error 4
2023-02-21 17:33:18.827 718-775/? W/HwcComposer: command 0x4080000 generated error 4
2023-02-21 17:33:18.827 718-775/? W/HwcComposer: command 0x4080000 generated error 4
2023-02-21 17:33:18.827 718-775/? W/HwcComposer: command 0x4080000 generated error 4
2023-02-21 17:33:18.827 718-775/? W/HwcComposer: command 0x4080000 generated error 4
2023-02-21 17:33:18.829 25920-25966/? I/A: (REDACTED) Created StreamSubTree successfully, items %s
2023-02-21 17:33:18.829 25920-25966/? I/A: (REDACTED) RenderableStreamDataSource#loadData - sessionStatus(%s)
2023-02-21 17:33:18.830 25920-25966/? I/A: RenderableStreamDataSource#loadData - cacheHit
2023-02-21 17:33:18.831 25920-25966/? I/A: (REDACTED) RenderableStreamDataSource#loadData - succeed, cache status: %s
2023-02-21 17:33:18.832 25920-25920/? I/A: (REDACTED) StreamFragmentPeer#onNewData called, renderable slices %s
2023-02-21 17:33:18.838 718-718/? W/HwcComposer: command 0x4080000 generated error 4
2023-02-21 17:33:18.838 718-718/? W/HwcComposer: command 0x4080000 generated error 4
2023-02-21 17:33:18.838 718-718/? W/HwcComposer: command 0x4080000 generated error 4
2023-02-21 17:33:18.838 718-718/? W/HwcComposer: command 0x4080000 generated error 4
2023-02-21 17:33:18.846 25920-25928/? W/earchbox:search: Reducing the number of considered missed Gc histogram windows from 205 to 100
2023-02-21 17:33:18.849 718-775/? W/HwcComposer: command 0x4080000 generated error 4
2023-02-21 17:33:18.849 718-775/? W/HwcComposer: command 0x4080000 generated error 4
2023-02-21 17:33:18.849 718-775/? W/HwcComposer: command 0x4080000 generated error 4
2023-02-21 17:33:18.849 718-775/? W/HwcComposer: command 0x4080000 generated error 4
2023-02-21 17:33:18.855 1975-6148/? E/AppOps: Bad call made by uid 10197. Package "com.google.android.gms" does not belong to uid 10197.
2023-02-21 17:33:18.859 1975-5029/? E/AppOps: Bad call made by uid 10197. Package "com.google.android.gms" does not belong to uid 10197.
2023-02-21 17:33:18.860 718-775/? W/HwcComposer: command 0x4080000 generated error 4
2023-02-21 17:33:18.860 718-775/? W/HwcComposer: command 0x4080000 generated error 4
2023-02-21 17:33:18.860 718-775/? W/HwcComposer: command 0x4080000 generated error 4
2023-02-21 17:33:18.860 718-775/? W/HwcComposer: command 0x4080000 generated error 4
2023-02-21 17:33:18.868 4066-4506/? I/DictionarySlicingStrategy: DictionarySlicingStrategy.getSlices():78 getSlices(): hmmdictionary.2021011204
2023-02-21 17:33:18.868 4066-4506/? I/DictionarySlicingStrategy: DictionarySlicingStrategy.getSlices():108 getSlices(): result {slices=[hmmdictionary:zh_CN_2021011204], last batch=true, sync metadata=false}
2023-02-21 17:33:18.869 4066-4506/? I/SP: Syncing hmmdictionary (2021011204) with slices: [zh_CN_2021011204], metadata: false
2023-02-21 17:33:18.871 1975-5029/? E/AppOps: Bad call made by uid 10197. Package "com.google.android.gms" does not belong to uid 10197.
2023-02-21 17:33:18.872 718-775/? W/HwcComposer: command 0x4080000 generated error 4
2023-02-21 17:33:18.872 718-775/? W/HwcComposer: command 0x4080000 generated error 4
2023-02-21 17:33:18.872 718-775/? W/HwcComposer: command 0x4080000 generated error 4
2023-02-21 17:33:18.872 718-775/? W/HwcComposer: command 0x4080000 generated error 4
2023-02-21 17:33:18.874 1975-5029/? E/AppOps: Bad call made by uid 10197. Package "com.google.android.gms" does not belong to uid 10197.
2023-02-21 17:33:18.877 1975-5029/? E/AppOps: Bad call made by uid 10197. Package "com.google.android.gms" does not belong to uid 10197.
2023-02-21 17:33:18.882 718-775/? W/HwcComposer: command 0x4080000 generated error 4
2023-02-21 17:33:18.882 718-775/? W/HwcComposer: command 0x4080000 generated error 4
2023-02-21 17:33:18.882 718-775/? W/HwcComposer: command 0x4080000 generated error 4
2023-02-21 17:33:18.882 718-775/? W/HwcComposer: command 0x4080000 generated error 4
2023-02-21 17:33:18.885 1975-5029/? E/AppOps: Bad call made by uid 10197. Package "com.google.android.gms" does not belong to uid 10197.
2023-02-21 17:33:18.886 1975-5029/? E/AppOps: Bad call made by uid 10197. Package "com.google.android.gms" does not belong to uid 10197.
2023-02-21 17:33:18.893 718-775/? W/HwcComposer: command 0x4080000 generated error 4
2023-02-21 17:33:18.893 718-775/? W/HwcComposer: command 0x4080000 generated error 4
2023-02-21 17:33:18.893 718-775/? W/HwcComposer: command 0x4080000 generated error 4
2023-02-21 17:33:18.893 718-775/? W/HwcComposer: command 0x4080000 generated error 4
2023-02-21 17:33:18.901 1975-2088/? I/DropBoxManagerService: add tag=system_server_wtf isTagEnabled=true flags=0x6
2023-02-21 17:33:18.905 718-775/? W/HwcComposer: command 0x4080000 generated error 4
2023-02-21 17:33:18.905 718-775/? W/HwcComposer: command 0x4080000 generated error 4
2023-02-21 17:33:18.905 718-775/? W/HwcComposer: command 0x4080000 generated error 4
2023-02-21 17:33:18.905 718-775/? W/HwcComposer: command 0x4080000 generated error 4
2023-02-21 17:33:18.909 2822-4382/? I/OSLOSERVICEPLUGIN: Bridge.java: Weather handler callback
2023-02-21 17:33:18.911 8836-11691/? W/ctxmgr: [AclManager] No 0 for (accnt=account#-517948760#, com.google.pixel.livewallpaper(10108):com.google.pixel.livewallpaper, vrsn=16798000, 3, 3pPkg = null ,  3pMdlId = null ,  pid = 2822 ,  featureId = null). Was: 2 for 31, account#-517948760# [CONTEXT service_id=47 ]
2023-02-21 17:33:18.911 2822-2822/? E/OSLOSERVICEPLUGIN: Bridge.java: Weather request failed: aod: 7503:
2023-02-21 17:33:18.915 718-775/? W/HwcComposer: command 0x4080000 generated error 4
2023-02-21 17:33:18.915 718-775/? W/HwcComposer: command 0x4080000 generated error 4
2023-02-21 17:33:18.915 718-775/? W/HwcComposer: command 0x4080000 generated error 4
2023-02-21 17:33:18.915 718-775/? W/HwcComposer: command 0x4080000 generated error 4
2023-02-21 17:33:18.922 25920-25920/? W/View: requestLayout() improperly called by android.widget.FrameLayout{99c71e5 V.E...... ......ID 0,0-1440,700 #7f0b11bb app:id/googleapp_discover_header_container} during layout: running second layout pass
2023-02-21 17:33:18.927 718-775/? W/HwcComposer: command 0x4080000 generated error 4
2023-02-21 17:33:18.927 718-775/? W/HwcComposer: command 0x4080000 generated error 4
2023-02-21 17:33:18.927 718-775/? W/HwcComposer: command 0x4080000 generated error 4
2023-02-21 17:33:18.927 718-775/? W/HwcComposer: command 0x4080000 generated error 4
2023-02-21 17:33:18.938 718-775/? W/HwcComposer: command 0x4080000 generated error 4
2023-02-21 17:33:18.938 718-775/? W/HwcComposer: command 0x4080000 generated error 4
2023-02-21 17:33:18.938 718-775/? W/HwcComposer: command 0x4080000 generated error 4
2023-02-21 17:33:18.938 718-775/? W/HwcComposer: command 0x4080000 generated error 4
2023-02-21 17:33:18.938 4066-4506/? I/SP: Sync for content_cache succeeded in 117 ms: no changes
2023-02-21 17:33:18.939 4066-4506/? I/SP: GC for 'content_cache' (10) with ttl of 0 ms took 1 ms (0/1/0)
2023-02-21 17:33:18.949 718-775/? W/HwcComposer: command 0x4080000 generated error 4
2023-02-21 17:33:18.949 718-775/? W/HwcComposer: command 0x4080000 generated error 4
2023-02-21 17:33:18.949 718-775/? W/HwcComposer: command 0x4080000 generated error 4
2023-02-21 17:33:18.949 718-775/? W/HwcComposer: command 0x4080000 generated error 4
2023-02-21 17:33:18.950 1640-2748/? D/BufferPoolAccessor2.0: evictor expired: 2, evicted: 0
2023-02-21 17:33:18.959 718-775/? W/HwcComposer: command 0x4080000 generated error 4
2023-02-21 17:33:18.959 718-775/? W/HwcComposer: command 0x4080000 generated error 4
2023-02-21 17:33:18.959 718-775/? W/HwcComposer: command 0x4080000 generated error 4
2023-02-21 17:33:18.959 718-775/? W/HwcComposer: command 0x4080000 generated error 4
2023-02-21 17:33:18.963 4066-4506/? I/SP: Sync for hmmdictionary succeeded in 96 ms: no changes
2023-02-21 17:33:18.963 4066-4506/? I/SP: GC for 'hmmdictionary' (10) with ttl of 0 ms took 0 ms (0/0/0)
2023-02-21 17:33:18.963 4066-11879/? I/SuperpacksManagerBase: SuperpacksManagerBase$2.onSyncSuccess():186 sync(): complete {old=[zh_CN_2021011204], new=[zh_CN_2021011204], metadata=false, last batch=true}
2023-02-21 17:33:18.965 4066-11877/? I/HmmDataFacilitator: HmmDataFacilitator.setDownloadedPacks():430 Opening pack for language zh_CN
2023-02-21 17:33:18.971 718-775/? W/HwcComposer: command 0x4080000 generated error 4
2023-02-21 17:33:18.971 718-775/? W/HwcComposer: command 0x4080000 generated error 4
2023-02-21 17:33:18.971 718-775/? W/HwcComposer: command 0x4080000 generated error 4
2023-02-21 17:33:18.971 718-775/? W/HwcComposer: command 0x4080000 generated error 4
2023-02-21 17:33:18.982 718-775/? W/HwcComposer: command 0x4080000 generated error 4
2023-02-21 17:33:18.982 718-775/? W/HwcComposer: command 0x4080000 generated error 4
2023-02-21 17:33:18.982 718-775/? W/HwcComposer: command 0x4080000 generated error 4
2023-02-21 17:33:18.982 718-775/? W/HwcComposer: command 0x4080000 generated error 4
2023-02-21 17:33:18.994 718-775/? W/HwcComposer: command 0x4080000 generated error 4
2023-02-21 17:33:18.994 718-775/? W/HwcComposer: command 0x4080000 generated error 4
2023-02-21 17:33:18.994 718-775/? W/HwcComposer: command 0x4080000 generated error 4
2023-02-21 17:33:18.994 718-775/? W/HwcComposer: command 0x4080000 generated error 4
2023-02-21 17:33:19.024 6709-6718/? W/:filedownloader: Reducing the number of considered missed Gc histogram windows from 240 to 100
2023-02-21 17:33:19.027 2822-4382/? I/OSLOSERVICEPLUGIN: Bridge.java: Weather handler callback
2023-02-21 17:33:19.029 8836-11609/? W/ctxmgr: [AclManager] No 0 for (accnt=account#-517948760#, com.google.pixel.livewallpaper(10108):com.google.pixel.livewallpaper, vrsn=16798000, 3, 3pPkg = null ,  3pMdlId = null ,  pid = 2822 ,  featureId = null). Was: 2 for 31, account#-517948760# [CONTEXT service_id=47 ]
2023-02-21 17:33:19.030 2822-2822/? E/OSLOSERVICEPLUGIN: Bridge.java: Weather request failed: aod: 7503:
2023-02-21 17:33:19.146 2822-4382/? I/OSLOSERVICEPLUGIN: Bridge.java: Weather handler callback
2023-02-21 17:33:19.152 8836-11609/? W/ctxmgr: [AclManager] No 0 for (accnt=account#-517948760#, com.google.pixel.livewallpaper(10108):com.google.pixel.livewallpaper, vrsn=16798000, 3, 3pPkg = null ,  3pMdlId = null ,  pid = 2822 ,  featureId = null). Was: 2 for 31, account#-517948760# [CONTEXT service_id=47 ]
2023-02-21 17:33:19.153 2822-2822/? E/OSLOSERVICEPLUGIN: Bridge.java: Weather request failed: aod: 7503:
2023-02-21 17:33:19.176 2976-3897/? D/QCNEJ/WlanStaInfoRelay: Received action: android.net.wifi.RSSI_CHANGED
2023-02-21 17:33:19.181 3686-3715/? D/DeviceStateHelper: Wifi freq: 5180
2023-02-21 17:33:19.188 8836-8851/? I/ChimeraSrvcProxy: NullBinder for android.net.action.RECOMMEND_NETWORKS triggering remote TransactionTooLargeException due to Service without Chimera impl
2023-02-21 17:33:19.188 8836-8851/? W/.gms.persistent: Large reply transaction of 1056768 bytes, interface descriptor , code 1
2023-02-21 17:33:19.192 16310-16357/? I/CarrierServices: [48] cfy.c: Connected state: [1], networkType: [WIFI]
2023-02-21 17:33:19.192 3022-3567/? E/PhoneInterfaceManager: [PhoneIntfMgr] getCarrierPrivilegeStatusForUid: Invalid subId
2023-02-21 17:33:19.200 16310-16356/? I/CarrierServices: [47] cvv.f: No RCS Configuration was found in Bugle for simID: redacted-pii:sim_id[chars:12]
2023-02-21 17:33:19.201 1975-2591/? D/ConnectivityService: NetReassign [no changes] [c 0] [a 0] [i 11]
2023-02-21 17:33:19.266 2822-4382/? I/OSLOSERVICEPLUGIN: Bridge.java: Weather handler callback
2023-02-21 17:33:19.270 8836-11691/? W/ctxmgr: [AclManager] No 0 for (accnt=account#-517948760#, com.google.pixel.livewallpaper(10108):com.google.pixel.livewallpaper, vrsn=16798000, 3, 3pPkg = null ,  3pMdlId = null ,  pid = 2822 ,  featureId = null). Was: 2 for 31, account#-517948760# [CONTEXT service_id=47 ]
2023-02-21 17:33:19.271 2822-2822/? E/OSLOSERVICEPLUGIN: Bridge.java: Weather request failed: aod: 7503:
2023-02-21 17:33:19.385 2822-4382/? I/OSLOSERVICEPLUGIN: Bridge.java: Weather handler callback
2023-02-21 17:33:19.388 8836-11609/? W/ctxmgr: [AclManager] No 0 for (accnt=account#-517948760#, com.google.pixel.livewallpaper(10108):com.google.pixel.livewallpaper, vrsn=16798000, 3, 3pPkg = null ,  3pMdlId = null ,  pid = 2822 ,  featureId = null). Was: 2 for 31, account#-517948760# [CONTEXT service_id=47 ]
2023-02-21 17:33:19.389 2822-2822/? E/OSLOSERVICEPLUGIN: Bridge.java: Weather request failed: aod: 7503:
2023-02-21 17:33:19.445 1975-2205/? D/DisplayWhiteBalanceController: Display cct: 6757.7183 Latest ambient cct: 6794.929 Latest ambient lux: 77.64019 Latest low light bias: 1.0 Latest high light bias: 0.0
2023-02-21 17:33:19.445 1975-2205/? D/ColorDisplayService: setDisplayWhiteBalanceTemperatureMatrix: cct = 6757 matrix =
           0.973334-0.000452 0.000108 0.000000 0.015257 0.951604 0.000304 0.000000 0.000255-0.000901 0.999588 0.000000 0.000000 0.000000 0.000000 1.000000
2023-02-21 17:33:19.446 1975-2074/? D/ColorDisplayService: DisplayWhiteBalanceTintController Animation cancelled: true to matrix:
           0.973334-0.000452 0.000108 0.000000 0.015257 0.951604 0.000304 0.000000 0.000255-0.000901 0.999588 0.000000 0.000000 0.000000 0.000000 1.000000 min matrix coefficients:
           0.940168-0.000331 0.000210 0.000000 0.009989 0.925935 0.000472 0.000000 0.000118-0.001377 0.999246 0.000000 0.000000 0.000000 0.000000 1.000000 max matrix coefficients:
           0.947160 0.000000 0.000238 0.000000 0.011084 0.931370 0.000517 0.000000 0.000146 0.000000 0.999318 0.000000 0.000000 0.000000 0.000000 1.000000
2023-02-21 17:33:19.489 2822-4382/? I/OSLOSERVICEPLUGIN: Bridge.java: Weather handler callback
2023-02-21 17:33:19.493 8836-11691/? W/ctxmgr: [AclManager] No 0 for (accnt=account#-517948760#, com.google.pixel.livewallpaper(10108):com.google.pixel.livewallpaper, vrsn=16798000, 3, 3pPkg = null ,  3pMdlId = null ,  pid = 2822 ,  featureId = null). Was: 2 for 31, account#-517948760# [CONTEXT service_id=47 ]
2023-02-21 17:33:19.493 2822-2822/? E/OSLOSERVICEPLUGIN: Bridge.java: Weather request failed: aod: 7503:
2023-02-21 17:33:19.610 2822-4382/? I/OSLOSERVICEPLUGIN: Bridge.java: Weather handler callback
2023-02-21 17:33:19.614 8836-11609/? W/ctxmgr: [AclManager] No 0 for (accnt=account#-517948760#, com.google.pixel.livewallpaper(10108):com.google.pixel.livewallpaper, vrsn=16798000, 3, 3pPkg = null ,  3pMdlId = null ,  pid = 2822 ,  featureId = null). Was: 2 for 31, account#-517948760# [CONTEXT service_id=47 ]
2023-02-21 17:33:19.615 2822-2822/? E/OSLOSERVICEPLUGIN: Bridge.java: Weather request failed: aod: 7503:
2023-02-21 17:33:19.675 1380-1483/? D/VSC: @ 114841.100: [WO] Proposed rotation: 4, flat angle threshold: 65
2023-02-21 17:33:19.675 1380-1483/? D/VSC: @ 114841.100: [WO] orientation angle 357, orientation 4
2023-02-21 17:33:19.675 1380-1483/? D/VSC: @ 114841.100: [WO] Gyro angle integrated: 367.727569
2023-02-21 17:33:19.675 1380-1483/? D/VSC: @ 114841.100: [WO] Gyro angle integrated: 367.727569
2023-02-21 17:33:19.675 1380-1483/? D/VSC: @ 114841.100: [WO] Rejected by swing_time. Last detected 343 ms ago.
2023-02-21 17:33:19.694 1380-1483/? I/CHRE: @ 114841.119: [AR] inconsistent: 41.176471
2023-02-21 17:33:19.731 2822-4382/? I/OSLOSERVICEPLUGIN: Bridge.java: Weather handler callback
2023-02-21 17:33:19.736 8836-11691/? W/ctxmgr: [AclManager] No 0 for (accnt=account#-517948760#, com.google.pixel.livewallpaper(10108):com.google.pixel.livewallpaper, vrsn=16798000, 3, 3pPkg = null ,  3pMdlId = null ,  pid = 2822 ,  featureId = null). Was: 2 for 31, account#-517948760# [CONTEXT service_id=47 ]
2023-02-21 17:33:19.737 2822-2822/? E/OSLOSERVICEPLUGIN: Bridge.java: Weather request failed: aod: 7503:
2023-02-21 17:33:19.737 2822-2822/? I/OSLOSERVICEPLUGIN: Bridge.java: Failed to get the weather. Retrying...
2023-02-21 17:33:19.852 2822-4382/? I/OSLOSERVICEPLUGIN: Bridge.java: Weather handler callback
2023-02-21 17:33:19.859 8836-11609/? W/ctxmgr: [AclManager] No 0 for (accnt=account#-517948760#, com.google.pixel.livewallpaper(10108):com.google.pixel.livewallpaper, vrsn=16798000, 3, 3pPkg = null ,  3pMdlId = null ,  pid = 2822 ,  featureId = null). Was: 2 for 31, account#-517948760# [CONTEXT service_id=47 ]
2023-02-21 17:33:19.860 2822-2822/? E/OSLOSERVICEPLUGIN: Bridge.java: Weather request failed: aod: 7503:
2023-02-21 17:33:20.541 1380-1483/? D/VSC: @ 114841.967: [WO] Change detected: previous_rotation: 0, proposed_rotation: 3
2023-02-21 17:33:20.541 1380-1483/? D/VSC: @ 114841.967: [WO] Last acceleration 3106 ms ago > threshold.
2023-02-21 17:33:20.541 1380-1483/? D/VSC: @ 114841.967: [WO] z-axis rotation: 1
2023-02-21 17:33:20.541 1380-1483/? D/VSC: @ 114841.967: [WO] Last flat 1726132 ms ago > threshold.
2023-02-21 17:33:20.541 1380-1483/? D/VSC: @ 114841.967: [WO] Last swinging 1143 ms ago > threshold.
2023-02-21 17:33:20.541 1380-1483/? D/VSC: @ 114841.967: [WO] Tilt angle -15 Orientation angle 295
2023-02-21 17:33:20.563 1975-2072/? W/ImageReader_JNI: Unable to acquire a buffer item, very likely client tried to acquire more than maxImages buffers
2023-02-21 17:33:20.571 1975-2074/? I/ActivityTaskManager: Config changes=20000480 {1.0 ?mcc?mnc [zh_CN_#Hans,uz_AF_#Arab_u-nu-latn,si_LK,ug_CN,en_US,ja_JP,tr_TR,en_XA,pa_PK_#Arab,ii_CN] ldltr sw411dp w868dp h359dp 560dpi nrml long hdr widecg land finger -keyb/v/h -nav/h winConfig={ mBounds=Rect(0, 0 - 3040, 1440) mAppBounds=Rect(0, 0 - 3040, 1356) mMaxBounds=Rect(0, 0 - 3040, 1440) mDisplayRotation=ROTATION_270 mWindowingMode=fullscreen mDisplayWindowingMode=fullscreen mActivityType=undefined mAlwaysOnTop=undefined mRotation=ROTATION_270} s.964 fontWeightAdjustment=0}
2023-02-21 17:33:20.574 1975-2074/? I/WindowManager: Override config changes=20000480 {1.0 ?mcc?mnc [zh_CN_#Hans,uz_AF_#Arab_u-nu-latn,si_LK,ug_CN,en_US,ja_JP,tr_TR,en_XA,pa_PK_#Arab,ii_CN] ldltr sw411dp w868dp h359dp 560dpi nrml long hdr widecg land finger -keyb/v/h -nav/h winConfig={ mBounds=Rect(0, 0 - 3040, 1440) mAppBounds=Rect(0, 0 - 3040, 1356) mMaxBounds=Rect(0, 0 - 3040, 1440) mDisplayRotation=ROTATION_270 mWindowingMode=fullscreen mDisplayWindowingMode=fullscreen mActivityType=undefined mAlwaysOnTop=undefined mRotation=ROTATION_270} s.964 fontWeightAdjustment=0} for displayId=0
2023-02-21 17:33:20.583 2822-2822/? I/Unity Wallpaper Service: onConfigurationChanged
2023-02-21 17:33:20.583 2822-2822/? I/Unity Wallpaper Service: onConfigurationChanged
2023-02-21 17:33:20.583 1975-2074/? I/InputManager-JNI: Viewport [0] to add: local:4630946523002478721, isActive: true
2023-02-21 17:33:20.584 1975-2527/? I/InputReader: Reconfiguring input devices, changes=DISPLAY_INFO |
2023-02-21 17:33:20.585 1354-4887/? D/audio_hw_primary: adev_set_parameters: enter: rotation=270
2023-02-21 17:33:20.585 1354-4887/? D/a2dp_offload: end of a2dp setparam
2023-02-21 17:33:20.588 4066-4066/? I/DeviceModeUtil: DeviceModeUtil.getDeviceMode():126 Get device mode phone by ui mode:1 and smallestScreenWidthDp:411
2023-02-21 17:33:20.588 3193-3193/? D/b/211775278: displayId: local:4630946523002478721, currentSize: Point(3040, 1440)
2023-02-21 17:33:20.588 3193-3193/? D/b/211775278: perDisplayBounds: {local:4630946523002478721=Pair{CachedDisplayInfo{id='local:4630946523002478721', size=Point(1440, 3040), rotation=0, cutout=Rect(0, 0 - 0, 0)} [Lcom.android.launcher3.util.WindowBounds;@5969b25}}
2023-02-21 17:33:20.589 2822-2822/? I/Unity Wallpaper Service: onSurfaceChanged: 87737505
2023-02-21 17:33:20.589 2822-2822/? I/Unity Player Wrapper: Update Surface: 87737505
2023-02-21 17:33:20.589 2822-2822/? W/Unity: Not running Unity from an Activity; ignored...
2023-02-21 17:33:20.589 2822-4382/? I/Unity: RenderSettingsManager.cs_OnDisplayChanged(81): DisplayChanged width: 3040	height: 1440
2023-02-21 17:33:20.593 25920-25920/? I/A: (REDACTED) onApplyWindowInsets: systemWindowInsets=%s
2023-02-21 17:33:20.593 25920-25920/? I/A: (REDACTED) onApplyWindowInsets: systemWindowInsets=%s
2023-02-21 17:33:20.596 3193-3193/? D/b/223498680: BaseRecentsViewStateController setState state=AllApps, alpha=0.0
2023-02-21 17:33:20.596 3193-3193/? D/KeyboardInsetsHandler: Skipping input stage switch to 3, already at 3
2023-02-21 17:33:20.597 4066-4066/? W/GoogleInputMethodService: GoogleInputMethodService.onConfigurationChanged():1611 onConfigurationChanged() : NewConfig = {1.0 ?mcc?mnc [zh_CN_#Hans,uz_AF_#Arab_u-nu-latn,si_LK,ug_CN,en_US,ja_JP,tr_TR,en_XA,pa_PK_#Arab,ii_CN] ldltr sw411dp w868dp h359dp 560dpi nrml long hdr widecg land finger -keyb/v/h -nav/h winConfig={ mBounds=Rect(0, 0 - 3040, 1440) mAppBounds=Rect(0, 0 - 3040, 1356) mMaxBounds=Rect(0, 0 - 3040, 1440) mDisplayRotation=ROTATION_270 mWindowingMode=fullscreen mDisplayWindowingMode=fullscreen mActivityType=undefined mAlwaysOnTop=undefined mRotation=ROTATION_270} s.964 fontWeightAdjustment=0}
2023-02-21 17:33:20.598 4066-4066/? I/AbstractOpenableExtension: AbstractOpenableExtension.maybeDestroyExistingKeyboardGroupManager():510 Destroy existing keyboard group manager in cma
2023-02-21 17:33:20.598 4066-4066/? I/AbstractOpenableExtension: AbstractOpenableExtension.createKeyboardGroupManagerListenableFuture():122 Create keyboard group manager listenable future in cma
2023-02-21 17:33:20.599 4066-11878/? I/KeyboardGroupDefParser: KeyboardGroupDefParser.parseKeyboardGroupDef():87 parseKeyboardGroupDef() 2132214027 -> 0_resource_name_obfuscated : WaitTime = 0 ms : RunTime = 1 ms
2023-02-21 17:33:20.599 4066-4066/? I/AbstractOpenableExtension: AbstractOpenableExtension.maybeDestroyExistingKeyboardGroupManager():510 Destroy existing keyboard group manager in eag
2023-02-21 17:33:20.599 4066-4066/? I/AbstractOpenableExtension: AbstractOpenableExtension.createKeyboardGroupManagerListenableFuture():122 Create keyboard group manager listenable future in eag
2023-02-21 17:33:20.599 4066-4066/? I/AbstractOpenableExtension: AbstractOpenableExtension.maybeDestroyExistingKeyboardGroupManager():510 Destroy existing keyboard group manager in dys
2023-02-21 17:33:20.599 4066-4066/? I/AbstractOpenableExtension: AbstractOpenableExtension.createKeyboardGroupManagerListenableFuture():122 Create keyboard group manager listenable future in dys
2023-02-21 17:33:20.600 1975-3232/? I/WindowManager: finishDrawing of orientation change: Window{a122915 u0 com.google.pixel.livewallpaper.pokemon.wallpapers.PokemonWallpaper} 18ms
2023-02-21 17:33:20.600 3193-3193/? W/BcSmartspaceView: Unable to register Doze Always on content observer.
    java.lang.SecurityException: No access to content://settings/secure/doze_always_on: Neither user 10157 nor current process has android.permission.INTERACT_ACROSS_USERS_FULL.
        at android.os.Parcel.createExceptionOrNull(Parcel.java:3011)
        at android.os.Parcel.createException(Parcel.java:2995)
        at android.os.Parcel.readException(Parcel.java:2978)
        at android.os.Parcel.readException(Parcel.java:2920)
        at android.content.IContentService$Stub$Proxy.registerContentObserver(IContentService.java:1032)
        at android.content.ContentResolver.registerContentObserver(ContentResolver.java:2712)
        at com.google.android.systemui.smartspace.BcSmartspaceView.onAttachedToWindow(Unknown Source:46)
        at android.view.View.dispatchAttachedToWindow(View.java:21291)
        at android.view.ViewGroup.dispatchAttachedToWindow(ViewGroup.java:3491)
        at android.view.ViewGroup.dispatchAttachedToWindow(ViewGroup.java:3498)
        at android.view.ViewGroup.addViewInner(ViewGroup.java:5291)
        at android.view.ViewGroup.addView(ViewGroup.java:5077)
2023-02-21 17:33:20.600 3193-3193/? W/BcSmartspaceView:     at com.android.internal.os.ZygoteInit.main(ZygoteInit.java:936)
     Caused by: android.os.RemoteException: Remote stack trace:
        at android.app.ContextImpl.enforce(ContextImpl.java:2240)
        at android.app.ContextImpl.enforceCallingOrSelfPermission(ContextImpl.java:2268)
        at com.android.server.content.ContentService.handleIncomingUser(ContentService.java:1397)
        at com.android.server.content.ContentService.registerContentObserver(ContentService.java:369)
        at android.content.IContentService$Stub.onTransact(IContentService.java:486)
2023-02-21 17:33:20.600 4066-11883/? I/KeyboardGroupDefParser: KeyboardGroupDefParser.parseKeyboardGroupDef():87 parseKeyboardGroupDef() 2132214028 -> 0_resource_name_obfuscated : WaitTime = 0 ms : RunTime = 1 ms
2023-02-21 17:33:20.601 4066-11880/? I/KeyboardGroupDefParser: KeyboardGroupDefParser.parseKeyboardGroupDef():87 parseKeyboardGroupDef() 2132214022 -> 0_resource_name_obfuscated : WaitTime = 0 ms : RunTime = 2 ms
2023-02-21 17:33:20.602 4066-4066/? I/AbstractOpenableExtension: AbstractOpenableExtension.maybeDestroyExistingKeyboardGroupManager():510 Destroy existing keyboard group manager in dxl
2023-02-21 17:33:20.602 4066-4066/? I/AbstractOpenableExtension: AbstractOpenableExtension.createKeyboardGroupManagerListenableFuture():122 Create keyboard group manager listenable future in dxl
2023-02-21 17:33:20.604 4066-11884/? I/KeyboardGroupDefParser: KeyboardGroupDefParser.parseKeyboardGroupDef():87 parseKeyboardGroupDef() 2132214020 -> 0_resource_name_obfuscated : WaitTime = 0 ms : RunTime = 1 ms
2023-02-21 17:33:20.605 4066-4066/? I/DeviceModeUtil: DeviceModeUtil.getDeviceMode():126 Get device mode phone by ui mode:1 and smallestScreenWidthDp:411
2023-02-21 17:33:20.605 4066-4066/? I/NormalModeController: NormalModeController.getKeyboardBodyViewHolderPaddingBottom():111 currentPrimeKeyboardType:SOFT systemPaddingBottom:-1
2023-02-21 17:33:20.608 4066-4066/? I/DeviceModeUtil: DeviceModeUtil.getDeviceMode():126 Get device mode phone by ui mode:1 and smallestScreenWidthDp:411
2023-02-21 17:33:20.608 4066-4066/? I/DeviceModeUtil: DeviceModeUtil.getDeviceMode():126 Get device mode phone by ui mode:1 and smallestScreenWidthDp:411
2023-02-21 17:33:20.608 4066-4066/? I/DeviceModeUtil: DeviceModeUtil.getDeviceMode():126 Get device mode phone by ui mode:1 and smallestScreenWidthDp:411
2023-02-21 17:33:20.608 4066-4066/? I/DeviceModeUtil: DeviceModeUtil.getDeviceMode():126 Get device mode phone by ui mode:1 and smallestScreenWidthDp:411
2023-02-21 17:33:20.608 4066-4066/? I/GoogleInputMethodService: GoogleInputMethodService.initializeKeyboardTheme():1397 Apply keyboard theme: theme_stylesheet_noshadow_pgsans_pillkey_silkpopup_materiallight_phone_overlay_builtin_dynamic_color_light_base.binarypb:dynamic-light-fff6f0e7-ffdcc66e-6bfc5ddc4e2d7c3eedf624fa1bafc461_land
2023-02-21 17:33:20.609 2705-2705/? D/CentralSurfaces: Received new disable state: enaihbcrso.qingr (unchanged)
2023-02-21 17:33:20.615 1975-6146/? W/WallpaperManagerService: Cannot extract colors because wallpaper could not be read.
2023-02-21 17:33:20.616 718-2631/? I/BpBinder: onLastStrongRef automatically unlinking death recipients: <uncached descriptor>
2023-02-21 17:33:20.618 3193-3193/? W/BcSmartspaceCard: No title view to update
2023-02-21 17:33:20.618 3193-3193/? I/BcSmartspaceCard: setFormattedContentDescription: textView=SUBTITLE, text=4°C, iconDescription=以晴为主, contentDescription=以晴为主，4°C
2023-02-21 17:33:20.619 1975-6148/? I/WindowManager: finishDrawing of orientation change: Window{6e3dcc8 u0 com.google.android.apps.nexuslauncher/com.google.android.apps.nexuslauncher.NexusLauncherActivity} 37ms
2023-02-21 17:33:20.619 1975-6146/? I/WindowManager: finishDrawing of orientation change: Window{eb1bc38 u0 ScreenDecorOverlayBottom} 37ms
2023-02-21 17:33:20.620 4171-4171/? I/GsaVoiceInteractionSrv: Handling ACTION_STOP_HOTWORD
2023-02-21 17:33:20.621 4066-4066/? I/DeviceModeUtil: DeviceModeUtil.getDeviceMode():126 Get device mode phone by ui mode:1 and smallestScreenWidthDp:411
2023-02-21 17:33:20.621 4066-4066/? I/NormalModeController: NormalModeController.getKeyboardBodyViewHolderPaddingBottom():111 currentPrimeKeyboardType:SOFT systemPaddingBottom:-1
2023-02-21 17:33:20.623 1975-6146/? I/WindowManager: finishDrawing of orientation change: Window{ce420fa u0 ScreenDecorOverlay} 41ms
2023-02-21 17:33:20.627 4066-4066/? I/InputMethodEntryManager: InputMethodEntryManager.startLoadingInputMethodEntrySettings():773 Start loading input method entry settings: [LanguageTagVariantTuple{languageTag=zh-CN, variant=qwerty}, LanguageTagVariantTuple{languageTag=uz-Latn, variant=uzbek}, LanguageTagVariantTuple{languageTag=si-LK, variant=sinhala}, LanguageTagVariantTuple{languageTag=ug, variant=uyghur}, LanguageTagVariantTuple{languageTag=en-US, variant=qwerty}, LanguageTagVariantTuple{languageTag=ja-JP, variant=japanese_12keys_toggleflick}, LanguageTagVariantTuple{languageTag=tr-TR, variant=qwerty}, LanguageTagVariantTuple{languageTag=pa-Guru, variant=qwerty}, LanguageTagVariantTuple{languageTag=ii-CN, variant=yi_dynamic}]
2023-02-21 17:33:20.632 718-741/? I/BpBinder: onLastStrongRef automatically unlinking death recipients: <uncached descriptor>
2023-02-21 17:33:20.637 4066-4066/? I/InputMethodEntryManager: InputMethodEntryManager.updateInputMethodEntrySettingsLoadingTask():861 update loading task with resetImplicitlyEnabledEntries is false
2023-02-21 17:33:20.640 2705-2705/? W/View: requestLayout() improperly called by com.android.keyguard.AlphaOptimizedLinearLayout{3c3920b V.E...... ......ID 9,0-62,77 #7f0b078f app:id/wifi_group} during layout: running second layout pass
2023-02-21 17:33:20.641 1975-8807/? I/WindowManager: finishDrawing of orientation change: Window{e6b91aa u0 com.google.android.apps.nexuslauncher/com.google.android.apps.nexuslauncher.NexusLauncherActivity} 58ms
