2023-02-21 17:33:51.387 1975-12531/? E/AppOps: Bad call made by uid 10117. Package "com.google.android.gms" does not belong to uid 10117.
2023-02-21 17:33:51.388 1975-6148/? E/AppOps: Bad call made by uid 10117. Package "com.google.android.gms" does not belong to uid 10117.
2023-02-21 17:33:51.388 25920-7362/? I/A: beginBinderSession(): calling binder
2023-02-21 17:33:51.388 4171-5463/? I/BrdcstRcvrMsgr: SvcConn: messenger connected
2023-02-21 17:33:51.390 25920-25941/? I/BrdcstRcvrBProvider: (REDACTED) handleMessage(): id:%d action:%s
2023-02-21 17:33:51.391 25920-25941/? I/AmbBrdcstRcvrBProvider: (REDACTED) receive(): %s
2023-02-21 17:33:51.391 25920-25941/? I/A: (REDACTED) handleIntent(): action:%s
2023-02-21 17:33:51.391 25920-25955/? I/BrdcstRcvrBProvider: (REDACTED) handleMessage(): DONE id:%d
2023-02-21 17:33:51.392 4171-5463/? I/BrdcstRcvrMsgr: (REDACTED) handleMessage(): id:%d, DEC to %d
2023-02-21 17:33:51.392 4171-5463/? I/BrdcstRcvrMsgr: disconnect()
2023-02-21 17:33:51.393 8836-8836/? D/BoundBrokerSvc: onRebind: Intent { act=com.google.android.gms.clearcut.bootcount.service.START dat=chimera-action:/... cmp=com.google.android.gms/.chimera.PersistentBoundBrokerService }
2023-02-21 17:33:51.407 1975-2156/? E/system_server: setState is called with an earlier timestamp: 114869559, previous timestamp: 114869591
2023-02-21 17:33:51.412 2994-2994/? D/GRIL-S: [0728]> UPDATE_SCONE_INFO Mobility:2 Battery:2 Thermal:0 Screen:1
2023-02-21 17:33:51.413 2994-3718/? D/GRIL-S: [0728]< UPDATE_SCONE_INFO
2023-02-21 17:33:51.420 1623-11950/? D/GenericSource: FileSource remote
2023-02-21 17:33:51.423 20581-20581/? D/BoundBrokerSvc: onBind: Intent { act=com.google.android.gms.common.BIND_SHARED_PREFS pkg=com.google.android.gms }
2023-02-21 17:33:51.424 20581-20581/? D/BoundBrokerSvc: Loading bound service for intent: Intent { act=com.google.android.gms.common.BIND_SHARED_PREFS pkg=com.google.android.gms }
2023-02-21 17:33:51.427 20581-20581/? D/BoundBrokerSvc: onUnbind: Intent { act=com.google.android.gms.common.BIND_SHARED_PREFS pkg=com.google.android.gms }
2023-02-21 17:33:51.431 20581-20581/? D/BoundBrokerSvc: onBind: Intent { act=com.google.android.gms.common.BIND_SHARED_PREFS pkg=com.google.android.gms }
2023-02-21 17:33:51.431 20581-20581/? D/BoundBrokerSvc: Loading bound service for intent: Intent { act=com.google.android.gms.common.BIND_SHARED_PREFS pkg=com.google.android.gms }
2023-02-21 17:33:51.441 20581-20581/? D/BoundBrokerSvc: onUnbind: Intent { act=com.google.android.gms.common.BIND_SHARED_PREFS pkg=com.google.android.gms }
2023-02-21 17:33:51.443 20581-20581/? D/BoundBrokerSvc: onBind: Intent { act=com.google.android.gms.common.BIND_SHARED_PREFS pkg=com.google.android.gms }
2023-02-21 17:33:51.444 20581-20581/? D/BoundBrokerSvc: Loading bound service for intent: Intent { act=com.google.android.gms.common.BIND_SHARED_PREFS pkg=com.google.android.gms }
2023-02-21 17:33:51.447 20581-20581/? D/BoundBrokerSvc: onUnbind: Intent { act=com.google.android.gms.common.BIND_SHARED_PREFS pkg=com.google.android.gms }
2023-02-21 17:33:51.449 20581-20581/? D/BoundBrokerSvc: onBind: Intent { act=com.google.android.gms.common.BIND_SHARED_PREFS pkg=com.google.android.gms }
2023-02-21 17:33:51.449 20581-20581/? D/BoundBrokerSvc: Loading bound service for intent: Intent { act=com.google.android.gms.common.BIND_SHARED_PREFS pkg=com.google.android.gms }
2023-02-21 17:33:51.454 1975-2087/? D/Ringtone: Successfully created local player
2023-02-21 17:33:51.454 1975-2087/? W/Ringtone: Use of stream types is deprecated for operations other than volume control
2023-02-21 17:33:51.454 1975-2087/? W/Ringtone: See the documentation of setStreamType() for what to use instead with android.media.AudioAttributes to qualify your playback use case
2023-02-21 17:33:51.454 1623-15553/? D/NuPlayerDriver: reset(0xed3019b0) at state 4
2023-02-21 17:33:51.455 20581-20581/? D/BoundBrokerSvc: onUnbind: Intent { act=com.google.android.gms.common.BIND_SHARED_PREFS pkg=com.google.android.gms }
2023-02-21 17:33:51.456 8836-11609/? I/GCoreUlr: DispatchingService.updateActiveState+PowerModeReceiver: Ensuring that reporting is active for [account#-12#]
2023-02-21 17:33:51.456 1623-11942/? D/NuPlayerDriver: notifyResetComplete(0xed3019b0)
2023-02-21 17:33:51.457 1623-15553/? D/NuPlayerDriver: reset(0xed3019b0) at state 0
2023-02-21 17:33:51.457 1975-2087/? V/MediaPlayer: resetDrmState:  mDrmInfo=null mDrmProvisioningThread=null mPrepareDrmInProgress=false mActiveDrmScheme=false
2023-02-21 17:33:51.457 1975-2087/? V/MediaPlayer: cleanDrmObj: mDrmObj=null mDrmSessionId=null
2023-02-21 17:33:51.458 1975-2087/? V/MediaPlayer: resetDrmState:  mDrmInfo=null mDrmProvisioningThread=null mPrepareDrmInProgress=false mActiveDrmScheme=false
2023-02-21 17:33:51.458 1975-2087/? V/MediaPlayer: cleanDrmObj: mDrmObj=null mDrmSessionId=null
2023-02-21 17:33:51.463 1623-10733/? D/NuPlayerDriver: NuPlayerDriver(0xed3019b0) created, clientPid(1975)
2023-02-21 17:33:51.470 1623-11961/? D/GenericSource: FileSource remote
2023-02-21 17:33:51.477 1975-2087/? D/Ringtone: Successfully created local player
2023-02-21 17:33:51.509 1336-1341/? W/statsd: StatsPullerManager: Unknown tagId 10038
2023-02-21 17:33:51.511 1336-1341/? E/statsd: Stats puller failed for tag: 10038 at 114869623584268
2023-02-21 17:33:51.511 2705-10447/? D/Elmyra/Logger: Receiving pull request from statsd.
2023-02-21 17:33:51.513 1380-1483/? D/CHRE: @ 114872.939: Parsed nanoapp message from host: app ID 0x476f6f676c00100e, endpoint 0x1, msgType 203, payload size 2
2023-02-21 17:33:51.561 2705-10447/? D/Elmyra/Logger: Snapshot took 50 milliseconds.
2023-02-21 17:33:51.563 1336-1341/? E/statsd: Gauge Stats puller failed for tag: 150000 at 114869623584268
2023-02-21 17:33:51.608 2822-4382/? I/OSLOSERVICEPLUGIN: Bridge.java: Weather handler callback
2023-02-21 17:33:51.614 8836-11691/? W/ctxmgr: [AclManager] No 0 for (accnt=account#-517948760#, com.google.pixel.livewallpaper(10108):com.google.pixel.livewallpaper, vrsn=16798000, 3, 3pPkg = null ,  3pMdlId = null ,  pid = 2822 ,  featureId = null). Was: 2 for 31, account#-517948760# [CONTEXT service_id=47 ]
2023-02-21 17:33:51.614 2822-2822/? E/OSLOSERVICEPLUGIN: Bridge.java: Weather request failed: aod: 7503:
2023-02-21 17:33:51.650 1380-1483/? D/CHRE: @ 114873.074: InstantMotion
2023-02-21 17:33:51.821 1380-1483/? D/VSC: @ 114873.247: [WO] Proposed rotation: 4, flat angle threshold: 65
2023-02-21 17:33:51.821 1380-1483/? D/VSC: @ 114873.247: [WO] orientation angle 335, orientation 4
2023-02-21 17:33:51.822 1380-1483/? D/VSC: @ 114873.247: [WO] Gyro angle integrated: 126.638214
2023-02-21 17:33:51.853 2705-2705/? I/Elmyra/ElmyraService: Unblocked; current action: SetupWizardAction
2023-02-21 17:33:51.856 1380-1483/? D/CHRE: @ 114873.281: Parsed nanoapp message from host: app ID 0x476f6f676c00100e, endpoint 0x1, msgType 200, payload size 10
2023-02-21 17:33:51.856 1380-1483/? D/CHRE: @ 114873.282: Elmyra/Nanoapp Recognizer started
2023-02-21 17:33:51.867 1380-1483/? I/ASH: @ 114873.293: max11259: Max11259 power on reset complete at time 114689495499540.  STAT = 0x98.
2023-02-21 17:33:51.882 1380-1483/? I/ASH: @ 114873.307: max11259: Started sampling at 50 samples per second.
2023-02-21 17:33:51.890 1975-2071/? D/UsbDeviceManager: push notification:已开启 USB 文件传输模式
2023-02-21 17:33:51.895 2828-2882/? I/Tethering: USB bcast connected:true configured:false rndis:false ncm:false
2023-02-21 17:33:51.895 2705-2705/? I/Elmyra/ElmyraService: Gated by UsbState
2023-02-21 17:33:51.897 1380-1483/? D/CHRE: @ 114873.322: Parsed nanoapp message from host: app ID 0x476f6f676c00100e, endpoint 0x1, msgType 201, payload size 0
2023-02-21 17:33:51.897 1380-1483/? D/CHRE: @ 114873.323: Elmyra/Nanoapp Recognizer stopped
2023-02-21 17:33:51.897 1380-1483/? I/ASH: @ 114873.323: max11259: Stopped sampling.
2023-02-21 17:33:51.898 1380-1483/? I/ASH: @ 114873.324: max11259: Max11259 power is off. rc = 0
2023-02-21 17:33:51.898 1975-2088/? D/CompatibilityChangeReporter: Compat change id reported: 135634846; UID 10068; state: DISABLED
2023-02-21 17:33:51.898 1975-2088/? D/CompatibilityChangeReporter: Compat change id reported: 177438394; UID 10068; state: DISABLED
2023-02-21 17:33:51.898 1975-2088/? D/CompatibilityChangeReporter: Compat change id reported: 135772972; UID 10068; state: DISABLED
2023-02-21 17:33:51.899 1975-2088/? D/CompatibilityChangeReporter: Compat change id reported: 135754954; UID 10068; state: ENABLED
2023-02-21 17:33:51.899 1975-2090/? D/CompatibilityChangeReporter: Compat change id reported: 143937733; UID 10068; state: ENABLED
2023-02-21 17:33:51.904 1338-1338/? D/Zygote: Forked child process 11963
2023-02-21 17:33:51.905 1975-2090/? I/ActivityManager: Start proc 11963:android.process.media/u0a68 for broadcast {com.android.mtp/com.android.mtp.MtpReceiver}
2023-02-21 17:33:51.910 11963-11963/? I/d.process.media: Using CollectorTypeCC GC.
2023-02-21 17:33:51.914 11963-11963/? E/d.process.media: Not starting debugger since process cannot load the jdwp agent.
2023-02-21 17:33:51.922 11963-11963/? D/CompatibilityChangeReporter: Compat change id reported: 171979766; UID 10068; state: ENABLED
2023-02-21 17:33:51.937 11963-11963/? D/nativeloader: Configuring classloader-namespace-shared for other apk /system/priv-app/MtpService/MtpService.apk. target_sdk_version=33, uses_libraries=, library_path=/system/priv-app/MtpService/lib/arm64:/system/lib64:/system_ext/lib64, permitted_path=/data:/mnt/expand:/data/user/0/com.android.mtp:/system/priv-app/MtpService:/system/lib64:/system_ext/lib64
2023-02-21 17:33:51.949 11963-11963/? V/GraphicsEnvironment: ANGLE Developer option for 'com.android.mtp' set to: 'default'
2023-02-21 17:33:51.949 11963-11963/? V/GraphicsEnvironment: ANGLE GameManagerService for com.android.mtp: false
2023-02-21 17:33:51.950 11963-11963/? D/NetworkSecurityConfig: No Network Security Config specified, using platform default
2023-02-21 17:33:51.950 11963-11963/? D/NetworkSecurityConfig: No Network Security Config specified, using platform default
2023-02-21 17:33:51.978 1703-9261/? I/adbd: USB event: FUNCTIONFS_ENABLE
2023-02-21 17:33:51.978 1703-11979/? I/adbd: UsbFfs-worker thread spawned
2023-02-21 17:33:51.978 2828-2882/? I/Tethering: USB bcast connected:true configured:true rndis:false ncm:false
2023-02-21 17:33:51.991 11963-11963/? D/nativeloader: Configuring classloader-namespace-shared for other apk /system/priv-app/DownloadProvider/DownloadProvider.apk. target_sdk_version=33, uses_libraries=, library_path=/system/priv-app/DownloadProvider/lib/arm64:/system/lib64:/system_ext/lib64, permitted_path=/data:/mnt/expand:/data/user/0/com.android.providers.downloads:/system/priv-app/DownloadProvider:/system/lib64:/system_ext/lib64
2023-02-21 17:33:52.012 11963-11963/? D/nativeloader: Configuring classloader-namespace-shared for other apk /system/priv-app/MediaProviderLegacy/MediaProviderLegacy.apk. target_sdk_version=33, uses_libraries=, library_path=/system/priv-app/MediaProviderLegacy/lib/arm64:/system/lib64:/system_ext/lib64, permitted_path=/data:/mnt/expand:/data/user/0/com.android.providers.media:/system/priv-app/MediaProviderLegacy:/system/lib64:/system_ext/lib64
2023-02-21 17:33:52.027 11963-11963/? D/MtpService: starting MTP server in MTP mode with storage /storage/emulated/0 unlocked as user 0
2023-02-21 17:33:52.034 1975-6136/? D/CompatibilityChangeReporter: Compat change id reported: 161145287; UID 10068; state: DISABLED
2023-02-21 17:33:52.035 11963-11963/? V/MtpService: Adding MTP storage:/storage/emulated/0
2023-02-21 17:33:52.085 11963-11982/? D/MtpDatabase: setDeviceProperty.d406=Windows/10.0.19044 MTPClassDriver/10.0.19041.0
2023-02-21 17:33:52.093 1975-1975/? W/NotificationHistory: Attempted to add notif for locked/gone/disabled user 0
2023-02-21 17:33:52.097 4139-4595/? W/AiAiEcho: SmartspaceNotificationPredictor no parser can handle this notification or notification is invalid
2023-02-21 17:33:52.098 1975-3096/? W/UserManagerService: Cannot retrieve activities for disabled profile -1 from 0
2023-02-21 17:33:52.102 1975-1975/? W/NotificationHistory: Attempted to add notif for locked/gone/disabled user 0
2023-02-21 17:33:52.104 4139-4595/? W/AiAiEcho: SmartspaceNotificationPredictor no parser can handle this notification or notification is invalid
2023-02-21 17:33:52.104 1975-6136/? W/UserManagerService: Cannot retrieve activities for disabled profile -1 from 0
2023-02-21 17:33:52.137 2705-2776/? D/LocalImageResolver: Couldn't use ImageDecoder for drawable, falling back to non-resized load.
2023-02-21 17:33:52.150 2705-2776/? D/LocalImageResolver: Couldn't use ImageDecoder for drawable, falling back to non-resized load.
2023-02-21 17:33:52.157 2705-2776/? D/LocalImageResolver: Couldn't use ImageDecoder for drawable, falling back to non-resized load.
2023-02-21 17:33:52.163 2705-2705/? W/TouchableRegionManager: onHeadsUpPinnedModeChanged
2023-02-21 17:33:52.167 2705-2776/? D/LocalImageResolver: Couldn't use ImageDecoder for drawable, falling back to non-resized load.
2023-02-21 17:33:52.170 2705-2705/? D/CentralSurfaces: Received new disable state: enaihbcrso.qingr (unchanged)
2023-02-21 17:33:52.171 2705-2705/? W/NotificationEntryMgr: While running New Pipeline: updateNotifications(reason=onHeadsUpStateChanged)
2023-02-21 17:33:52.220 2705-2705/? I/Elmyra/ElmyraService: Switching action from SetupWizardAction to UnpinNotifications
2023-02-21 17:33:52.221 2705-2705/? I/Elmyra/ElmyraService: Gated by UsbState
2023-02-21 17:33:52.310 4139-4595/? W/AiAiEcho: SmartspaceNotificationPredictor no parser can handle this notification or notification is invalid
2023-02-21 17:33:52.311 1975-3096/? W/UserManagerService: Cannot retrieve activities for disabled profile -1 from 0
2023-02-21 17:33:52.378 1975-2074/? D/ColorDisplayService: DisplayWhiteBalanceTintController Animation cancelled: false to matrix:
           0.941225-0.000304 0.000233 0.000000 0.010154 0.926758 0.000510 0.000000 0.000122-0.001361 0.999257 0.000000 0.000000 0.000000 0.000000 1.000000 min matrix coefficients:
           0.941225-0.000333 0.000208 0.000000 0.010154 0.926758 0.000469 0.000000 0.000122-0.001361 0.999257 0.000000 0.000000 0.000000 0.000000 1.000000 max matrix coefficients:
           0.947647 0.000000 0.000233 0.000000 0.011160 0.931748 0.000510 0.000000 0.000148 0.000000 0.999323 0.000000 0.000000 0.000000 0.000000 1.000000
2023-02-21 17:33:52.388 1975-2205/? D/DisplayWhiteBalanceController: Display cct: 7042.134 Latest ambient cct: 7320.2227 Latest ambient lux: 179.9543 Latest low light bias: 1.0 Latest high light bias: 0.0
2023-02-21 17:33:52.389 1975-2205/? D/ColorDisplayService: setDisplayWhiteBalanceTemperatureMatrix: cct = 7042 matrix =
           0.934037-0.000271 0.000262 0.000000 0.009037 0.921158 0.000556 0.000000 0.000093-0.001465 0.999182 0.000000 0.000000 0.000000 0.000000 1.000000
2023-02-21 17:33:52.396 2705-2705/? I/Elmyra/ElmyraService: Unblocked; current action: UnpinNotifications
2023-02-21 17:33:52.397 1380-1483/? D/CHRE: @ 114873.823: Parsed nanoapp message from host: app ID 0x476f6f676c00100e, endpoint 0x1, msgType 200, payload size 10
2023-02-21 17:33:52.398 1380-1483/? D/CHRE: @ 114873.824: Elmyra/Nanoapp Recognizer started
2023-02-21 17:33:52.410 1380-1483/? I/ASH: @ 114873.834: max11259: Max11259 power on reset complete at time 114690035772260.  STAT = 0x98.
2023-02-21 17:33:52.416 1380-1483/? I/ASH: @ 114873.842: max11259: Started sampling at 50 samples per second.
2023-02-21 17:33:52.418 1975-2591/? D/ConnectivityService: NetReassign [no changes] [c 0] [a 1] [i 1]
2023-02-21 17:33:52.441 1361-1396/? D/ContextHubHal: Got message from nanoapp: ID 0x476f6f676c00100e
2023-02-21 17:33:52.481 2921-2921/? D/Oslo.StatusSensor: Received intent android.intent.action.BATTERY_CHANGED
2023-02-21 17:33:52.483 2705-2705/? D/DLObserver: onReceive(); android.intent.action.BATTERY_CHANGED
2023-02-21 17:33:52.483 2705-2705/? D/DLObserver: plugged=1
2023-02-21 17:33:52.484 2705-2705/? D/PowerNotificationWarningsGoogleImpl: onReceive: android.intent.action.BATTERY_CHANGED
2023-02-21 17:33:52.485 2705-2705/? D/BatteryInfoBroadcast: onReceive: android.intent.action.BATTERY_CHANGED isPowerSaveMode: false
2023-02-21 17:33:52.485 2705-2705/? D/BatteryDefenderNotification: isPlugged: true | isOverheated: false | defenderEnabled: false | isCharged: false
2023-02-21 17:33:52.486 2705-4050/? D/PowerUI: can't show warning due to - plugged: true status unknown: false
2023-02-21 17:33:52.635 2822-4382/? I/OSLOSERVICEPLUGIN: Bridge.java: Weather handler callback
2023-02-21 17:33:52.638 8836-11609/? W/ctxmgr: [AclManager] No 0 for (accnt=account#-517948760#, com.google.pixel.livewallpaper(10108):com.google.pixel.livewallpaper, vrsn=16798000, 3, 3pPkg = null ,  3pMdlId = null ,  pid = 2822 ,  featureId = null). Was: 2 for 31, account#-517948760# [CONTEXT service_id=47 ]
2023-02-21 17:33:52.638 2822-2822/? E/OSLOSERVICEPLUGIN: Bridge.java: Weather request failed: aod: 7503:
2023-02-21 17:33:52.713 2705-10100/? W/FrameTracker: Missed App frame:8
2023-02-21 17:33:52.789 1703-1703/? I/adbd: UsbFfs: already offline
2023-02-21 17:33:52.789 1703-1703/? I/adbd: Calling send_auth_request...
2023-02-21 17:33:52.801 1703-1703/? I/adbd: adbd_auth: loading keys from /data/misc/adb/adb_keys
2023-02-21 17:33:52.803 1703-1703/? I/adbd: adb client authorized
2023-02-21 17:33:53.067 12006-12006/? W/ls: type=1400 audit(0.0:6156): avc: denied { getattr } for path="/data_mirror" dev="tmpfs" ino=33290 scontext=u:r:shell:s0 tcontext=u:object_r:mirror_data_file:s0 tclass=dir permissive=0
2023-02-21 17:33:53.067 12006-12006/? W/ls: type=1400 audit(0.0:6157): avc: denied { getattr } for path="/cache" dev="dm-8" ino=16 scontext=u:r:shell:s0 tcontext=u:object_r:cache_file:s0 tclass=lnk_file permissive=0
2023-02-21 17:33:53.071 12006-12006/? W/ls: type=1400 audit(0.0:6158): avc: denied { getattr } for path="/init.environ.rc" dev="dm-8" ino=25 scontext=u:r:shell:s0 tcontext=u:object_r:rootfs:s0 tclass=file permissive=0
2023-02-21 17:33:53.071 12006-12006/? W/ls: type=1400 audit(0.0:6159): avc: denied { getattr } for path="/system_dlkm" dev="dm-8" ino=2802 scontext=u:r:shell:s0 tcontext=u:object_r:system_dlkm_file:s0 tclass=dir permissive=0
2023-02-21 17:33:53.071 12006-12006/? W/ls: type=1400 audit(0.0:6160): avc: denied { getattr } for path="/metadata" dev="sda11" ino=2 scontext=u:r:shell:s0 tcontext=u:object_r:metadata_file:s0 tclass=dir permissive=0
2023-02-21 17:33:53.071 12006-12006/? W/ls: type=1400 audit(0.0:6161): avc: denied { getattr } for path="/init" dev="dm-8" ino=24 scontext=u:r:shell:s0 tcontext=u:object_r:init_exec:s0 tclass=lnk_file permissive=0
2023-02-21 17:33:53.071 12006-12006/? W/ls: type=1400 audit(0.0:6162): avc: denied { getattr } for path="/postinstall" dev="dm-8" ino=44 scontext=u:r:shell:s0 tcontext=u:object_r:postinstall_mnt_dir:s0 tclass=dir permissive=0
2023-02-21 17:33:53.149 1975-6136/? D/CoreBackPreview: Window{dce6e3c u0 Wired Charging Animation}: Setting back callback null
2023-02-21 17:33:53.149 1975-3096/? W/InputManager-JNI: Input channel object 'dce6e3c Wired Charging Animation (client)' was disposed without first being removed with the input manager!
2023-02-21 17:33:53.638 2822-4382/? I/OSLOSERVICEPLUGIN: Bridge.java: Weather handler callback
2023-02-21 17:33:53.641 8836-11691/? W/ctxmgr: [AclManager] No 0 for (accnt=account#-517948760#, com.google.pixel.livewallpaper(10108):com.google.pixel.livewallpaper, vrsn=16798000, 3, 3pPkg = null ,  3pMdlId = null ,  pid = 2822 ,  featureId = null). Was: 2 for 31, account#-517948760# [CONTEXT service_id=47 ]
2023-02-21 17:33:53.642 2822-2822/? E/OSLOSERVICEPLUGIN: Bridge.java: Weather request failed: aod: 7503:
2023-02-21 17:33:53.821 1381-2610/? I/android.hardware.usb.aidl-service: partner added
2023-02-21 17:33:53.822 1381-2610/? I/android.hardware.usb.aidl-service: port0
2023-02-21 17:33:53.822 1381-2610/? I/android.hardware.usb.aidl-service: 0:port0 connected:1 canChangeMode:1 canChagedata:0 canChangePower:0 usbDataEnabled:1
2023-02-21 17:33:53.822 1381-2610/? I/android.hardware.usb.aidl-service: ContaminantDetectionStatus:2 ContaminantProtectionStatus:0
2023-02-21 17:33:53.822 1381-2610/? I/android.hardware.usb.aidl-service: powerTransferLimited:0
2023-02-21 17:33:53.823 1975-3096/? I/UsbPortManager: AIDL UsbDataStatus:1
2023-02-21 17:33:53.823 1975-3096/? I/UsbPortManager: ClientCallback AIDL V1: port0
2023-02-21 17:33:53.823 1975-2071/? I/UsbPortManager: USB port changed: port=UsbPort{id=port0, supportedModes=dualsupportedContaminantProtectionModes=4supportsEnableContaminantPresenceProtection=falsesupportsEnableContaminantPresenceDetection=true, status=UsbPortStatus{connected=true, currentMode=ufp, currentPowerRole=sink, currentDataRole=device, supportedRoleCombinations=[source:host, sink:device], contaminantDetectionStatus=2, contaminantProtectionStatus=0, usbDataStatus=enabled, isPowerTransferLimited=false, powerBrickConnectionStatus=unknown}, canChangeMode=true, canChangePowerRole=false, canChangeDataRole=false, connectedAtMillis=114872042, lastConnectDurationMillis=0
2023-02-21 17:33:53.835 2994-2994/? D/GRIL-S: [0729]> UPDATE_DEVICE_STATE DeviceState: Usb:1, Wifi: 1, Wifi AP: 0, Earpiece: 0, Bluetooth: 0, Wireless charging: 0, Screen: 1, Camera: 0, 0, 0, -, Motion: 1, Bluetooth tethering: 0, Voice: 0, Wifi 2.4G: 0, Radio: 1, Bluetooth connected: 0, Bluetooth media: 0, Wifi Band: 2, Wifi AP Band: 0, Wifi call: 0, mmWave: 0, mCellBackhaul: 0, mHallSensor: 0
2023-02-21 17:33:53.837 2994-3718/? D/GRIL-S: [0729]< UPDATE_DEVICE_STATE
2023-02-21 17:33:53.853 1975-2074/? I/DisplayDeviceRepository: Display device changed: DisplayDeviceInfo{"内置屏幕": uniqueId="local:4630946523002478721", 1440 x 3040, modeId 1, defaultModeId 1, supportedModes [{id=1, width=1440, height=3040, fps=60.000004, alternativeRefreshRates=[90.0]}, {id=2, width=1440, height=3040, fps=90.0, alternativeRefreshRates=[60.000004]}], colorMode 0, supportedColorModes [0, 7, 9], hdrCapabilities HdrCapabilities{mSupportedHdrTypes=[2, 3], mMaxLuminance=500.0, mMaxAverageLuminance=500.0, mMinLuminance=0.0}, allmSupported false, gameContentTypeSupported false, density 560, 537.882 x 539.972 dpi, appVsyncOff 2333332, presDeadline 11500000, touch INTERNAL, rotation 0, type INTERNAL, address {port=129, model=0x40446d53ad64a0}, deviceProductInfo DeviceProductInfo{name=, manufacturerPnpId=QCM, productId=1, modelYear=null, manufactureDate=ManufactureDate{week=27, year=2006}, connectionToSinkType=0}, state ON, frameRateOverride , brightnessMinimum 0.0, brightnessMaximum 1.0, brightnessDefault 0.38188976, roundedCorners RoundedCorners{[RoundedCorner{position=TopLeft, radius=157, center=Point(157, 157)}, RoundedCorner{position=TopRight, radius=157, center=Point(1283, 157)}, RoundedCorner{position=BottomRight, radius=157, center=Point(1283, 2883)}, RoundedCorner{position=BottomLeft, radius=157, center=Point(157, 2883)}]}, FLAG_ALLOWED_TO_BE_DEFAULT_DISPLAY, FLAG_ROTATES_WITH_CONTENT, FLAG_SECURE, FLAG_SUPPORTS_PROTECTED_BUFFERS, installOrientation 0}
2023-02-21 17:33:53.854 2705-2705/? D/DLObserver: onReceive(); android.intent.action.BATTERY_CHANGED
2023-02-21 17:33:53.854 2705-2705/? D/DLObserver: plugged=1
2023-02-21 17:33:53.855 2921-2921/? D/Oslo.StatusSensor: Received intent android.intent.action.BATTERY_CHANGED
2023-02-21 17:33:53.858 2705-2705/? D/PowerNotificationWarningsGoogleImpl: onReceive: android.intent.action.BATTERY_CHANGED
2023-02-21 17:33:53.859 2705-2705/? D/BatteryInfoBroadcast: onReceive: android.intent.action.BATTERY_CHANGED isPowerSaveMode: false
2023-02-21 17:33:53.859 2705-2705/? D/BatteryDefenderNotification: isPlugged: true | isOverheated: false | defenderEnabled: false | isCharged: false
2023-02-21 17:33:53.862 2705-3290/? D/PowerUI: can't show warning due to - plugged: true status unknown: false
2023-02-21 17:33:54.673 2822-4382/? I/OSLOSERVICEPLUGIN: Bridge.java: Weather handler callback
2023-02-21 17:33:54.678 1703-1703/? W/adbd: timeout expired while flushing socket, closing
2023-02-21 17:33:54.678 1703-1703/? W/adbd: timeout expired while flushing socket, closing
2023-02-21 17:33:54.680 8836-11609/? W/ctxmgr: [AclManager] No 0 for (accnt=account#-517948760#, com.google.pixel.livewallpaper(10108):com.google.pixel.livewallpaper, vrsn=16798000, 3, 3pPkg = null ,  3pMdlId = null ,  pid = 2822 ,  featureId = null). Was: 2 for 31, account#-517948760# [CONTEXT service_id=47 ]
2023-02-21 17:33:54.681 2822-2822/? E/OSLOSERVICEPLUGIN: Bridge.java: Weather request failed: aod: 7503:
2023-02-21 17:33:55.406 1975-2074/? D/ColorDisplayService: DisplayWhiteBalanceTintController Animation cancelled: false to matrix:
           0.934037-0.000271 0.000262 0.000000 0.009037 0.921158 0.000556 0.000000 0.000093-0.001465 0.999182 0.000000 0.000000 0.000000 0.000000 1.000000 min matrix coefficients:
           0.934037-0.000304 0.000233 0.000000 0.009037 0.921158 0.000510 0.000000 0.000093-0.001465 0.999182 0.000000 0.000000 0.000000 0.000000 1.000000 max matrix coefficients:
           0.941225 0.000000 0.000262 0.000000 0.010154 0.926758 0.000556 0.000000 0.000122 0.000000 0.999257 0.000000 0.000000 0.000000 0.000000 1.000000
2023-02-21 17:33:55.443 1975-2591/? D/ConnectivityService: NetReassign [no changes] [c 0] [a 0] [i 2]
2023-02-21 17:33:55.704 1380-1483/? I/CHRE: @ 114877.130: [GYRO_RPS] (s0, c0) Offset | Temp [C] | Quality: -0.000028, -0.001553, 0.000790 | 34.81 | 4
2023-02-21 17:33:55.705 1380-1483/? I/CHRE: @ 114877.130: [GYRO_RPS] (s0) Temp Sensitivity: -0.000020, 0.000032, 0.000009
2023-02-21 17:33:55.705 1380-1483/? I/CHRE: @ 114877.130: [GYRO_RPS] (s0) Temp Intercept: 0.000705, -0.002602, 0.000443
2023-02-21 17:33:55.708 2822-4382/? I/OSLOSERVICEPLUGIN: Bridge.java: Weather handler callback
2023-02-21 17:33:55.713 8836-11691/? W/ctxmgr: [AclManager] No 0 for (accnt=account#-517948760#, com.google.pixel.livewallpaper(10108):com.google.pixel.livewallpaper, vrsn=16798000, 3, 3pPkg = null ,  3pMdlId = null ,  pid = 2822 ,  featureId = null). Was: 2 for 31, account#-517948760# [CONTEXT service_id=47 ]
2023-02-21 17:33:55.714 2822-2822/? E/OSLOSERVICEPLUGIN: Bridge.java: Weather request failed: aod: 7503:
2023-02-21 17:33:55.954 662-662/? I/hwservicemanager: Since android.hardware.atrace@1.0::IAtraceDevice/default is not registered, trying to start it as a lazy HAL.
2023-02-21 17:33:55.956 662-662/? I/hwservicemanager: Since android.hardware.atrace@1.0::IAtraceDevice/default is not registered, trying to start it as a lazy HAL.
2023-02-21 17:33:55.958 12171-12171/? I/HidlServiceManagement: getService: Trying again for android.hardware.atrace@1.0::IAtraceDevice/default...
2023-02-21 17:33:55.980 12175-12175/? I/HidlLazyUtils: Registering HAL: android.hardware.atrace@1.0::IAtraceDevice with name: default
2023-02-21 17:33:55.982 12175-12175/? I/HidlServiceManagement: Registered android.hardware.atrace@1.0::IAtraceDevice/default
2023-02-21 17:33:55.982 12175-12175/? I/HidlServiceManagement: Removing namespace from process name android.hardware.atrace@1.0-service.pixel to atrace@1.0-service.pixel.
2023-02-21 17:33:55.984 662-662/? I/hw-BpHwBinder: onLastStrongRef automatically unlinking death recipients
2023-02-21 17:33:55.981 12171-12171/? W/atrace: type=1400 audit(0.0:6165): avc: denied { write } for name="enable" dev="tracefs" ino=12710 scontext=u:r:shell:s0 tcontext=u:object_r:debugfs_tracing_debug:s0 tclass=file permissive=0
2023-02-21 17:33:55.981 12171-12171/? W/atrace: type=1400 audit(0.0:6166): avc: denied { write } for name="enable" dev="tracefs" ino=11104 scontext=u:r:shell:s0 tcontext=u:object_r:debugfs_tracing_debug:s0 tclass=file permissive=0
2023-02-21 17:33:55.988 12169-12169/? V/StudioTransport: Server listening on unix:@AndroidStudioTransport port:1
2023-02-21 17:33:56.745 2822-4382/? I/OSLOSERVICEPLUGIN: Bridge.java: Weather handler callback
2023-02-21 17:33:56.751 8836-11609/? W/ctxmgr: [AclManager] No 0 for (accnt=account#-517948760#, com.google.pixel.livewallpaper(10108):com.google.pixel.livewallpaper, vrsn=16798000, 3, 3pPkg = null ,  3pMdlId = null ,  pid = 2822 ,  featureId = null). Was: 2 for 31, account#-517948760# [CONTEXT service_id=47 ]
2023-02-21 17:33:56.752 2822-2822/? E/OSLOSERVICEPLUGIN: Bridge.java: Weather request failed: aod: 7503:
2023-02-21 17:33:56.939 11963-11974/? W/System: A resource failed to call close.
2023-02-21 17:33:57.006 2705-2705/? D/DLObserver: onReceive(); android.intent.action.BATTERY_CHANGED
2023-02-21 17:33:57.006 2705-2705/? D/DLObserver: plugged=1
2023-02-21 17:33:57.006 2705-2705/? D/PowerNotificationWarningsGoogleImpl: onReceive: android.intent.action.BATTERY_CHANGED
2023-02-21 17:33:57.006 2921-2921/? D/Oslo.StatusSensor: Received intent android.intent.action.BATTERY_CHANGED
2023-02-21 17:33:57.014 723-723/? D/qdlights: set_speaker_light_locked mode=0, colorRGB=FFFFFF00, onMS=0, offMS=0, rc=-2
2023-02-21 17:33:57.015 2705-2705/? D/BatteryInfoBroadcast: onReceive: android.intent.action.BATTERY_CHANGED isPowerSaveMode: false
2023-02-21 17:33:57.015 2705-2705/? D/BatteryDefenderNotification: isPlugged: true | isOverheated: false | defenderEnabled: false | isCharged: false
2023-02-21 17:33:57.017 2705-3683/? D/PowerUI: can't show warning due to - plugged: true status unknown: false
2023-02-21 17:33:57.020 2705-2705/? I/android_os_HwBinder: HwBinder: Starting thread pool for getting: vendor.google.google_battery@1.2::IGoogleBattery/default
2023-02-21 17:33:57.782 2822-4382/? I/OSLOSERVICEPLUGIN: Bridge.java: Weather handler callback
2023-02-21 17:33:57.788 8836-11691/? W/ctxmgr: [AclManager] No 0 for (accnt=account#-517948760#, com.google.pixel.livewallpaper(10108):com.google.pixel.livewallpaper, vrsn=16798000, 3, 3pPkg = null ,  3pMdlId = null ,  pid = 2822 ,  featureId = null). Was: 2 for 31, account#-517948760# [CONTEXT service_id=47 ]
2023-02-21 17:33:57.788 2822-2822/? E/OSLOSERVICEPLUGIN: Bridge.java: Weather request failed: aod: 7503:
2023-02-21 17:33:57.864 2705-2705/? W/TouchableRegionManager: onHeadsUpPinnedModeChanged
2023-02-21 17:33:57.866 2705-2705/? W/NotificationEntryMgr: While running New Pipeline: updateNotifications(reason=onHeadsUpStateChanged)
2023-02-21 17:33:57.891 2705-2705/? I/Elmyra/ElmyraService: Switching action from UnpinNotifications to SetupWizardAction
2023-02-21 17:33:57.891 2705-2705/? I/Elmyra/ElmyraService: Unblocked; current action: SetupWizardAction
2023-02-21 17:33:58.003 1394-1410/? D/rlsservice: MonitorDisplayStatus client num 1, display status 1, sensor status 1
2023-02-21 17:33:58.097 1975-2074/? I/DisplayDeviceRepository: Display device changed: DisplayDeviceInfo{"内置屏幕": uniqueId="local:4630946523002478721", 1440 x 3040, modeId 2, defaultModeId 1, supportedModes [{id=1, width=1440, height=3040, fps=60.000004, alternativeRefreshRates=[90.0]}, {id=2, width=1440, height=3040, fps=90.0, alternativeRefreshRates=[60.000004]}], colorMode 0, supportedColorModes [0, 7, 9], hdrCapabilities HdrCapabilities{mSupportedHdrTypes=[2, 3], mMaxLuminance=500.0, mMaxAverageLuminance=500.0, mMinLuminance=0.0}, allmSupported false, gameContentTypeSupported false, density 560, 537.882 x 539.972 dpi, appVsyncOff 2333333, presDeadline 11500000, touch INTERNAL, rotation 0, type INTERNAL, address {port=129, model=0x40446d53ad64a0}, deviceProductInfo DeviceProductInfo{name=, manufacturerPnpId=QCM, productId=1, modelYear=null, manufactureDate=ManufactureDate{week=27, year=2006}, connectionToSinkType=0}, state ON, frameRateOverride , brightnessMinimum 0.0, brightnessMaximum 1.0, brightnessDefault 0.38188976, roundedCorners RoundedCorners{[RoundedCorner{position=TopLeft, radius=157, center=Point(157, 157)}, RoundedCorner{position=TopRight, radius=157, center=Point(1283, 157)}, RoundedCorner{position=BottomRight, radius=157, center=Point(1283, 2883)}, RoundedCorner{position=BottomLeft, radius=157, center=Point(157, 2883)}]}, FLAG_ALLOWED_TO_BE_DEFAULT_DISPLAY, FLAG_ROTATES_WITH_CONTENT, FLAG_SECURE, FLAG_SUPPORTS_PROTECTED_BUFFERS, installOrientation 0}
2023-02-21 17:33:58.130 1380-1483/? I/CHRE: @ 114879.556: [AR] inconsistent: 41.176471
2023-02-21 17:33:58.131 1380-1483/? I/CHRE: @ 114879.556: [AR] transition: walking exit
2023-02-21 17:33:58.131 1380-1483/? I/CHRE: @ 114879.556: [AR] transition: still enter
2023-02-21 17:33:58.131 1380-1483/? I/CHRE: @ 114879.556: [AR] send to host, reason=2, sampleSize=3, transitionSize=2, lastAccelTime = 114876319, lastAudioTime = 0
2023-02-21 17:33:58.131 1380-1483/? I/CHRE: @ 114879.556: [NanoMinion] sent MSG Type 0x72, Version 0, 86 bytes, MessageId 96
2023-02-21 17:33:58.131 1361-1396/? D/ContextHubHal: Got message from nanoapp: ID 0x476f6f676c00100b
2023-02-21 17:33:58.142 1380-1483/? D/CHRE: @ 114879.568: Nanoapp list request from client ID 1
2023-02-21 17:33:58.142 1361-1396/? D/ContextHubHal: Got nanoapp list response with 14 apps
2023-02-21 17:33:58.147 1361-1396/? D/ContextHubHal: Got nanoapp list response with 14 apps
2023-02-21 17:33:58.147 1380-1483/? D/CHRE: @ 114879.571: Nanoapp list request from client ID 1
2023-02-21 17:33:58.151 1380-1483/? D/CHRE: @ 114879.576: Nanoapp list request from client ID 1
2023-02-21 17:33:58.152 1361-1396/? D/ContextHubHal: Got nanoapp list response with 14 apps
2023-02-21 17:33:58.156 1361-1396/? D/ContextHubHal: Got nanoapp list response with 14 apps
2023-02-21 17:33:58.156 1380-1483/? D/CHRE: @ 114879.581: Nanoapp list request from client ID 1
2023-02-21 17:33:58.160 1361-1396/? D/ContextHubHal: Got nanoapp list response with 14 apps
2023-02-21 17:33:58.160 1380-1483/? D/CHRE: @ 114879.585: Nanoapp list request from client ID 1
2023-02-21 17:33:58.162 1975-5029/? W/AppOps: Noting op not finished: uid 10132 pkg com.google.android.apps.scone code 79 startTime of in progress event=1676965282169
2023-02-21 17:33:58.183 1975-2583/? D/WifiConnectivityManager: PNO Scan Interval changed to 60000 ms.
2023-02-21 17:33:58.189 2994-2994/? D/GRIL-S: [0730]> UPDATE_SCONE_INFO Mobility:3 Battery:2 Thermal:0 Screen:1
2023-02-21 17:33:58.191 2994-3718/? D/GRIL-S: [0730]< UPDATE_SCONE_INFO
2023-02-21 17:33:58.224 25920-25935/? W/earchbox:search: Profile data size exceeds 500000 bytes. It has 548208 bytes.
2023-02-21 17:33:58.316 2705-2705/? D/CentralSurfaces: Received new disable state: enaihbcrso.qingr (unchanged)
2023-02-21 17:33:58.336 1975-2074/? I/DisplayDeviceRepository: Display device changed: DisplayDeviceInfo{"内置屏幕": uniqueId="local:4630946523002478721", 1440 x 3040, modeId 1, defaultModeId 1, supportedModes [{id=1, width=1440, height=3040, fps=60.000004, alternativeRefreshRates=[90.0]}, {id=2, width=1440, height=3040, fps=90.0, alternativeRefreshRates=[60.000004]}], colorMode 0, supportedColorModes [0, 7, 9], hdrCapabilities HdrCapabilities{mSupportedHdrTypes=[2, 3], mMaxLuminance=500.0, mMaxAverageLuminance=500.0, mMinLuminance=0.0}, allmSupported false, gameContentTypeSupported false, density 560, 537.882 x 539.972 dpi, appVsyncOff 2333332, presDeadline 11500000, touch INTERNAL, rotation 0, type INTERNAL, address {port=129, model=0x40446d53ad64a0}, deviceProductInfo DeviceProductInfo{name=, manufacturerPnpId=QCM, productId=1, modelYear=null, manufactureDate=ManufactureDate{week=27, year=2006}, connectionToSinkType=0}, state ON, frameRateOverride , brightnessMinimum 0.0, brightnessMaximum 1.0, brightnessDefault 0.38188976, roundedCorners RoundedCorners{[RoundedCorner{position=TopLeft, radius=157, center=Point(157, 157)}, RoundedCorner{position=TopRight, radius=157, center=Point(1283, 157)}, RoundedCorner{position=BottomRight, radius=157, center=Point(1283, 2883)}, RoundedCorner{position=BottomLeft, radius=157, center=Point(157, 2883)}]}, FLAG_ALLOWED_TO_BE_DEFAULT_DISPLAY, FLAG_ROTATES_WITH_CONTENT, FLAG_SECURE, FLAG_SUPPORTS_PROTECTED_BUFFERS, installOrientation 0}
2023-02-21 17:33:58.346 1380-1483/? D/CHRE: @ 114879.771: StationaryDetect
2023-02-21 17:33:58.466 1975-2591/? D/ConnectivityService: NetReassign [no changes] [c 0] [a 0] [i 2]
2023-02-21 17:33:58.812 2822-4382/? I/OSLOSERVICEPLUGIN: Bridge.java: Weather handler callback
2023-02-21 17:33:58.818 8836-11609/? W/ctxmgr: [AclManager] No 0 for (accnt=account#-517948760#, com.google.pixel.livewallpaper(10108):com.google.pixel.livewallpaper, vrsn=16798000, 3, 3pPkg = null ,  3pMdlId = null ,  pid = 2822 ,  featureId = null). Was: 2 for 31, account#-517948760# [CONTEXT service_id=47 ]
2023-02-21 17:33:58.820 2822-2822/? E/OSLOSERVICEPLUGIN: Bridge.java: Weather request failed: aod: 7503:
2023-02-21 17:33:59.838 6426-6860/? D/WorkerThreadMonitor: Kill MSF check result[ senderSize:0,sendInterval:351905,receiveInterval=21548,addCmdCount=119
2023-02-21 17:33:59.850 2822-4382/? I/OSLOSERVICEPLUGIN: Bridge.java: Weather handler callback
2023-02-21 17:33:59.855 8836-11691/? W/ctxmgr: [AclManager] No 0 for (accnt=account#-517948760#, com.google.pixel.livewallpaper(10108):com.google.pixel.livewallpaper, vrsn=16798000, 3, 3pPkg = null ,  3pMdlId = null ,  pid = 2822 ,  featureId = null). Was: 2 for 31, account#-517948760# [CONTEXT service_id=47 ]
2023-02-21 17:33:59.856 2822-2822/? E/OSLOSERVICEPLUGIN: Bridge.java: Weather request failed: aod: 7503:
2023-02-21 17:33:59.856 2822-2822/? I/OSLOSERVICEPLUGIN: Bridge.java: Failed to get the weather. Retrying again...
2023-02-21 17:33:59.971 1975-2205/? D/DisplayWhiteBalanceController: Display cct: 7089.517 Latest ambient cct: 7399.1953 Latest ambient lux: 188.61102 Latest low light bias: 1.0 Latest high light bias: 0.0
2023-02-21 17:33:59.971 1975-2205/? D/ColorDisplayService: setDisplayWhiteBalanceTemperatureMatrix: cct = 7089 matrix =
           0.928034-0.000244 0.000285 0.000000 0.008112 0.916472 0.000595 0.000000 0.000068-0.001552 0.999120 0.000000 0.000000 0.000000 0.000000 1.000000
2023-02-21 17:34:00.026 4139-4561/? I/AiAiEcho: Predicting[7]: { Feature:WEATHER, creation:2023-02-21T09:15:43Z, expiry:2023-02-21T10:00:00Z, isExpired: false}, { Feature:WEATHER, creation:2023-02-21T10:00:00Z, expiry:2023-02-21T11:00:00Z, isExpired: true}, { Feature:WEATHER, creation:2023-02-21T11:00:00Z, expiry:2023-02-21T12:00:00Z, isExpired: true}, { Feature:WEATHER, creation:2023-02-21T12:00:00Z, expiry:2023-02-21T13:00:00Z, isExpired: true}, { Feature:WEATHER, creation:2023-02-21T13:00:00Z, expiry:2023-02-21T14:00:00Z, isExpired: true}, { Feature:WEATHER, creation:2023-02-21T14:00:00Z, expiry:2023-02-21T15:00:00Z, isExpired: true}, { Feature:WEATHER, creation:2023-02-21T15:00:00Z, expiry:2023-02-21T15:15:43Z, isExpired: true}
2023-02-21 17:34:00.027 4139-4561/? I/AiAiEcho: Ranked targets strategy: WEIGHTED, count: 1, ranking metadata: { cardId: WEATHER-569377243, card type: WEATHER, update time: 2023-02-21T09:15:43Z, expiration time: 2023-02-21T10:00:00Z, ranking metadata: RankingMetaData(urgency=0.895, priority=0.3, recency=1.0, rankScore=0.2685, importantTimePoints=# jdp@7bca4) }
2023-02-21 17:34:00.031 4139-4561/? I/AiAiEcho: #postPredictionTargets: Sending updates to UISurface lockscreen with targets# 1
2023-02-21 17:34:00.031 4139-4561/? I/AiAiEcho: #postPredictionTargets: Sending updates to UISurface home with targets# 1
2023-02-21 17:34:00.032 4139-4561/? I/AiAiEcho: #postPredictionTargets: Sending updates to UISurface media_data_manager with targets# 0
2023-02-21 17:34:00.032 2705-2705/? W/BcSmartspaceCard: No title view to update
2023-02-21 17:34:00.032 2705-2705/? I/BcSmartspaceCard: setFormattedContentDescription: textView=SUBTITLE, text=4°C, iconDescription=以晴为主, contentDescription=以晴为主，4°C
2023-02-21 17:34:00.627 662-662/? I/hwservicemanager: Notifying android.hardware.atrace@1.0::IAtraceDevice/default they have clients: 1
2023-02-21 17:34:00.628 12175-12175/? I/HidlLazyUtils: Process has 1 (of 1 available) client(s) in use after notification android.hardware.atrace@1.0::IAtraceDevice/default has clients: 1
2023-02-21 17:34:00.887 2822-4382/? I/OSLOSERVICEPLUGIN: Bridge.java: Weather handler callback
2023-02-21 17:34:00.894 8836-11609/? W/ctxmgr: [AclManager] No 0 for (accnt=account#-517948760#, com.google.pixel.livewallpaper(10108):com.google.pixel.livewallpaper, vrsn=16798000, 3, 3pPkg = null ,  3pMdlId = null ,  pid = 2822 ,  featureId = null). Was: 2 for 31, account#-517948760# [CONTEXT service_id=47 ]
2023-02-21 17:34:00.894 2822-2822/? E/OSLOSERVICEPLUGIN: Bridge.java: Weather request failed: aod: 7503:
2023-02-21 17:34:01.331 1380-1483/? I/CHRE: @ 114882.757: [AR] walking: 77.254905
2023-02-21 17:34:01.331 1380-1483/? I/CHRE: @ 114882.757: [AR] transition: still exit
2023-02-21 17:34:01.331 1380-1483/? I/CHRE: @ 114882.757: [AR] transition: walking enter
2023-02-21 17:34:01.331 1380-1483/? I/CHRE: @ 114882.757: [AR] send to host, reason=2, sampleSize=1, transitionSize=2, lastAccelTime = 114879519, lastAudioTime = 0
2023-02-21 17:34:01.332 1380-1483/? I/CHRE: @ 114882.757: [NanoMinion] sent MSG Type 0x72, Version 0, 54 bytes, MessageId 97
2023-02-21 17:34:01.332 1361-1396/? D/ContextHubHal: Got message from nanoapp: ID 0x476f6f676c00100b
2023-02-21 17:34:01.337 6426-6842/? D/MemoryCeilingMonitor: [handleMemoryCalculate]
2023-02-21 17:34:01.338 6426-6842/? D/MemoryCeilingMonitor: [calculate] tot: 14047152, max: 268435456, free: 3659656, heap: 10387496, per: 0.03869643807411194
2023-02-21 17:34:01.343 1380-1483/? D/CHRE: @ 114882.769: Nanoapp list request from client ID 1
2023-02-21 17:34:01.343 1361-1396/? D/ContextHubHal: Got nanoapp list response with 14 apps
2023-02-21 17:34:01.348 1361-1396/? D/ContextHubHal: Got nanoapp list response with 14 apps
2023-02-21 17:34:01.349 1380-1483/? D/CHRE: @ 114882.772: Nanoapp list request from client ID 1
2023-02-21 17:34:01.351 1361-1396/? D/ContextHubHal: Got nanoapp list response with 14 apps
2023-02-21 17:34:01.352 1380-1483/? D/CHRE: @ 114882.777: Nanoapp list request from client ID 1
2023-02-21 17:34:01.354 1361-1396/? D/ContextHubHal: Got nanoapp list response with 14 apps
2023-02-21 17:34:01.354 1380-1483/? D/CHRE: @ 114882.780: Nanoapp list request from client ID 1
2023-02-21 17:34:01.357 1361-1396/? D/ContextHubHal: Got nanoapp list response with 14 apps
2023-02-21 17:34:01.357 1380-1483/? D/CHRE: @ 114882.783: Nanoapp list request from client ID 1
2023-02-21 17:34:01.360 1975-6148/? W/AppOps: Noting op not finished: uid 10132 pkg com.google.android.apps.scone code 79 startTime of in progress event=1676965282169
2023-02-21 17:34:01.374 1975-2583/? D/WifiConnectivityManager: PNO Scan Interval changed to 20000 ms.
2023-02-21 17:34:01.376 2994-2994/? D/GRIL-S: [0731]> UPDATE_SCONE_INFO Mobility:2 Battery:2 Thermal:0 Screen:1
2023-02-21 17:34:01.378 2994-3718/? D/GRIL-S: [0731]< UPDATE_SCONE_INFO
2023-02-21 17:34:01.441 3686-3694/? W/roid.apps.scone: Reducing the number of considered missed Gc histogram windows from 208 to 100
2023-02-21 17:34:01.487 1975-2591/? D/ConnectivityService: NetReassign [no changes] [c 1] [a 0] [i 2]
2023-02-21 17:34:02.183 2705-2776/? D/LocalImageResolver: Couldn't use ImageDecoder for drawable, falling back to non-resized load.
2023-02-21 17:34:02.184 2705-2776/? D/LocalImageResolver: Couldn't use ImageDecoder for drawable, falling back to non-resized load.
2023-02-21 17:34:02.193 2705-2776/? D/LocalImageResolver: Couldn't use ImageDecoder for drawable, falling back to non-resized load.
2023-02-21 17:34:02.205 2705-2776/? D/LocalImageResolver: Couldn't use ImageDecoder for drawable, falling back to non-resized load.
2023-02-21 17:34:02.238 2705-2705/? D/LocalImageResolver: Couldn't use ImageDecoder for drawable, falling back to non-resized load.
2023-02-21 17:34:02.993 1975-2074/? D/ColorDisplayService: DisplayWhiteBalanceTintController Animation cancelled: false to matrix:
           0.928034-0.000244 0.000285 0.000000 0.008112 0.916472 0.000595 0.000000 0.000068-0.001552 0.999120 0.000000 0.000000 0.000000 0.000000 1.000000 min matrix coefficients:
           0.928034-0.000271 0.000262 0.000000 0.008112 0.916472 0.000556 0.000000 0.000068-0.001552 0.999120 0.000000 0.000000 0.000000 0.000000 1.000000 max matrix coefficients:
           0.934037 0.000000 0.000285 0.000000 0.009037 0.921158 0.000595 0.000000 0.000093 0.000000 0.999182 0.000000 0.000000 0.000000 0.000000 1.000000
2023-02-21 17:34:03.638 1337-1382/? W/doh::connection: Connection driver returns some Err: Closed
2023-02-21 17:34:04.301 7369-7425/? I/bluetooth: packages/modules/Bluetooth/system/gd/hci/le_address_manager.cc:526 OnCommandComplete: Received command complete with op_code LE_SET_RANDOM_ADDRESS
2023-02-21 17:34:04.301 7369-7425/? I/bluetooth: packages/modules/Bluetooth/system/gd/hci/le_address_manager.cc:545 OnCommandComplete: update random address : 7c:22:dc:55:d5:67
2023-02-21 17:34:04.497 1975-2591/? D/ConnectivityService: NetReassign [no changes] [c 0] [a 0] [i 3]
2023-02-21 17:34:04.532 1361-1396/? D/ContextHubHal: Got message from nanoapp: ID 0x476f6f676c00100b
2023-02-21 17:34:04.532 1380-1483/? I/CHRE: @ 114885.957: [AR] inconsistent: 41.176471
2023-02-21 17:34:04.532 1380-1483/? I/CHRE: @ 114885.957: [AR] transition: walking exit
2023-02-21 17:34:04.532 1380-1483/? I/CHRE: @ 114885.957: [AR] transition: still enter
2023-02-21 17:34:04.532 1380-1483/? I/CHRE: @ 114885.957: [AR] send to host, reason=2, sampleSize=1, transitionSize=2, lastAccelTime = 114882719, lastAudioTime = 0
2023-02-21 17:34:04.532 1380-1483/? I/CHRE: @ 114885.957: [NanoMinion] sent MSG Type 0x72, Version 0, 54 bytes, MessageId 98
2023-02-21 17:34:04.542 1380-1483/? D/CHRE: @ 114885.967: Nanoapp list request from client ID 1
2023-02-21 17:34:04.542 1361-1396/? D/ContextHubHal: Got nanoapp list response with 14 apps
2023-02-21 17:34:04.546 1361-1396/? D/ContextHubHal: Got nanoapp list response with 14 apps
2023-02-21 17:34:04.546 1380-1483/? D/CHRE: @ 114885.971: Nanoapp list request from client ID 1
2023-02-21 17:34:04.550 1380-1483/? D/CHRE: @ 114885.975: Nanoapp list request from client ID 1
2023-02-21 17:34:04.550 1361-1396/? D/ContextHubHal: Got nanoapp list response with 14 apps
2023-02-21 17:34:04.553 1361-1396/? D/ContextHubHal: Got nanoapp list response with 14 apps
2023-02-21 17:34:04.553 1380-1483/? D/CHRE: @ 114885.978: Nanoapp list request from client ID 1
2023-02-21 17:34:04.556 1361-1396/? D/ContextHubHal: Got nanoapp list response with 14 apps
2023-02-21 17:34:04.556 1380-1483/? D/CHRE: @ 114885.981: Nanoapp list request from client ID 1
2023-02-21 17:34:04.559 1975-6150/? W/AppOps: Noting op not finished: uid 10132 pkg com.google.android.apps.scone code 79 startTime of in progress event=1676965282169
2023-02-21 17:34:04.575 1975-2583/? D/WifiConnectivityManager: PNO Scan Interval changed to 60000 ms.
2023-02-21 17:34:04.579 2994-2994/? D/GRIL-S: [0732]> UPDATE_SCONE_INFO Mobility:3 Battery:2 Thermal:0 Screen:1
2023-02-21 17:34:04.581 2994-3718/? D/GRIL-S: [0732]< UPDATE_SCONE_INFO
2023-02-21 17:34:05.627 662-662/? I/hwservicemanager: Notifying android.hardware.atrace@1.0::IAtraceDevice/default they have clients: 0
2023-02-21 17:34:05.628 12175-12175/? I/HidlLazyUtils: Process has 0 (of 1 available) client(s) in use after notification android.hardware.atrace@1.0::IAtraceDevice/default has clients: 0
2023-02-21 17:34:05.628 12175-12175/? I/HidlLazyUtils: Trying to exit HAL. No clients in use for any service in process.
2023-02-21 17:34:05.629 662-662/? I/hw-BpHwBinder: onLastStrongRef automatically unlinking death recipients
2023-02-21 17:34:05.630 662-662/? I/hw-BpHwBinder: onLastStrongRef automatically unlinking death recipients
2023-02-21 17:34:05.630 12175-12175/? I/HidlLazyUtils: Unregistered all clients and exiting
2023-02-21 17:34:05.904 2822-4382/? I/OSLOSERVICEPLUGIN: Bridge.java: Weather handler callback
2023-02-21 17:34:05.911 8836-11946/? W/ctxmgr: [AclManager] No 0 for (accnt=account#-517948760#, com.google.pixel.livewallpaper(10108):com.google.pixel.livewallpaper, vrsn=16798000, 3, 3pPkg = null ,  3pMdlId = null ,  pid = 2822 ,  featureId = null). Was: 2 for 31, account#-517948760# [CONTEXT service_id=47 ]
2023-02-21 17:34:05.912 2822-2822/? E/OSLOSERVICEPLUGIN: Bridge.java: Weather request failed: aod: 7503:
2023-02-21 17:34:07.528 1975-2591/? D/ConnectivityService: NetReassign [no changes] [c 0] [a 0] [i 3]
2023-02-21 17:34:10.304 1361-1396/? D/ContextHubHal: Got message from nanoapp: ID 0x476f6f676c001016
2023-02-21 17:34:10.313 1404-1404/? I/vendor.google.wifi_ext@1.0-service-vendor: Wifi: Reseting SAR Scenario to default
2023-02-21 17:34:10.315 2994-2994/? D/GRIL-S: [0733]> UPDATE_DEVICE_STATE DeviceState: Usb:1, Wifi: 1, Wifi AP: 0, Earpiece: 0, Bluetooth: 0, Wireless charging: 0, Screen: 1, Camera: 0, 0, 0, -, Motion: 0, Bluetooth tethering: 0, Voice: 0, Wifi 2.4G: 0, Radio: 1, Bluetooth connected: 0, Bluetooth media: 0, Wifi Band: 2, Wifi AP Band: 0, Wifi call: 0, mmWave: 0, mCellBackhaul: 0, mHallSensor: 0
2023-02-21 17:34:10.316 2994-3718/? D/GRIL-S: [0733]< UPDATE_DEVICE_STATE
2023-02-21 17:34:10.546 2976-3897/? D/QCNEJ/WlanStaInfoRelay: Received action: android.net.wifi.RSSI_CHANGED
2023-02-21 17:34:10.552 3686-3715/? D/DeviceStateHelper: Wifi freq: 5180
2023-02-21 17:34:10.561 8836-8850/? I/ChimeraSrvcProxy: NullBinder for android.net.action.RECOMMEND_NETWORKS triggering remote TransactionTooLargeException due to Service without Chimera impl
2023-02-21 17:34:10.561 16310-16357/? I/CarrierServices: [48] cfy.c: Connected state: [1], networkType: [WIFI]
2023-02-21 17:34:10.561 3022-3545/? E/PhoneInterfaceManager: [PhoneIntfMgr] getCarrierPrivilegeStatusForUid: Invalid subId
2023-02-21 17:34:10.565 1975-2591/? D/ConnectivityService: NetReassign [no changes] [c 0] [a 0] [i 2]
2023-02-21 17:34:10.565 8836-8850/? W/.gms.persistent: Large reply transaction of 1056768 bytes, interface descriptor , code 1
2023-02-21 17:34:10.570 16310-16356/? I/CarrierServices: [47] cvv.f: No RCS Configuration was found in Bugle for simID: redacted-pii:sim_id[chars:12]
2023-02-21 17:34:10.920 2822-4382/? I/OSLOSERVICEPLUGIN: Bridge.java: Weather handler callback
